[pod/gateway-fd59d8695-kjstg/gateway] {"time":"2026-10-05T07:37:44.956448988Z","level":"INFO","msg":"service started","role":"gateway","fault_tolerant":false}
[pod/gateway-fd59d8695-kjstg/gateway] {"time":"2026-10-05T07:38:28.772777435Z","level":"INFO","msg":"request","role":"gateway","method":"POST","path":"/api/faults","status":200,"duration_ms":2}
[pod/gateway-fd59d8695-kjstg/gateway] {"time":"2026-10-05T07:38:28.774373521Z","level":"INFO","msg":"request","role":"gateway","method":"POST","path":"/api/faults","status":200,"duration_ms":0}
[pod/gateway-fd59d8695-kjstg/gateway] {"time":"2026-10-05T07:38:28.77560618Z","level":"INFO","msg":"request","role":"gateway","method":"POST","path":"/api/faults","status":200,"duration_ms":0}
[pod/gateway-fd59d8695-kjstg/gateway] {"time":"2026-10-05T07:38:28.779013235Z","level":"INFO","msg":"request","role":"gateway","method":"POST","path":"/api/students","status":201,"duration_ms":3}
[pod/gateway-fd59d8695-kjstg/gateway] {"time":"2026-10-05T07:38:28.787505562Z","level":"INFO","msg":"request","role":"gateway","method":"POST","path":"/api/payments","status":201,"duration_ms":8}
[pod/gateway-fd59d8695-kjstg/gateway] {"time":"2026-10-05T07:38:28.794191249Z","level":"INFO","msg":"request","role":"gateway","method":"POST","path":"/api/grades","status":200,"duration_ms":6}
[pod/gateway-fd59d8695-kjstg/gateway] {"time":"2026-10-05T07:38:28.796585359Z","level":"INFO","msg":"request","role":"gateway","method":"GET","path":"/api/payments","status":200,"duration_ms":1}
[pod/gateway-fd59d8695-kjstg/gateway] {"time":"2026-10-05T07:38:28.797968279Z","level":"INFO","msg":"request","role":"gateway","method":"GET","path":"/api/payments","status":200,"duration_ms":0}
[pod/gateway-fd59d8695-kjstg/gateway] {"time":"2026-10-05T07:38:28.799219454Z","level":"INFO","msg":"request","role":"gateway","method":"GET","path":"/api/payments","status":200,"duration_ms":0}
[pod/gateway-fd59d8695-kjstg/gateway] {"time":"2026-10-05T07:38:28.80048606Z","level":"INFO","msg":"request","role":"gateway","method":"GET","path":"/api/payments","status":200,"duration_ms":0}
[pod/gateway-fd59d8695-kjstg/gateway] {"time":"2026-10-05T07:38:28.801718622Z","level":"INFO","msg":"request","role":"gateway","method":"GET","path":"/api/payments","status":200,"duration_ms":0}
[pod/gateway-fd59d8695-kjstg/gateway] {"time":"2026-10-05T07:38:28.802918017Z","level":"INFO","msg":"request","role":"gateway","method":"GET","path":"/api/payments","status":200,"duration_ms":0}
[pod/gateway-fd59d8695-kjstg/gateway] {"time":"2026-10-05T07:38:28.804106361Z","level":"INFO","msg":"request","role":"gateway","method":"GET","path":"/api/payments","status":200,"duration_ms":0}
[pod/gateway-fd59d8695-kjstg/gateway] {"time":"2026-10-05T07:38:28.805208941Z","level":"INFO","msg":"request","role":"gateway","method":"GET","path":"/api/payments","status":200,"duration_ms":0}
[pod/gateway-fd59d8695-kjstg/gateway] {"time":"2026-10-05T07:38:28.80622911Z","level":"INFO","msg":"request","role":"gateway","method":"GET","path":"/api/payments","status":200,"duration_ms":0}
[pod/gateway-fd59d8695-kjstg/gateway] {"time":"2026-10-05T07:38:28.807175255Z","level":"INFO","msg":"request","role":"gateway","method":"GET","path":"/api/payments","status":200,"duration_ms":0}
[pod/gateway-fd59d8695-kjstg/gateway] {"time":"2026-10-05T07:38:28.808169331Z","level":"INFO","msg":"request","role":"gateway","method":"GET","path":"/api/payments","status":200,"duration_ms":0}
[pod/gateway-fd59d8695-kjstg/gateway] {"time":"2026-10-05T07:38:28.80973267Z","level":"INFO","msg":"request","role":"gateway","method":"GET","path":"/api/payments","status":200,"duration_ms":0}
[pod/gateway-fd59d8695-kjstg/gateway] {"time":"2026-10-05T07:38:28.811606009Z","level":"INFO","msg":"request","role":"gateway","method":"GET","path":"/api/payments","status":200,"duration_ms":0}
[pod/gateway-fd59d8695-kjstg/gateway] {"time":"2026-10-05T07:38:29.06655286Z","level":"INFO","msg":"request","role":"gateway","method":"GET","path":"/api/payments","status":200,"duration_ms":2}
[pod/gateway-fd59d8695-kjstg/gateway] {"time":"2026-10-05T07:38:29.319615347Z","level":"INFO","msg":"request","role":"gateway","method":"GET","path":"/api/payments","status":200,"duration_ms":1}
[pod/gateway-fd59d8695-kjstg/gateway] {"time":"2026-10-05T07:38:29.574284196Z","level":"INFO","msg":"request","role":"gateway","method":"GET","path":"/api/payments","status":200,"duration_ms":2}
[pod/gateway-fd59d8695-kjstg/gateway] {"time":"2026-10-05T07:38:29.829289319Z","level":"INFO","msg":"request","role":"gateway","method":"GET","path":"/api/payments","status":200,"duration_ms":2}
[pod/gateway-fd59d8695-kjstg/gateway] {"time":"2026-10-05T07:38:30.084193671Z","level":"INFO","msg":"request","role":"gateway","method":"GET","path":"/api/payments","status":200,"duration_ms":2}
[pod/gateway-fd59d8695-kjstg/gateway] {"time":"2026-10-05T07:38:30.338627968Z","level":"INFO","msg":"request","role":"gateway","method":"GET","path":"/api/payments","status":200,"duration_ms":2}
[pod/gateway-fd59d8695-kjstg/gateway] {"time":"2026-10-05T07:38:30.593884553Z","level":"INFO","msg":"request","role":"gateway","method":"GET","path":"/api/payments","status":200,"duration_ms":2}
[pod/gateway-fd59d8695-kjstg/gateway] {"time":"2026-10-05T07:38:30.848957912Z","level":"INFO","msg":"request","role":"gateway","method":"GET","path":"/api/payments","status":200,"duration_ms":2}
[pod/gateway-fd59d8695-kjstg/gateway] {"time":"2026-10-05T07:38:31.10504083Z","level":"INFO","msg":"request","role":"gateway","method":"GET","path":"/api/payments","status":200,"duration_ms":2}
[pod/gateway-fd59d8695-kjstg/gateway] {"time":"2026-10-05T07:38:31.358235792Z","level":"INFO","msg":"request","role":"gateway","method":"GET","path":"/api/payments","status":200,"duration_ms":1}
[pod/gateway-fd59d8695-kjstg/gateway] {"time":"2026-10-05T07:38:31.61099581Z","level":"INFO","msg":"request","role":"gateway","method":"GET","path":"/api/payments","status":200,"duration_ms":1}
[pod/gateway-fd59d8695-kjstg/gateway] {"time":"2026-10-05T07:38:31.865562833Z","level":"INFO","msg":"request","role":"gateway","method":"GET","path":"/api/payments","status":200,"duration_ms":2}
[pod/gateway-fd59d8695-kjstg/gateway] {"time":"2026-10-05T07:38:31.890988111Z","level":"INFO","msg":"request","role":"gateway","method":"POST","path":"/api/payments","status":503,"duration_ms":4}
[pod/gateway-fd59d8695-kjstg/gateway] {"time":"2026-10-05T07:38:31.900012534Z","level":"INFO","msg":"request","role":"gateway","method":"GET","path":"/api/audit","status":200,"duration_ms":7}
[pod/gateway-fd59d8695-kjstg/gateway] {"time":"2026-10-05T07:38:32.118491278Z","level":"INFO","msg":"request","role":"gateway","method":"GET","path":"/api/payments","status":200,"duration_ms":1}
[pod/gateway-fd59d8695-kjstg/gateway] {"time":"2026-10-05T07:38:32.3707378Z","level":"INFO","msg":"request","role":"gateway","method":"GET","path":"/api/payments","status":200,"duration_ms":1}
[pod/gateway-fd59d8695-kjstg/gateway] {"time":"2026-10-05T07:38:32.624411531Z","level":"INFO","msg":"request","role":"gateway","method":"GET","path":"/api/payments","status":200,"duration_ms":1}
[pod/gateway-fd59d8695-kjstg/gateway] {"time":"2026-10-05T07:38:32.880061794Z","level":"INFO","msg":"request","role":"gateway","method":"GET","path":"/api/payments","status":200,"duration_ms":2}
[pod/gateway-fd59d8695-kjstg/gateway] {"time":"2026-10-05T07:38:33.135792711Z","level":"INFO","msg":"request","role":"gateway","method":"GET","path":"/api/payments","status":200,"duration_ms":3}
[pod/gateway-fd59d8695-kjstg/gateway] {"time":"2026-10-05T07:38:33.390470059Z","level":"INFO","msg":"request","role":"gateway","method":"GET","path":"/api/payments","status":200,"duration_ms":2}
[pod/gateway-fd59d8695-kjstg/gateway] {"time":"2026-10-05T07:38:33.643924697Z","level":"INFO","msg":"request","role":"gateway","method":"GET","path":"/api/payments","status":200,"duration_ms":1}
[pod/gateway-fd59d8695-kjstg/gateway] {"time":"2026-10-05T07:38:33.898764141Z","level":"INFO","msg":"request","role":"gateway","method":"GET","path":"/api/payments","status":200,"duration_ms":2}
[pod/gateway-fd59d8695-kjstg/gateway] {"time":"2026-10-05T07:38:34.155163028Z","level":"INFO","msg":"request","role":"gateway","method":"GET","path":"/api/payments","status":200,"duration_ms":3}
[pod/gateway-fd59d8695-kjstg/gateway] {"time":"2026-10-05T07:38:34.409336503Z","level":"INFO","msg":"request","role":"gateway","method":"GET","path":"/api/payments","status":200,"duration_ms":2}
[pod/gateway-fd59d8695-kjstg/gateway] {"time":"2026-10-05T07:38:34.664193304Z","level":"INFO","msg":"request","role":"gateway","method":"GET","path":"/api/payments","status":200,"duration_ms":2}
[pod/gateway-fd59d8695-kjstg/gateway] {"time":"2026-10-05T07:38:34.91916581Z","level":"INFO","msg":"request","role":"gateway","method":"GET","path":"/api/payments","status":200,"duration_ms":2}
[pod/gateway-fd59d8695-kjstg/gateway] {"time":"2026-10-05T07:38:35.174423196Z","level":"INFO","msg":"request","role":"gateway","method":"GET","path":"/api/payments","status":200,"duration_ms":2}
[pod/gateway-fd59d8695-kjstg/gateway] {"time":"2026-10-05T07:38:35.427378407Z","level":"INFO","msg":"request","role":"gateway","method":"GET","path":"/api/payments","status":200,"duration_ms":1}
[pod/gateway-fd59d8695-kjstg/gateway] {"time":"2026-10-05T07:38:35.679728676Z","level":"INFO","msg":"request","role":"gateway","method":"GET","path":"/api/payments","status":200,"duration_ms":1}
[pod/gateway-fd59d8695-kjstg/gateway] {"time":"2026-10-05T07:38:35.911247603Z","level":"INFO","msg":"request","role":"gateway","method":"POST","path":"/api/payments","status":201,"duration_ms":8}
[pod/gateway-fd59d8695-kjstg/gateway] {"time":"2026-10-05T07:38:35.934253151Z","level":"INFO","msg":"request","role":"gateway","method":"GET","path":"/api/payments","status":200,"duration_ms":2}
[pod/gateway-fd59d8695-kjstg/gateway] {"time":"2026-10-05T07:38:36.189504281Z","level":"INFO","msg":"request","role":"gateway","method":"GET","path":"/api/payments","status":200,"duration_ms":2}
[pod/gateway-fd59d8695-kjstg/gateway] {"time":"2026-10-05T07:38:36.443346387Z","level":"INFO","msg":"request","role":"gateway","method":"GET","path":"/api/payments","status":200,"duration_ms":2}
[pod/gateway-fd59d8695-kjstg/gateway] {"time":"2026-10-05T07:38:36.69929217Z","level":"INFO","msg":"request","role":"gateway","method":"GET","path":"/api/payments","status":200,"duration_ms":3}
[pod/gateway-fd59d8695-kjstg/gateway] {"time":"2026-10-05T07:38:36.952780476Z","level":"INFO","msg":"request","role":"gateway","method":"GET","path":"/api/payments","status":200,"duration_ms":1}
[pod/gateway-fd59d8695-kjstg/gateway] {"time":"2026-10-05T07:38:37.205838644Z","level":"INFO","msg":"request","role":"gateway","method":"GET","path":"/api/payments","status":200,"duration_ms":1}
[pod/gateway-fd59d8695-kjstg/gateway] {"time":"2026-10-05T07:38:37.459083654Z","level":"INFO","msg":"request","role":"gateway","method":"GET","path":"/api/payments","status":200,"duration_ms":1}
[pod/gateway-fd59d8695-kjstg/gateway] {"time":"2026-10-05T07:38:37.714051107Z","level":"INFO","msg":"request","role":"gateway","method":"GET","path":"/api/payments","status":200,"duration_ms":2}
[pod/gateway-fd59d8695-kjstg/gateway] {"time":"2026-10-05T07:38:37.970003174Z","level":"INFO","msg":"request","role":"gateway","method":"GET","path":"/api/payments","status":200,"duration_ms":2}
[pod/gateway-fd59d8695-kjstg/gateway] {"time":"2026-10-05T07:38:38.224730994Z","level":"INFO","msg":"request","role":"gateway","method":"GET","path":"/api/payments","status":200,"duration_ms":2}
[pod/gateway-fd59d8695-kjstg/gateway] {"time":"2026-10-05T07:38:38.479567612Z","level":"INFO","msg":"request","role":"gateway","method":"GET","path":"/api/payments","status":200,"duration_ms":2}
[pod/gateway-fd59d8695-kjstg/gateway] {"time":"2026-10-05T07:38:38.734023176Z","level":"INFO","msg":"request","role":"gateway","method":"GET","path":"/api/payments","status":200,"duration_ms":2}
[pod/gateway-fd59d8695-kjstg/gateway] {"time":"2026-10-05T07:38:38.989564175Z","level":"INFO","msg":"request","role":"gateway","method":"GET","path":"/api/payments","status":200,"duration_ms":2}
[pod/gateway-fd59d8695-kjstg/gateway] {"time":"2026-10-05T07:38:39.244493861Z","level":"INFO","msg":"request","role":"gateway","method":"GET","path":"/api/payments","status":200,"duration_ms":2}
[pod/gateway-fd59d8695-kjstg/gateway] {"time":"2026-10-05T07:38:39.498906442Z","level":"INFO","msg":"request","role":"gateway","method":"GET","path":"/api/payments","status":200,"duration_ms":2}
[pod/gateway-fd59d8695-kjstg/gateway] {"time":"2026-10-05T07:38:39.753482548Z","level":"INFO","msg":"request","role":"gateway","method":"GET","path":"/api/payments","status":200,"duration_ms":1}
[pod/gateway-fd59d8695-kjstg/gateway] {"time":"2026-10-05T07:38:40.009313213Z","level":"INFO","msg":"request","role":"gateway","method":"GET","path":"/api/payments","status":200,"duration_ms":2}
[pod/gateway-fd59d8695-kjstg/gateway] {"time":"2026-10-05T07:38:40.264836707Z","level":"INFO","msg":"request","role":"gateway","method":"GET","path":"/api/payments","status":200,"duration_ms":2}
[pod/gateway-fd59d8695-kjstg/gateway] {"time":"2026-10-05T07:38:40.518036128Z","level":"INFO","msg":"request","role":"gateway","method":"GET","path":"/api/payments","status":200,"duration_ms":1}
[pod/gateway-fd59d8695-kjstg/gateway] {"time":"2026-10-05T07:38:40.773232611Z","level":"INFO","msg":"request","role":"gateway","method":"GET","path":"/api/payments","status":200,"duration_ms":2}
[pod/gateway-fd59d8695-kjstg/gateway] {"time":"2026-10-05T07:38:41.027588462Z","level":"INFO","msg":"request","role":"gateway","method":"GET","path":"/api/payments","status":200,"duration_ms":1}
[pod/gateway-fd59d8695-kjstg/gateway] {"time":"2026-10-05T07:38:41.281728575Z","level":"INFO","msg":"request","role":"gateway","method":"GET","path":"/api/payments","status":200,"duration_ms":2}
[pod/gateway-fd59d8695-kjstg/gateway] {"time":"2026-10-05T07:38:41.5356997Z","level":"INFO","msg":"request","role":"gateway","method":"GET","path":"/api/payments","status":200,"duration_ms":1}
[pod/gateway-fd59d8695-kjstg/gateway] {"time":"2026-10-05T07:38:41.790264037Z","level":"INFO","msg":"request","role":"gateway","method":"GET","path":"/api/payments","status":200,"duration_ms":2}
[pod/gateway-fd59d8695-kjstg/gateway] {"time":"2026-10-05T07:38:42.045755776Z","level":"INFO","msg":"request","role":"gateway","method":"GET","path":"/api/payments","status":200,"duration_ms":2}
[pod/gateway-fd59d8695-kjstg/gateway] {"time":"2026-10-05T07:38:42.300555074Z","level":"INFO","msg":"request","role":"gateway","method":"GET","path":"/api/payments","status":200,"duration_ms":1}
[pod/gateway-fd59d8695-kjstg/gateway] {"time":"2026-10-05T07:38:42.553928735Z","level":"INFO","msg":"request","role":"gateway","method":"GET","path":"/api/payments","status":200,"duration_ms":1}
[pod/gateway-fd59d8695-kjstg/gateway] {"time":"2026-10-05T07:38:42.807671335Z","level":"INFO","msg":"request","role":"gateway","method":"GET","path":"/api/payments","status":200,"duration_ms":1}
[pod/gateway-fd59d8695-kjstg/gateway] {"time":"2026-10-05T07:38:43.06281742Z","level":"INFO","msg":"request","role":"gateway","method":"GET","path":"/api/payments","status":200,"duration_ms":2}
[pod/gateway-fd59d8695-kjstg/gateway] {"time":"2026-10-05T07:38:43.318489287Z","level":"INFO","msg":"request","role":"gateway","method":"GET","path":"/api/payments","status":200,"duration_ms":2}
[pod/gateway-fd59d8695-kjstg/gateway] {"time":"2026-10-05T07:38:43.572395132Z","level":"INFO","msg":"request","role":"gateway","method":"GET","path":"/api/payments","status":200,"duration_ms":1}
[pod/gateway-fd59d8695-kjstg/gateway] {"time":"2026-10-05T07:38:43.825834911Z","level":"INFO","msg":"request","role":"gateway","method":"GET","path":"/api/payments","status":200,"duration_ms":1}
[pod/gateway-fd59d8695-kjstg/gateway] {"time":"2026-10-05T07:38:44.077725473Z","level":"INFO","msg":"request","role":"gateway","method":"GET","path":"/api/payments","status":200,"duration_ms":0}
[pod/gateway-fd59d8695-kjstg/gateway] {"time":"2026-10-05T07:38:44.332609315Z","level":"INFO","msg":"request","role":"gateway","method":"GET","path":"/api/payments","status":200,"duration_ms":2}
[pod/gateway-fd59d8695-kjstg/gateway] {"time":"2026-10-05T07:38:44.58688494Z","level":"INFO","msg":"request","role":"gateway","method":"GET","path":"/api/payments","status":200,"duration_ms":2}
[pod/gateway-fd59d8695-kjstg/gateway] {"time":"2026-10-05T07:38:44.841759824Z","level":"INFO","msg":"request","role":"gateway","method":"GET","path":"/api/payments","status":200,"duration_ms":2}
[pod/gateway-fd59d8695-kjstg/gateway] {"time":"2026-10-05T07:38:45.097325094Z","level":"INFO","msg":"request","role":"gateway","method":"GET","path":"/api/payments","status":200,"duration_ms":2}
[pod/gateway-fd59d8695-kjstg/gateway] {"time":"2026-10-05T07:38:45.352357768Z","level":"INFO","msg":"request","role":"gateway","method":"GET","path":"/api/payments","status":200,"duration_ms":2}
[pod/gateway-fd59d8695-kjstg/gateway] {"time":"2026-10-05T07:38:45.607745091Z","level":"INFO","msg":"request","role":"gateway","method":"GET","path":"/api/payments","status":200,"duration_ms":2}
[pod/gateway-fd59d8695-kjstg/gateway] {"time":"2026-10-05T07:38:45.862895788Z","level":"INFO","msg":"request","role":"gateway","method":"GET","path":"/api/payments","status":200,"duration_ms":2}
[pod/gateway-fd59d8695-kjstg/gateway] {"time":"2026-10-05T07:38:46.118071324Z","level":"INFO","msg":"request","role":"gateway","method":"GET","path":"/api/payments","status":200,"duration_ms":2}
[pod/gateway-fd59d8695-kjstg/gateway] {"time":"2026-10-05T07:38:46.374210287Z","level":"INFO","msg":"request","role":"gateway","method":"GET","path":"/api/payments","status":200,"duration_ms":3}
[pod/gateway-fd59d8695-kjstg/gateway] {"time":"2026-10-05T07:38:46.62860707Z","level":"INFO","msg":"request","role":"gateway","method":"GET","path":"/api/payments","status":200,"duration_ms":2}
[pod/gateway-fd59d8695-kjstg/gateway] {"time":"2026-10-05T07:38:46.883440693Z","level":"INFO","msg":"request","role":"gateway","method":"GET","path":"/api/payments","status":200,"duration_ms":2}
[pod/gateway-fd59d8695-kjstg/gateway] {"time":"2026-10-05T07:38:47.136760507Z","level":"INFO","msg":"request","role":"gateway","method":"GET","path":"/api/payments","status":200,"duration_ms":1}
[pod/gateway-fd59d8695-kjstg/gateway] {"time":"2026-10-05T07:38:47.391619436Z","level":"INFO","msg":"request","role":"gateway","method":"GET","path":"/api/payments","status":200,"duration_ms":2}
[pod/gateway-fd59d8695-kjstg/gateway] {"time":"2026-10-05T07:38:47.644358312Z","level":"INFO","msg":"request","role":"gateway","method":"GET","path":"/api/payments","status":200,"duration_ms":1}
[pod/gateway-fd59d8695-kjstg/gateway] {"time":"2026-10-05T07:38:47.898779966Z","level":"INFO","msg":"request","role":"gateway","method":"GET","path":"/api/payments","status":200,"duration_ms":2}
[pod/gateway-fd59d8695-kjstg/gateway] {"time":"2026-10-05T07:38:48.15386973Z","level":"INFO","msg":"request","role":"gateway","method":"GET","path":"/api/payments","status":200,"duration_ms":2}
[pod/gateway-fd59d8695-kjstg/gateway] {"time":"2026-10-05T07:38:48.408227701Z","level":"INFO","msg":"request","role":"gateway","method":"GET","path":"/api/payments","status":200,"duration_ms":1}
[pod/gateway-fd59d8695-kjstg/gateway] {"time":"2026-10-05T07:38:48.662462293Z","level":"INFO","msg":"request","role":"gateway","method":"GET","path":"/api/payments","status":200,"duration_ms":2}
[pod/gateway-fd59d8695-kjstg/gateway] {"time":"2026-10-05T07:38:48.918122619Z","level":"INFO","msg":"request","role":"gateway","method":"GET","path":"/api/payments","status":200,"duration_ms":2}
[pod/gateway-fd59d8695-kjstg/gateway] {"time":"2026-10-05T07:38:49.173340015Z","level":"INFO","msg":"request","role":"gateway","method":"GET","path":"/api/payments","status":200,"duration_ms":2}
[pod/gateway-fd59d8695-kjstg/gateway] {"time":"2026-10-05T07:38:49.425553864Z","level":"INFO","msg":"request","role":"gateway","method":"GET","path":"/api/payments","status":200,"duration_ms":0}
[pod/gateway-fd59d8695-kjstg/gateway] {"time":"2026-10-05T07:38:49.678876138Z","level":"INFO","msg":"request","role":"gateway","method":"GET","path":"/api/payments","status":200,"duration_ms":1}
[pod/gateway-fd59d8695-kjstg/gateway] {"time":"2026-10-05T07:38:49.932843837Z","level":"INFO","msg":"request","role":"gateway","method":"GET","path":"/api/payments","status":200,"duration_ms":1}
[pod/gateway-fd59d8695-kjstg/gateway] {"time":"2026-10-05T07:38:50.187322948Z","level":"INFO","msg":"request","role":"gateway","method":"GET","path":"/api/payments","status":200,"duration_ms":2}
[pod/gateway-fd59d8695-kjstg/gateway] {"time":"2026-10-05T07:38:50.440212706Z","level":"INFO","msg":"request","role":"gateway","method":"GET","path":"/api/payments","status":200,"duration_ms":1}
[pod/gateway-fd59d8695-kjstg/gateway] {"time":"2026-10-05T07:38:50.693248474Z","level":"INFO","msg":"request","role":"gateway","method":"GET","path":"/api/payments","status":200,"duration_ms":1}
[pod/gateway-fd59d8695-kjstg/gateway] {"time":"2026-10-05T07:38:50.948639659Z","level":"INFO","msg":"request","role":"gateway","method":"GET","path":"/api/payments","status":200,"duration_ms":2}
[pod/gateway-fd59d8695-kjstg/gateway] {"time":"2026-10-05T07:38:51.201911858Z","level":"INFO","msg":"request","role":"gateway","method":"GET","path":"/api/payments","status":200,"duration_ms":1}
[pod/gateway-fd59d8695-kjstg/gateway] {"time":"2026-10-05T07:38:51.457010521Z","level":"INFO","msg":"request","role":"gateway","method":"GET","path":"/api/payments","status":200,"duration_ms":2}
[pod/gateway-fd59d8695-kjstg/gateway] {"time":"2026-10-05T07:38:51.712893936Z","level":"INFO","msg":"request","role":"gateway","method":"GET","path":"/api/payments","status":200,"duration_ms":2}
[pod/gateway-fd59d8695-kjstg/gateway] {"time":"2026-10-05T07:38:51.966349801Z","level":"INFO","msg":"request","role":"gateway","method":"GET","path":"/api/payments","status":200,"duration_ms":1}
[pod/gateway-fd59d8695-kjstg/gateway] {"time":"2026-10-05T07:38:52.220245387Z","level":"INFO","msg":"request","role":"gateway","method":"GET","path":"/api/payments","status":200,"duration_ms":2}
[pod/gateway-fd59d8695-kjstg/gateway] {"time":"2026-10-05T07:38:52.47629584Z","level":"INFO","msg":"request","role":"gateway","method":"GET","path":"/api/payments","status":200,"duration_ms":3}
[pod/gateway-fd59d8695-kjstg/gateway] {"time":"2026-10-05T07:38:52.731575094Z","level":"INFO","msg":"request","role":"gateway","method":"GET","path":"/api/payments","status":200,"duration_ms":2}
[pod/gateway-fd59d8695-kjstg/gateway] {"time":"2026-10-05T07:38:52.986847163Z","level":"INFO","msg":"request","role":"gateway","method":"GET","path":"/api/payments","status":200,"duration_ms":2}
[pod/gateway-fd59d8695-kjstg/gateway] {"time":"2026-10-05T07:38:53.241027106Z","level":"INFO","msg":"request","role":"gateway","method":"GET","path":"/api/payments","status":200,"duration_ms":2}
[pod/gateway-fd59d8695-kjstg/gateway] {"time":"2026-10-05T07:38:53.497751967Z","level":"INFO","msg":"request","role":"gateway","method":"GET","path":"/api/payments","status":200,"duration_ms":3}
[pod/gateway-fd59d8695-kjstg/gateway] {"time":"2026-10-05T07:38:53.75386148Z","level":"INFO","msg":"request","role":"gateway","method":"GET","path":"/api/payments","status":200,"duration_ms":2}
[pod/gateway-fd59d8695-kjstg/gateway] {"time":"2026-10-05T07:38:54.008734271Z","level":"INFO","msg":"request","role":"gateway","method":"GET","path":"/api/payments","status":200,"duration_ms":2}
[pod/gateway-fd59d8695-kjstg/gateway] {"time":"2026-10-05T07:38:54.264491845Z","level":"INFO","msg":"request","role":"gateway","method":"GET","path":"/api/payments","status":200,"duration_ms":2}
[pod/gateway-fd59d8695-kjstg/gateway] {"time":"2026-10-05T07:38:54.518597869Z","level":"INFO","msg":"request","role":"gateway","method":"GET","path":"/api/payments","status":200,"duration_ms":1}
[pod/gateway-fd59d8695-kjstg/gateway] {"time":"2026-10-05T07:38:54.771736418Z","level":"INFO","msg":"request","role":"gateway","method":"GET","path":"/api/payments","status":200,"duration_ms":1}
[pod/gateway-fd59d8695-kjstg/gateway] {"time":"2026-10-05T07:38:55.025737375Z","level":"INFO","msg":"request","role":"gateway","method":"GET","path":"/api/payments","status":200,"duration_ms":1}
[pod/gateway-fd59d8695-kjstg/gateway] {"time":"2026-10-05T07:38:55.279979939Z","level":"INFO","msg":"request","role":"gateway","method":"GET","path":"/api/payments","status":200,"duration_ms":2}
[pod/gateway-fd59d8695-kjstg/gateway] {"time":"2026-10-05T07:38:55.533202736Z","level":"INFO","msg":"request","role":"gateway","method":"GET","path":"/api/payments","status":200,"duration_ms":1}
[pod/gateway-fd59d8695-kjstg/gateway] {"time":"2026-10-05T07:38:55.787598029Z","level":"INFO","msg":"request","role":"gateway","method":"GET","path":"/api/payments","status":200,"duration_ms":2}
[pod/gateway-fd59d8695-kjstg/gateway] {"time":"2026-10-05T07:38:56.042709281Z","level":"INFO","msg":"request","role":"gateway","method":"GET","path":"/api/payments","status":200,"duration_ms":2}
[pod/gateway-fd59d8695-kjstg/gateway] {"time":"2026-10-05T07:38:56.297705862Z","level":"INFO","msg":"request","role":"gateway","method":"GET","path":"/api/payments","status":200,"duration_ms":2}
[pod/gateway-fd59d8695-kjstg/gateway] {"time":"2026-10-05T07:38:56.551169774Z","level":"INFO","msg":"request","role":"gateway","method":"GET","path":"/api/payments","status":200,"duration_ms":1}
[pod/gateway-fd59d8695-kjstg/gateway] {"time":"2026-10-05T07:38:56.805600463Z","level":"INFO","msg":"request","role":"gateway","method":"GET","path":"/api/payments","status":200,"duration_ms":2}
[pod/gateway-fd59d8695-kjstg/gateway] {"time":"2026-10-05T07:38:57.057913274Z","level":"INFO","msg":"request","role":"gateway","method":"GET","path":"/api/payments","status":200,"duration_ms":0}
[pod/gateway-fd59d8695-kjstg/gateway] {"time":"2026-10-05T07:38:57.311740419Z","level":"INFO","msg":"request","role":"gateway","method":"GET","path":"/api/payments","status":200,"duration_ms":1}
[pod/gateway-fd59d8695-kjstg/gateway] {"time":"2026-10-05T07:38:57.566399736Z","level":"INFO","msg":"request","role":"gateway","method":"GET","path":"/api/payments","status":200,"duration_ms":2}
[pod/gateway-fd59d8695-kjstg/gateway] {"time":"2026-10-05T07:38:57.821199042Z","level":"INFO","msg":"request","role":"gateway","method":"GET","path":"/api/payments","status":200,"duration_ms":2}
[pod/gateway-fd59d8695-kjstg/gateway] {"time":"2026-10-05T07:38:57.92193962Z","level":"INFO","msg":"request","role":"gateway","method":"GET","path":"/api/audit","status":200,"duration_ms":7}
[pod/gateway-fd59d8695-kjstg/gateway] {"time":"2026-10-05T07:38:57.924540896Z","level":"INFO","msg":"request","role":"gateway","method":"GET","path":"/api/payments","status":200,"duration_ms":1}