[pod/gateway-fd59d8695-6pgg9/gateway] {"time":"2026-10-05T07:23:08.63573756Z","level":"INFO","msg":"service started","role":"gateway","fault_tolerant":false}
[pod/gateway-fd59d8695-6pgg9/gateway] {"time":"2026-10-05T07:23:58.789321304Z","level":"INFO","msg":"request","role":"gateway","method":"POST","path":"/api/faults","status":200,"duration_ms":1}
[pod/gateway-fd59d8695-6pgg9/gateway] {"time":"2026-10-05T07:23:58.790922848Z","level":"INFO","msg":"request","role":"gateway","method":"POST","path":"/api/faults","status":200,"duration_ms":1}
[pod/gateway-fd59d8695-6pgg9/gateway] {"time":"2026-10-05T07:23:58.792884838Z","level":"INFO","msg":"request","role":"gateway","method":"POST","path":"/api/faults","status":200,"duration_ms":1}
[pod/gateway-fd59d8695-6pgg9/gateway] {"time":"2026-10-05T07:23:58.796188367Z","level":"INFO","msg":"request","role":"gateway","method":"POST","path":"/api/students","status":201,"duration_ms":2}
[pod/gateway-fd59d8695-6pgg9/gateway] {"time":"2026-10-05T07:23:58.802828474Z","level":"INFO","msg":"request","role":"gateway","method":"POST","path":"/api/payments","status":201,"duration_ms":6}
[pod/gateway-fd59d8695-6pgg9/gateway] {"time":"2026-10-05T07:23:58.808034983Z","level":"INFO","msg":"request","role":"gateway","method":"POST","path":"/api/grades","status":200,"duration_ms":4}
[pod/gateway-fd59d8695-6pgg9/gateway] {"time":"2026-10-05T07:23:58.810114779Z","level":"INFO","msg":"request","role":"gateway","method":"GET","path":"/api/payments","status":200,"duration_ms":1}
[pod/gateway-fd59d8695-6pgg9/gateway] {"time":"2026-10-05T07:23:58.811877848Z","level":"INFO","msg":"request","role":"gateway","method":"GET","path":"/api/payments","status":200,"duration_ms":1}
[pod/gateway-fd59d8695-6pgg9/gateway] {"time":"2026-10-05T07:23:58.813602878Z","level":"INFO","msg":"request","role":"gateway","method":"GET","path":"/api/payments","status":200,"duration_ms":1}
[pod/gateway-fd59d8695-6pgg9/gateway] {"time":"2026-10-05T07:23:58.815821946Z","level":"INFO","msg":"request","role":"gateway","method":"GET","path":"/api/payments","status":200,"duration_ms":0}
[pod/gateway-fd59d8695-6pgg9/gateway] {"time":"2026-10-05T07:23:58.817733547Z","level":"INFO","msg":"request","role":"gateway","method":"GET","path":"/api/payments","status":200,"duration_ms":0}
[pod/gateway-fd59d8695-6pgg9/gateway] {"time":"2026-10-05T07:23:58.81884753Z","level":"INFO","msg":"request","role":"gateway","method":"GET","path":"/api/payments","status":200,"duration_ms":0}
[pod/gateway-fd59d8695-6pgg9/gateway] {"time":"2026-10-05T07:23:58.819943201Z","level":"INFO","msg":"request","role":"gateway","method":"GET","path":"/api/payments","status":200,"duration_ms":0}
[pod/gateway-fd59d8695-6pgg9/gateway] {"time":"2026-10-05T07:23:58.821092078Z","level":"INFO","msg":"request","role":"gateway","method":"GET","path":"/api/payments","status":200,"duration_ms":0}
[pod/gateway-fd59d8695-6pgg9/gateway] {"time":"2026-10-05T07:23:58.822137335Z","level":"INFO","msg":"request","role":"gateway","method":"GET","path":"/api/payments","status":200,"duration_ms":0}
[pod/gateway-fd59d8695-6pgg9/gateway] {"time":"2026-10-05T07:23:58.823498373Z","level":"INFO","msg":"request","role":"gateway","method":"GET","path":"/api/payments","status":200,"duration_ms":0}
[pod/gateway-fd59d8695-6pgg9/gateway] {"time":"2026-10-05T07:23:58.824542708Z","level":"INFO","msg":"request","role":"gateway","method":"GET","path":"/api/payments","status":200,"duration_ms":0}
[pod/gateway-fd59d8695-6pgg9/gateway] {"time":"2026-10-05T07:23:58.825599905Z","level":"INFO","msg":"request","role":"gateway","method":"GET","path":"/api/payments","status":200,"duration_ms":0}
[pod/gateway-fd59d8695-6pgg9/gateway] {"time":"2026-10-05T07:23:58.828333748Z","level":"INFO","msg":"request","role":"gateway","method":"GET","path":"/api/payments","status":200,"duration_ms":1}
[pod/gateway-fd59d8695-6pgg9/gateway] {"time":"2026-10-05T07:23:59.083744093Z","level":"INFO","msg":"request","role":"gateway","method":"GET","path":"/api/payments","status":200,"duration_ms":2}
[pod/gateway-fd59d8695-6pgg9/gateway] {"time":"2026-10-05T07:23:59.337829648Z","level":"INFO","msg":"request","role":"gateway","method":"GET","path":"/api/payments","status":200,"duration_ms":2}
[pod/gateway-fd59d8695-6pgg9/gateway] {"time":"2026-10-05T07:23:59.593197775Z","level":"INFO","msg":"request","role":"gateway","method":"GET","path":"/api/payments","status":200,"duration_ms":2}
[pod/gateway-fd59d8695-6pgg9/gateway] {"time":"2026-10-05T07:23:59.846618096Z","level":"INFO","msg":"request","role":"gateway","method":"GET","path":"/api/payments","status":200,"duration_ms":1}
[pod/gateway-fd59d8695-6pgg9/gateway] {"time":"2026-10-05T07:24:00.099448235Z","level":"INFO","msg":"request","role":"gateway","method":"GET","path":"/api/payments","status":200,"duration_ms":1}
[pod/gateway-fd59d8695-6pgg9/gateway] {"time":"2026-10-05T07:24:00.350830336Z","level":"INFO","msg":"request","role":"gateway","method":"GET","path":"/api/payments","status":200,"duration_ms":0}
[pod/gateway-fd59d8695-6pgg9/gateway] {"time":"2026-10-05T07:24:00.605186065Z","level":"INFO","msg":"request","role":"gateway","method":"GET","path":"/api/payments","status":200,"duration_ms":2}
[pod/gateway-fd59d8695-6pgg9/gateway] {"time":"2026-10-05T07:24:00.861355054Z","level":"INFO","msg":"request","role":"gateway","method":"GET","path":"/api/payments","status":200,"duration_ms":3}
[pod/gateway-fd59d8695-6pgg9/gateway] {"time":"2026-10-05T07:24:01.11667067Z","level":"INFO","msg":"request","role":"gateway","method":"GET","path":"/api/payments","status":200,"duration_ms":2}
[pod/gateway-fd59d8695-6pgg9/gateway] {"time":"2026-10-05T07:24:01.370077554Z","level":"INFO","msg":"request","role":"gateway","method":"GET","path":"/api/payments","status":200,"duration_ms":1}
[pod/gateway-fd59d8695-6pgg9/gateway] {"time":"2026-10-05T07:24:01.624319164Z","level":"INFO","msg":"request","role":"gateway","method":"GET","path":"/api/payments","status":200,"duration_ms":2}
[pod/gateway-fd59d8695-6pgg9/gateway] {"time":"2026-10-05T07:24:01.879604537Z","level":"INFO","msg":"request","role":"gateway","method":"GET","path":"/api/payments","status":200,"duration_ms":2}
[pod/gateway-fd59d8695-6pgg9/gateway] {"time":"2026-10-05T07:24:07.135989531Z","level":"INFO","msg":"request","role":"gateway","method":"GET","path":"/api/payments","status":503,"duration_ms":5005}
[pod/gateway-fd59d8695-6pgg9/gateway] {"time":"2026-10-05T07:24:07.39929876Z","level":"INFO","msg":"request","role":"gateway","method":"GET","path":"/api/payments","status":200,"duration_ms":9}
[pod/gateway-fd59d8695-6pgg9/gateway] {"time":"2026-10-05T07:24:07.653848038Z","level":"INFO","msg":"request","role":"gateway","method":"GET","path":"/api/payments","status":200,"duration_ms":2}
[pod/gateway-fd59d8695-6pgg9/gateway] {"time":"2026-10-05T07:24:07.908992935Z","level":"INFO","msg":"request","role":"gateway","method":"GET","path":"/api/payments","status":200,"duration_ms":2}
[pod/gateway-fd59d8695-6pgg9/gateway] {"time":"2026-10-05T07:24:08.165001625Z","level":"INFO","msg":"request","role":"gateway","method":"GET","path":"/api/payments","status":200,"duration_ms":3}
[pod/gateway-fd59d8695-6pgg9/gateway] {"time":"2026-10-05T07:24:08.420290798Z","level":"INFO","msg":"request","role":"gateway","method":"GET","path":"/api/payments","status":200,"duration_ms":2}
[pod/gateway-fd59d8695-6pgg9/gateway] {"time":"2026-10-05T07:24:08.676081519Z","level":"INFO","msg":"request","role":"gateway","method":"GET","path":"/api/payments","status":200,"duration_ms":3}
[pod/gateway-fd59d8695-6pgg9/gateway] {"time":"2026-10-05T07:24:08.931317537Z","level":"INFO","msg":"request","role":"gateway","method":"GET","path":"/api/payments","status":200,"duration_ms":2}
[pod/gateway-fd59d8695-6pgg9/gateway] {"time":"2026-10-05T07:24:09.186450494Z","level":"INFO","msg":"request","role":"gateway","method":"GET","path":"/api/payments","status":200,"duration_ms":2}
[pod/gateway-fd59d8695-6pgg9/gateway] {"time":"2026-10-05T07:24:09.441483439Z","level":"INFO","msg":"request","role":"gateway","method":"GET","path":"/api/payments","status":200,"duration_ms":2}
[pod/gateway-fd59d8695-6pgg9/gateway] {"time":"2026-10-05T07:24:09.694589917Z","level":"INFO","msg":"request","role":"gateway","method":"GET","path":"/api/payments","status":200,"duration_ms":1}
[pod/gateway-fd59d8695-6pgg9/gateway] {"time":"2026-10-05T07:24:09.946167658Z","level":"INFO","msg":"request","role":"gateway","method":"GET","path":"/api/payments","status":200,"duration_ms":0}
[pod/gateway-fd59d8695-6pgg9/gateway] {"time":"2026-10-05T07:24:10.198902707Z","level":"INFO","msg":"request","role":"gateway","method":"GET","path":"/api/payments","status":200,"duration_ms":1}
[pod/gateway-fd59d8695-6pgg9/gateway] {"time":"2026-10-05T07:24:10.450766022Z","level":"INFO","msg":"request","role":"gateway","method":"GET","path":"/api/payments","status":200,"duration_ms":0}
[pod/gateway-fd59d8695-6pgg9/gateway] {"time":"2026-10-05T07:24:10.704602923Z","level":"INFO","msg":"request","role":"gateway","method":"GET","path":"/api/payments","status":200,"duration_ms":2}
[pod/gateway-fd59d8695-6pgg9/gateway] {"time":"2026-10-05T07:24:10.960468342Z","level":"INFO","msg":"request","role":"gateway","method":"GET","path":"/api/payments","status":200,"duration_ms":3}
[pod/gateway-fd59d8695-6pgg9/gateway] {"time":"2026-10-05T07:24:11.215472514Z","level":"INFO","msg":"request","role":"gateway","method":"GET","path":"/api/payments","status":200,"duration_ms":2}
[pod/gateway-fd59d8695-6pgg9/gateway] {"time":"2026-10-05T07:24:11.470502431Z","level":"INFO","msg":"request","role":"gateway","method":"GET","path":"/api/payments","status":200,"duration_ms":2}
[pod/gateway-fd59d8695-6pgg9/gateway] {"time":"2026-10-05T07:24:11.723210911Z","level":"INFO","msg":"request","role":"gateway","method":"GET","path":"/api/payments","status":200,"duration_ms":1}
[pod/gateway-fd59d8695-6pgg9/gateway] {"time":"2026-10-05T07:24:11.977980646Z","level":"INFO","msg":"request","role":"gateway","method":"GET","path":"/api/payments","status":200,"duration_ms":2}
[pod/gateway-fd59d8695-6pgg9/gateway] {"time":"2026-10-05T07:24:12.233560446Z","level":"INFO","msg":"request","role":"gateway","method":"GET","path":"/api/payments","status":200,"duration_ms":2}
[pod/gateway-fd59d8695-6pgg9/gateway] {"time":"2026-10-05T07:24:12.489755028Z","level":"INFO","msg":"request","role":"gateway","method":"GET","path":"/api/payments","status":200,"duration_ms":3}
[pod/gateway-fd59d8695-6pgg9/gateway] {"time":"2026-10-05T07:24:12.745416394Z","level":"INFO","msg":"request","role":"gateway","method":"GET","path":"/api/payments","status":200,"duration_ms":2}
[pod/gateway-fd59d8695-6pgg9/gateway] {"time":"2026-10-05T07:24:13.00133286Z","level":"INFO","msg":"request","role":"gateway","method":"GET","path":"/api/payments","status":200,"duration_ms":3}
[pod/gateway-fd59d8695-6pgg9/gateway] {"time":"2026-10-05T07:24:13.25546946Z","level":"INFO","msg":"request","role":"gateway","method":"GET","path":"/api/payments","status":200,"duration_ms":2}
[pod/gateway-fd59d8695-6pgg9/gateway] {"time":"2026-10-05T07:24:13.509336863Z","level":"INFO","msg":"request","role":"gateway","method":"GET","path":"/api/payments","status":200,"duration_ms":1}
[pod/gateway-fd59d8695-6pgg9/gateway] {"time":"2026-10-05T07:24:13.765301952Z","level":"INFO","msg":"request","role":"gateway","method":"GET","path":"/api/payments","status":200,"duration_ms":3}
[pod/gateway-fd59d8695-6pgg9/gateway] {"time":"2026-10-05T07:24:14.020755252Z","level":"INFO","msg":"request","role":"gateway","method":"GET","path":"/api/payments","status":200,"duration_ms":2}
[pod/gateway-fd59d8695-6pgg9/gateway] {"time":"2026-10-05T07:24:14.274849011Z","level":"INFO","msg":"request","role":"gateway","method":"GET","path":"/api/payments","status":200,"duration_ms":1}
[pod/gateway-fd59d8695-6pgg9/gateway] {"time":"2026-10-05T07:24:14.528310971Z","level":"INFO","msg":"request","role":"gateway","method":"GET","path":"/api/payments","status":200,"duration_ms":1}
[pod/gateway-fd59d8695-6pgg9/gateway] {"time":"2026-10-05T07:24:14.781152721Z","level":"INFO","msg":"request","role":"gateway","method":"GET","path":"/api/payments","status":200,"duration_ms":1}
[pod/gateway-fd59d8695-6pgg9/gateway] {"time":"2026-10-05T07:24:15.036196787Z","level":"INFO","msg":"request","role":"gateway","method":"GET","path":"/api/payments","status":200,"duration_ms":2}
[pod/gateway-fd59d8695-6pgg9/gateway] {"time":"2026-10-05T07:24:15.289623398Z","level":"INFO","msg":"request","role":"gateway","method":"GET","path":"/api/payments","status":200,"duration_ms":1}
[pod/gateway-fd59d8695-6pgg9/gateway] {"time":"2026-10-05T07:24:15.544024316Z","level":"INFO","msg":"request","role":"gateway","method":"GET","path":"/api/payments","status":200,"duration_ms":2}
[pod/gateway-fd59d8695-6pgg9/gateway] {"time":"2026-10-05T07:24:15.799642937Z","level":"INFO","msg":"request","role":"gateway","method":"GET","path":"/api/payments","status":200,"duration_ms":3}
[pod/gateway-fd59d8695-6pgg9/gateway] {"time":"2026-10-05T07:24:16.053793968Z","level":"INFO","msg":"request","role":"gateway","method":"GET","path":"/api/payments","status":200,"duration_ms":2}
[pod/gateway-fd59d8695-6pgg9/gateway] {"time":"2026-10-05T07:24:16.308583173Z","level":"INFO","msg":"request","role":"gateway","method":"GET","path":"/api/payments","status":200,"duration_ms":2}
[pod/gateway-fd59d8695-6pgg9/gateway] {"time":"2026-10-05T07:24:16.563534363Z","level":"INFO","msg":"request","role":"gateway","method":"GET","path":"/api/payments","status":200,"duration_ms":2}
[pod/gateway-fd59d8695-6pgg9/gateway] {"time":"2026-10-05T07:24:16.819514338Z","level":"INFO","msg":"request","role":"gateway","method":"GET","path":"/api/payments","status":200,"duration_ms":2}
[pod/gateway-fd59d8695-6pgg9/gateway] {"time":"2026-10-05T07:24:17.075329644Z","level":"INFO","msg":"request","role":"gateway","method":"GET","path":"/api/payments","status":200,"duration_ms":2}
[pod/gateway-fd59d8695-6pgg9/gateway] {"time":"2026-10-05T07:24:17.329412946Z","level":"INFO","msg":"request","role":"gateway","method":"GET","path":"/api/payments","status":200,"duration_ms":2}
[pod/gateway-fd59d8695-6pgg9/gateway] {"time":"2026-10-05T07:24:17.583119853Z","level":"INFO","msg":"request","role":"gateway","method":"GET","path":"/api/payments","status":200,"duration_ms":1}
[pod/gateway-fd59d8695-6pgg9/gateway] {"time":"2026-10-05T07:24:17.836985449Z","level":"INFO","msg":"request","role":"gateway","method":"GET","path":"/api/payments","status":200,"duration_ms":2}
[pod/gateway-fd59d8695-6pgg9/gateway] {"time":"2026-10-05T07:24:18.0927906Z","level":"INFO","msg":"request","role":"gateway","method":"GET","path":"/api/payments","status":200,"duration_ms":3}
[pod/gateway-fd59d8695-6pgg9/gateway] {"time":"2026-10-05T07:24:18.347537133Z","level":"INFO","msg":"request","role":"gateway","method":"GET","path":"/api/payments","status":200,"duration_ms":2}
[pod/gateway-fd59d8695-6pgg9/gateway] {"time":"2026-10-05T07:24:18.601770536Z","level":"INFO","msg":"request","role":"gateway","method":"GET","path":"/api/payments","status":200,"duration_ms":2}
[pod/gateway-fd59d8695-6pgg9/gateway] {"time":"2026-10-05T07:24:18.854716203Z","level":"INFO","msg":"request","role":"gateway","method":"GET","path":"/api/payments","status":200,"duration_ms":1}
[pod/gateway-fd59d8695-6pgg9/gateway] {"time":"2026-10-05T07:24:19.109937413Z","level":"INFO","msg":"request","role":"gateway","method":"GET","path":"/api/payments","status":200,"duration_ms":2}
[pod/gateway-fd59d8695-6pgg9/gateway] {"time":"2026-10-05T07:24:19.362700024Z","level":"INFO","msg":"request","role":"gateway","method":"GET","path":"/api/payments","status":200,"duration_ms":1}
[pod/gateway-fd59d8695-6pgg9/gateway] {"time":"2026-10-05T07:24:19.617659202Z","level":"INFO","msg":"request","role":"gateway","method":"GET","path":"/api/payments","status":200,"duration_ms":2}
[pod/gateway-fd59d8695-6pgg9/gateway] {"time":"2026-10-05T07:24:19.871290122Z","level":"INFO","msg":"request","role":"gateway","method":"GET","path":"/api/payments","status":200,"duration_ms":1}
[pod/gateway-fd59d8695-6pgg9/gateway] {"time":"2026-10-05T07:24:20.126811099Z","level":"INFO","msg":"request","role":"gateway","method":"GET","path":"/api/payments","status":200,"duration_ms":2}
[pod/gateway-fd59d8695-6pgg9/gateway] {"time":"2026-10-05T07:24:20.381580467Z","level":"INFO","msg":"request","role":"gateway","method":"GET","path":"/api/payments","status":200,"duration_ms":2}
[pod/gateway-fd59d8695-6pgg9/gateway] {"time":"2026-10-05T07:24:20.635834971Z","level":"INFO","msg":"request","role":"gateway","method":"GET","path":"/api/payments","status":200,"duration_ms":2}
[pod/gateway-fd59d8695-6pgg9/gateway] {"time":"2026-10-05T07:24:20.890759496Z","level":"INFO","msg":"request","role":"gateway","method":"GET","path":"/api/payments","status":200,"duration_ms":2}
[pod/gateway-fd59d8695-6pgg9/gateway] {"time":"2026-10-05T07:24:21.146938733Z","level":"INFO","msg":"request","role":"gateway","method":"GET","path":"/api/payments","status":200,"duration_ms":3}
[pod/gateway-fd59d8695-6pgg9/gateway] {"time":"2026-10-05T07:24:21.400926672Z","level":"INFO","msg":"request","role":"gateway","method":"GET","path":"/api/payments","status":200,"duration_ms":1}
[pod/gateway-fd59d8695-6pgg9/gateway] {"time":"2026-10-05T07:24:21.653931506Z","level":"INFO","msg":"request","role":"gateway","method":"GET","path":"/api/payments","status":200,"duration_ms":1}
[pod/gateway-fd59d8695-6pgg9/gateway] {"time":"2026-10-05T07:24:21.908980119Z","level":"INFO","msg":"request","role":"gateway","method":"GET","path":"/api/payments","status":200,"duration_ms":2}
[pod/gateway-fd59d8695-6pgg9/gateway] {"time":"2026-10-05T07:24:22.164063566Z","level":"INFO","msg":"request","role":"gateway","method":"GET","path":"/api/payments","status":200,"duration_ms":2}
[pod/gateway-fd59d8695-6pgg9/gateway] {"time":"2026-10-05T07:24:22.418941643Z","level":"INFO","msg":"request","role":"gateway","method":"GET","path":"/api/payments","status":200,"duration_ms":2}
[pod/gateway-fd59d8695-6pgg9/gateway] {"time":"2026-10-05T07:24:22.673661227Z","level":"INFO","msg":"request","role":"gateway","method":"GET","path":"/api/payments","status":200,"duration_ms":2}
[pod/gateway-fd59d8695-6pgg9/gateway] {"time":"2026-10-05T07:24:22.929298938Z","level":"INFO","msg":"request","role":"gateway","method":"GET","path":"/api/payments","status":200,"duration_ms":2}
[pod/gateway-fd59d8695-6pgg9/gateway] {"time":"2026-10-05T07:24:23.186470819Z","level":"INFO","msg":"request","role":"gateway","method":"GET","path":"/api/payments","status":200,"duration_ms":3}
[pod/gateway-fd59d8695-6pgg9/gateway] {"time":"2026-10-05T07:24:23.442576261Z","level":"INFO","msg":"request","role":"gateway","method":"GET","path":"/api/payments","status":200,"duration_ms":2}
[pod/gateway-fd59d8695-6pgg9/gateway] {"time":"2026-10-05T07:24:23.694870397Z","level":"INFO","msg":"request","role":"gateway","method":"GET","path":"/api/payments","status":200,"duration_ms":0}
[pod/gateway-fd59d8695-6pgg9/gateway] {"time":"2026-10-05T07:24:23.949811672Z","level":"INFO","msg":"request","role":"gateway","method":"GET","path":"/api/payments","status":200,"duration_ms":2}
[pod/gateway-fd59d8695-6pgg9/gateway] {"time":"2026-10-05T07:24:24.338741891Z","level":"INFO","msg":"request","role":"gateway","method":"GET","path":"/api/audit","status":200,"duration_ms":3}
[pod/gateway-fd59d8695-6pgg9/gateway] {"time":"2026-10-05T07:24:24.340059742Z","level":"INFO","msg":"request","role":"gateway","method":"GET","path":"/api/payments","status":200,"duration_ms":0}