[pod/gateway-fd59d8695-6pgg9/gateway] {"time":"2026-10-05T07:23:08.63573756Z","level":"INFO","msg":"service started","role":"gateway","fault_tolerant":false}
[pod/gateway-fd59d8695-6pgg9/gateway] {"time":"2026-10-05T07:23:58.789321304Z","level":"INFO","msg":"request","role":"gateway","method":"POST","path":"/api/faults","status":200,"duration_ms":1}
[pod/gateway-fd59d8695-6pgg9/gateway] {"time":"2026-10-05T07:23:58.790922848Z","level":"INFO","msg":"request","role":"gateway","method":"POST","path":"/api/faults","status":200,"duration_ms":1}
[pod/gateway-fd59d8695-6pgg9/gateway] {"time":"2026-10-05T07:23:58.792884838Z","level":"INFO","msg":"request","role":"gateway","method":"POST","path":"/api/faults","status":200,"duration_ms":1}
[pod/gateway-fd59d8695-6pgg9/gateway] {"time":"2026-10-05T07:23:58.796188367Z","level":"INFO","msg":"request","role":"gateway","method":"POST","path":"/api/students","status":201,"duration_ms":2}
[pod/gateway-fd59d8695-6pgg9/gateway] {"time":"2026-10-05T07:23:58.802828474Z","level":"INFO","msg":"request","role":"gateway","method":"POST","path":"/api/payments","status":201,"duration_ms":6}
[pod/gateway-fd59d8695-6pgg9/gateway] {"time":"2026-10-05T07:23:58.808034983Z","level":"INFO","msg":"request","role":"gateway","method":"POST","path":"/api/grades","status":200,"duration_ms":4}
[pod/gateway-fd59d8695-6pgg9/gateway] {"time":"2026-10-05T07:23:58.810114779Z","level":"INFO","msg":"request","role":"gateway","method":"GET","path":"/api/payments","status":200,"duration_ms":1}
[pod/gateway-fd59d8695-6pgg9/gateway] {"time":"2026-10-05T07:23:58.811877848Z","level":"INFO","msg":"request","role":"gateway","method":"GET","path":"/api/payments","status":200,"duration_ms":1}
[pod/gateway-fd59d8695-6pgg9/gateway] {"time":"2026-10-05T07:23:58.813602878Z","level":"INFO","msg":"request","role":"gateway","method":"GET","path":"/api/payments","status":200,"duration_ms":1}
[pod/gateway-fd59d8695-6pgg9/gateway] {"time":"2026-10-05T07:23:58.815821946Z","level":"INFO","msg":"request","role":"gateway","method":"GET","path":"/api/payments","status":200,"duration_ms":0}
[pod/gateway-fd59d8695-6pgg9/gateway] {"time":"2026-10-05T07:23:58.817733547Z","level":"INFO","msg":"request","role":"gateway","method":"GET","path":"/api/payments","status":200,"duration_ms":0}
[pod/gateway-fd59d8695-6pgg9/gateway] {"time":"2026-10-05T07:23:58.81884753Z","level":"INFO","msg":"request","role":"gateway","method":"GET","path":"/api/payments","status":200,"duration_ms":0}
[pod/gateway-fd59d8695-6pgg9/gateway] {"time":"2026-10-05T07:23:58.819943201Z","level":"INFO","msg":"request","role":"gateway","method":"GET","path":"/api/payments","status":200,"duration_ms":0}
[pod/gateway-fd59d8695-6pgg9/gateway] {"time":"2026-10-05T07:23:58.821092078Z","level":"INFO","msg":"request","role":"gateway","method":"GET","path":"/api/payments","status":200,"duration_ms":0}
[pod/gateway-fd59d8695-6pgg9/gateway] {"time":"2026-10-05T07:23:58.822137335Z","level":"INFO","msg":"request","role":"gateway","method":"GET","path":"/api/payments","status":200,"duration_ms":0}
[pod/gateway-fd59d8695-6pgg9/gateway] {"time":"2026-10-05T07:23:58.823498373Z","level":"INFO","msg":"request","role":"gateway","method":"GET","path":"/api/payments","status":200,"duration_ms":0}
[pod/gateway-fd59d8695-6pgg9/gateway] {"time":"2026-10-05T07:23:58.824542708Z","level":"INFO","msg":"request","role":"gateway","method":"GET","path":"/api/payments","status":200,"duration_ms":0}
[pod/gateway-fd59d8695-6pgg9/gateway] {"time":"2026-10-05T07:23:58.825599905Z","level":"INFO","msg":"request","role":"gateway","method":"GET","path":"/api/payments","status":200,"duration_ms":0}
[pod/gateway-fd59d8695-6pgg9/gateway] {"time":"2026-10-05T07:23:58.828333748Z","level":"INFO","msg":"request","role":"gateway","method":"GET","path":"/api/payments","status":200,"duration_ms":1}
[pod/gateway-fd59d8695-6pgg9/gateway] {"time":"2026-10-05T07:23:59.083744093Z","level":"INFO","msg":"request","role":"gateway","method":"GET","path":"/api/payments","status":200,"duration_ms":2}
[pod/gateway-fd59d8695-6pgg9/gateway] {"time":"2026-10-05T07:23:59.337829648Z","level":"INFO","msg":"request","role":"gateway","method":"GET","path":"/api/payments","status":200,"duration_ms":2}
[pod/gateway-fd59d8695-6pgg9/gateway] {"time":"2026-10-05T07:23:59.593197775Z","level":"INFO","msg":"request","role":"gateway","method":"GET","path":"/api/payments","status":200,"duration_ms":2}
[pod/gateway-fd59d8695-6pgg9/gateway] {"time":"2026-10-05T07:23:59.846618096Z","level":"INFO","msg":"request","role":"gateway","method":"GET","path":"/api/payments","status":200,"duration_ms":1}
[pod/gateway-fd59d8695-6pgg9/gateway] {"time":"2026-10-05T07:24:00.099448235Z","level":"INFO","msg":"request","role":"gateway","method":"GET","path":"/api/payments","status":200,"duration_ms":1}
[pod/gateway-fd59d8695-6pgg9/gateway] {"time":"2026-10-05T07:24:00.350830336Z","level":"INFO","msg":"request","role":"gateway","method":"GET","path":"/api/payments","status":200,"duration_ms":0}
[pod/gateway-fd59d8695-6pgg9/gateway] {"time":"2026-10-05T07:24:00.605186065Z","level":"INFO","msg":"request","role":"gateway","method":"GET","path":"/api/payments","status":200,"duration_ms":2}
[pod/gateway-fd59d8695-6pgg9/gateway] {"time":"2026-10-05T07:24:00.861355054Z","level":"INFO","msg":"request","role":"gateway","method":"GET","path":"/api/payments","status":200,"duration_ms":3}
[pod/gateway-fd59d8695-6pgg9/gateway] {"time":"2026-10-05T07:24:01.11667067Z","level":"INFO","msg":"request","role":"gateway","method":"GET","path":"/api/payments","status":200,"duration_ms":2}
[pod/gateway-fd59d8695-6pgg9/gateway] {"time":"2026-10-05T07:24:01.370077554Z","level":"INFO","msg":"request","role":"gateway","method":"GET","path":"/api/payments","status":200,"duration_ms":1}
[pod/gateway-fd59d8695-6pgg9/gateway] {"time":"2026-10-05T07:24:01.624319164Z","level":"INFO","msg":"request","role":"gateway","method":"GET","path":"/api/payments","status":200,"duration_ms":2}
[pod/gateway-fd59d8695-6pgg9/gateway] {"time":"2026-10-05T07:24:01.879604537Z","level":"INFO","msg":"request","role":"gateway","method":"GET","path":"/api/payments","status":200,"duration_ms":2}
[pod/gateway-fd59d8695-6pgg9/gateway] {"time":"2026-10-05T07:24:07.135989531Z","level":"INFO","msg":"request","role":"gateway","method":"GET","path":"/api/payments","status":503,"duration_ms":5005}
[pod/gateway-fd59d8695-6pgg9/gateway] {"time":"2026-10-05T07:24:07.39929876Z","level":"INFO","msg":"request","role":"gateway","method":"GET","path":"/api/payments","status":200,"duration_ms":9}
[pod/gateway-fd59d8695-6pgg9/gateway] {"time":"2026-10-05T07:24:07.653848038Z","level":"INFO","msg":"request","role":"gateway","method":"GET","path":"/api/payments","status":200,"duration_ms":2}
[pod/gateway-fd59d8695-6pgg9/gateway] {"time":"2026-10-05T07:24:07.908992935Z","level":"INFO","msg":"request","role":"gateway","method":"GET","path":"/api/payments","status":200,"duration_ms":2}
[pod/gateway-fd59d8695-6pgg9/gateway] {"time":"2026-10-05T07:24:08.165001625Z","level":"INFO","msg":"request","role":"gateway","method":"GET","path":"/api/payments","status":200,"duration_ms":3}
[pod/gateway-fd59d8695-6pgg9/gateway] {"time":"2026-10-05T07:24:08.420290798Z","level":"INFO","msg":"request","role":"gateway","method":"GET","path":"/api/payments","status":200,"duration_ms":2}
[pod/gateway-fd59d8695-6pgg9/gateway] {"time":"2026-10-05T07:24:08.676081519Z","level":"INFO","msg":"request","role":"gateway","method":"GET","path":"/api/payments","status":200,"duration_ms":3}
[pod/gateway-fd59d8695-6pgg9/gateway] {"time":"2026-10-05T07:24:08.931317537Z","level":"INFO","msg":"request","role":"gateway","method":"GET","path":"/api/payments","status":200,"duration_ms":2}
[pod/gateway-fd59d8695-6pgg9/gateway] {"time":"2026-10-05T07:24:09.186450494Z","level":"INFO","msg":"request","role":"gateway","method":"GET","path":"/api/payments","status":200,"duration_ms":2}
[pod/gateway-fd59d8695-6pgg9/gateway] {"time":"2026-10-05T07:24:09.441483439Z","level":"INFO","msg":"request","role":"gateway","method":"GET","path":"/api/payments","status":200,"duration_ms":2}
[pod/gateway-fd59d8695-6pgg9/gateway] {"time":"2026-10-05T07:24:09.694589917Z","level":"INFO","msg":"request","role":"gateway","method":"GET","path":"/api/payments","status":200,"duration_ms":1}
[pod/gateway-fd59d8695-6pgg9/gateway] {"time":"2026-10-05T07:24:09.946167658Z","level":"INFO","msg":"request","role":"gateway","method":"GET","path":"/api/payments","status":200,"duration_ms":0}
[pod/gateway-fd59d8695-6pgg9/gateway] {"time":"2026-10-05T07:24:10.198902707Z","level":"INFO","msg":"request","role":"gateway","method":"GET","path":"/api/payments","status":200,"duration_ms":1}
[pod/gateway-fd59d8695-6pgg9/gateway] {"time":"2026-10-05T07:24:10.450766022Z","level":"INFO","msg":"request","role":"gateway","method":"GET","path":"/api/payments","status":200,"duration_ms":0}
[pod/gateway-fd59d8695-6pgg9/gateway] {"time":"2026-10-05T07:24:10.704602923Z","level":"INFO","msg":"request","role":"gateway","method":"GET","path":"/api/payments","status":200,"duration_ms":2}
[pod/gateway-fd59d8695-6pgg9/gateway] {"time":"2026-10-05T07:24:10.960468342Z","level":"INFO","msg":"request","role":"gateway","method":"GET","path":"/api/payments","status":200,"duration_ms":3}
[pod/gateway-fd59d8695-6pgg9/gateway] {"time":"2026-10-05T07:24:11.215472514Z","level":"INFO","msg":"request","role":"gateway","method":"GET","path":"/api/payments","status":200,"duration_ms":2}
[pod/gateway-fd59d8695-6pgg9/gateway] {"time":"2026-10-05T07:24:11.470502431Z","level":"INFO","msg":"request","role":"gateway","method":"GET","path":"/api/payments","status":200,"duration_ms":2}
[pod/gateway-fd59d8695-6pgg9/gateway] {"time":"2026-10-05T07:24:11.723210911Z","level":"INFO","msg":"request","role":"gateway","method":"GET","path":"/api/payments","status":200,"duration_ms":1}
[pod/gateway-fd59d8695-6pgg9/gateway] {"time":"2026-10-05T07:24:11.977980646Z","level":"INFO","msg":"request","role":"gateway","method":"GET","path":"/api/payments","status":200,"duration_ms":2}
[pod/gateway-fd59d8695-6pgg9/gateway] {"time":"2026-10-05T07:24:12.233560446Z","level":"INFO","msg":"request","role":"gateway","method":"GET","path":"/api/payments","status":200,"duration_ms":2}
[pod/gateway-fd59d8695-6pgg9/gateway] {"time":"2026-10-05T07:24:12.489755028Z","level":"INFO","msg":"request","role":"gateway","method":"GET","path":"/api/payments","status":200,"duration_ms":3}
[pod/gateway-fd59d8695-6pgg9/gateway] {"time":"2026-10-05T07:24:12.745416394Z","level":"INFO","msg":"request","role":"gateway","method":"GET","path":"/api/payments","status":200,"duration_ms":2}
[pod/gateway-fd59d8695-6pgg9/gateway] {"time":"2026-10-05T07:24:13.00133286Z","level":"INFO","msg":"request","role":"gateway","method":"GET","path":"/api/payments","status":200,"duration_ms":3}
[pod/gateway-fd59d8695-6pgg9/gateway] {"time":"2026-10-05T07:24:13.25546946Z","level":"INFO","msg":"request","role":"gateway","method":"GET","path":"/api/payments","status":200,"duration_ms":2}
[pod/gateway-fd59d8695-6pgg9/gateway] {"time":"2026-10-05T07:24:13.509336863Z","level":"INFO","msg":"request","role":"gateway","method":"GET","path":"/api/payments","status":200,"duration_ms":1}
[pod/gateway-fd59d8695-6pgg9/gateway] {"time":"2026-10-05T07:24:13.765301952Z","level":"INFO","msg":"request","role":"gateway","method":"GET","path":"/api/payments","status":200,"duration_ms":3}
[pod/gateway-fd59d8695-6pgg9/gateway] {"time":"2026-10-05T07:24:14.020755252Z","level":"INFO","msg":"request","role":"gateway","method":"GET","path":"/api/payments","status":200,"duration_ms":2}
[pod/gateway-fd59d8695-6pgg9/gateway] {"time":"2026-10-05T07:24:14.274849011Z","level":"INFO","msg":"request","role":"gateway","method":"GET","path":"/api/payments","status":200,"duration_ms":1}
[pod/gateway-fd59d8695-6pgg9/gateway] {"time":"2026-10-05T07:24:14.528310971Z","level":"INFO","msg":"request","role":"gateway","method":"GET","path":"/api/payments","status":200,"duration_ms":1}
[pod/gateway-fd59d8695-6pgg9/gateway] {"time":"2026-10-05T07:24:14.781152721Z","level":"INFO","msg":"request","role":"gateway","method":"GET","path":"/api/payments","status":200,"duration_ms":1}
[pod/gateway-fd59d8695-6pgg9/gateway] {"time":"2026-10-05T07:24:15.036196787Z","level":"INFO","msg":"request","role":"gateway","method":"GET","path":"/api/payments","status":200,"duration_ms":2}
[pod/gateway-fd59d8695-6pgg9/gateway] {"time":"2026-10-05T07:24:15.289623398Z","level":"INFO","msg":"request","role":"gateway","method":"GET","path":"/api/payments","status":200,"duration_ms":1}
[pod/gateway-fd59d8695-6pgg9/gateway] {"time":"2026-10-05T07:24:15.544024316Z","level":"INFO","msg":"request","role":"gateway","method":"GET","path":"/api/payments","status":200,"duration_ms":2}
[pod/gateway-fd59d8695-6pgg9/gateway] {"time":"2026-10-05T07:24:15.799642937Z","level":"INFO","msg":"request","role":"gateway","method":"GET","path":"/api/payments","status":200,"duration_ms":3}
[pod/gateway-fd59d8695-6pgg9/gateway] {"time":"2026-10-05T07:24:16.053793968Z","level":"INFO","msg":"request","role":"gateway","method":"GET","path":"/api/payments","status":200,"duration_ms":2}
[pod/gateway-fd59d8695-6pgg9/gateway] {"time":"2026-10-05T07:24:16.308583173Z","level":"INFO","msg":"request","role":"gateway","method":"GET","path":"/api/payments","status":200,"duration_ms":2}
[pod/gateway-fd59d8695-6pgg9/gateway] {"time":"2026-10-05T07:24:16.563534363Z","level":"INFO","msg":"request","role":"gateway","method":"GET","path":"/api/payments","status":200,"duration_ms":2}
[pod/gateway-fd59d8695-6pgg9/gateway] {"time":"2026-10-05T07:24:16.819514338Z","level":"INFO","msg":"request","role":"gateway","method":"GET","path":"/api/payments","status":200,"duration_ms":2}
[pod/gateway-fd59d8695-6pgg9/gateway] {"time":"2026-10-05T07:24:17.075329644Z","level":"INFO","msg":"request","role":"gateway","method":"GET","path":"/api/payments","status":200,"duration_ms":2}
[pod/gateway-fd59d8695-6pgg9/gateway] {"time":"2026-10-05T07:24:17.329412946Z","level":"INFO","msg":"request","role":"gateway","method":"GET","path":"/api/payments","status":200,"duration_ms":2}
[pod/gateway-fd59d8695-6pgg9/gateway] {"time":"2026-10-05T07:24:17.583119853Z","level":"INFO","msg":"request","role":"gateway","method":"GET","path":"/api/payments","status":200,"duration_ms":1}
[pod/gateway-fd59d8695-6pgg9/gateway] {"time":"2026-10-05T07:24:17.836985449Z","level":"INFO","msg":"request","role":"gateway","method":"GET","path":"/api/payments","status":200,"duration_ms":2}
[pod/gateway-fd59d8695-6pgg9/gateway] {"time":"2026-10-05T07:24:18.0927906Z","level":"INFO","msg":"request","role":"gateway","method":"GET","path":"/api/payments","status":200,"duration_ms":3}
[pod/gateway-fd59d8695-6pgg9/gateway] {"time":"2026-10-05T07:24:18.347537133Z","level":"INFO","msg":"request","role":"gateway","method":"GET","path":"/api/payments","status":200,"duration_ms":2}
[pod/gateway-fd59d8695-6pgg9/gateway] {"time":"2026-10-05T07:24:18.601770536Z","level":"INFO","msg":"request","role":"gateway","method":"GET","path":"/api/payments","status":200,"duration_ms":2}
[pod/gateway-fd59d8695-6pgg9/gateway] {"time":"2026-10-05T07:24:18.854716203Z","level":"INFO","msg":"request","role":"gateway","method":"GET","path":"/api/payments","status":200,"duration_ms":1}
[pod/gateway-fd59d8695-6pgg9/gateway] {"time":"2026-10-05T07:24:19.109937413Z","level":"INFO","msg":"request","role":"gateway","method":"GET","path":"/api/payments","status":200,"duration_ms":2}
[pod/gateway-fd59d8695-6pgg9/gateway] {"time":"2026-10-05T07:24:19.362700024Z","level":"INFO","msg":"request","role":"gateway","method":"GET","path":"/api/payments","status":200,"duration_ms":1}
[pod/gateway-fd59d8695-6pgg9/gateway] {"time":"2026-10-05T07:24:19.617659202Z","level":"INFO","msg":"request","role":"gateway","method":"GET","path":"/api/payments","status":200,"duration_ms":2}
[pod/gateway-fd59d8695-6pgg9/gateway] {"time":"2026-10-05T07:24:19.871290122Z","level":"INFO","msg":"request","role":"gateway","method":"GET","path":"/api/payments","status":200,"duration_ms":1}
[pod/gateway-fd59d8695-6pgg9/gateway] {"time":"2026-10-05T07:24:20.126811099Z","level":"INFO","msg":"request","role":"gateway","method":"GET","path":"/api/payments","status":200,"duration_ms":2}
[pod/gateway-fd59d8695-6pgg9/gateway] {"time":"2026-10-05T07:24:20.381580467Z","level":"INFO","msg":"request","role":"gateway","method":"GET","path":"/api/payments","status":200,"duration_ms":2}
[pod/gateway-fd59d8695-6pgg9/gateway] {"time":"2026-10-05T07:24:20.635834971Z","level":"INFO","msg":"request","role":"gateway","method":"GET","path":"/api/payments","status":200,"duration_ms":2}
[pod/gateway-fd59d8695-6pgg9/gateway] {"time":"2026-10-05T07:24:20.890759496Z","level":"INFO","msg":"request","role":"gateway","method":"GET","path":"/api/payments","status":200,"duration_ms":2}
[pod/gateway-fd59d8695-6pgg9/gateway] {"time":"2026-10-05T07:24:21.146938733Z","level":"INFO","msg":"request","role":"gateway","method":"GET","path":"/api/payments","status":200,"duration_ms":3}
[pod/gateway-fd59d8695-6pgg9/gateway] {"time":"2026-10-05T07:24:21.400926672Z","level":"INFO","msg":"request","role":"gateway","method":"GET","path":"/api/payments","status":200,"duration_ms":1}
[pod/gateway-fd59d8695-6pgg9/gateway] {"time":"2026-10-05T07:24:21.653931506Z","level":"INFO","msg":"request","role":"gateway","method":"GET","path":"/api/payments","status":200,"duration_ms":1}
[pod/gateway-fd59d8695-6pgg9/gateway] {"time":"2026-10-05T07:24:21.908980119Z","level":"INFO","msg":"request","role":"gateway","method":"GET","path":"/api/payments","status":200,"duration_ms":2}
[pod/gateway-fd59d8695-6pgg9/gateway] {"time":"2026-10-05T07:24:22.164063566Z","level":"INFO","msg":"request","role":"gateway","method":"GET","path":"/api/payments","status":200,"duration_ms":2}
[pod/gateway-fd59d8695-6pgg9/gateway] {"time":"2026-10-05T07:24:22.418941643Z","level":"INFO","msg":"request","role":"gateway","method":"GET","path":"/api/payments","status":200,"duration_ms":2}
[pod/gateway-fd59d8695-6pgg9/gateway] {"time":"2026-10-05T07:24:22.673661227Z","level":"INFO","msg":"request","role":"gateway","method":"GET","path":"/api/payments","status":200,"duration_ms":2}
[pod/gateway-fd59d8695-6pgg9/gateway] {"time":"2026-10-05T07:24:22.929298938Z","level":"INFO","msg":"request","role":"gateway","method":"GET","path":"/api/payments","status":200,"duration_ms":2}
[pod/gateway-fd59d8695-6pgg9/gateway] {"time":"2026-10-05T07:24:23.186470819Z","level":"INFO","msg":"request","role":"gateway","method":"GET","path":"/api/payments","status":200,"duration_ms":3}
[pod/gateway-fd59d8695-6pgg9/gateway] {"time":"2026-10-05T07:24:23.442576261Z","level":"INFO","msg":"request","role":"gateway","method":"GET","path":"/api/payments","status":200,"duration_ms":2}
[pod/gateway-fd59d8695-6pgg9/gateway] {"time":"2026-10-05T07:24:23.694870397Z","level":"INFO","msg":"request","role":"gateway","method":"GET","path":"/api/payments","status":200,"duration_ms":0}
[pod/gateway-fd59d8695-6pgg9/gateway] {"time":"2026-10-05T07:24:23.949811672Z","level":"INFO","msg":"request","role":"gateway","method":"GET","path":"/api/payments","status":200,"duration_ms":2}
[pod/gateway-fd59d8695-6pgg9/gateway] {"time":"2026-10-05T07:24:24.338741891Z","level":"INFO","msg":"request","role":"gateway","method":"GET","path":"/api/audit","status":200,"duration_ms":3}
[pod/gateway-fd59d8695-6pgg9/gateway] {"time":"2026-10-05T07:24:24.340059742Z","level":"INFO","msg":"request","role":"gateway","method":"GET","path":"/api/payments","status":200,"duration_ms":0}
[pod/gateway-fd59d8695-6pgg9/gateway] {"time":"2026-10-05T07:24:50.791845929Z","level":"INFO","msg":"request","role":"gateway","method":"POST","path":"/api/faults","status":200,"duration_ms":2}
[pod/gateway-fd59d8695-6pgg9/gateway] {"time":"2026-10-05T07:24:50.794352957Z","level":"INFO","msg":"request","role":"gateway","method":"POST","path":"/api/faults","status":200,"duration_ms":1}
[pod/gateway-fd59d8695-6pgg9/gateway] {"time":"2026-10-05T07:24:50.796356079Z","level":"INFO","msg":"request","role":"gateway","method":"POST","path":"/api/faults","status":200,"duration_ms":1}
[pod/gateway-fd59d8695-6pgg9/gateway] {"time":"2026-10-05T07:24:50.800677064Z","level":"INFO","msg":"request","role":"gateway","method":"POST","path":"/api/students","status":201,"duration_ms":3}
[pod/gateway-fd59d8695-6pgg9/gateway] {"time":"2026-10-05T07:24:50.808016497Z","level":"INFO","msg":"request","role":"gateway","method":"POST","path":"/api/payments","status":201,"duration_ms":6}
[pod/gateway-fd59d8695-6pgg9/gateway] {"time":"2026-10-05T07:24:50.813298229Z","level":"INFO","msg":"request","role":"gateway","method":"POST","path":"/api/grades","status":200,"duration_ms":4}
[pod/gateway-fd59d8695-6pgg9/gateway] {"time":"2026-10-05T07:24:50.815381001Z","level":"INFO","msg":"request","role":"gateway","method":"GET","path":"/api/payments","status":200,"duration_ms":0}
[pod/gateway-fd59d8695-6pgg9/gateway] {"time":"2026-10-05T07:24:50.81702476Z","level":"INFO","msg":"request","role":"gateway","method":"GET","path":"/api/payments","status":200,"duration_ms":0}
[pod/gateway-fd59d8695-6pgg9/gateway] {"time":"2026-10-05T07:24:50.818700465Z","level":"INFO","msg":"request","role":"gateway","method":"GET","path":"/api/payments","status":200,"duration_ms":0}
[pod/gateway-fd59d8695-6pgg9/gateway] {"time":"2026-10-05T07:24:50.820291541Z","level":"INFO","msg":"request","role":"gateway","method":"GET","path":"/api/payments","status":200,"duration_ms":0}
[pod/gateway-fd59d8695-6pgg9/gateway] {"time":"2026-10-05T07:24:50.821690464Z","level":"INFO","msg":"request","role":"gateway","method":"GET","path":"/api/payments","status":200,"duration_ms":0}
[pod/gateway-fd59d8695-6pgg9/gateway] {"time":"2026-10-05T07:24:50.824216328Z","level":"INFO","msg":"request","role":"gateway","method":"GET","path":"/api/payments","status":200,"duration_ms":1}
[pod/gateway-fd59d8695-6pgg9/gateway] {"time":"2026-10-05T07:24:50.826512784Z","level":"INFO","msg":"request","role":"gateway","method":"GET","path":"/api/payments","status":200,"duration_ms":1}
[pod/gateway-fd59d8695-6pgg9/gateway] {"time":"2026-10-05T07:24:50.828332147Z","level":"INFO","msg":"request","role":"gateway","method":"GET","path":"/api/payments","status":200,"duration_ms":0}
[pod/gateway-fd59d8695-6pgg9/gateway] {"time":"2026-10-05T07:24:50.829484885Z","level":"INFO","msg":"request","role":"gateway","method":"GET","path":"/api/payments","status":200,"duration_ms":0}
[pod/gateway-fd59d8695-6pgg9/gateway] {"time":"2026-10-05T07:24:50.830461287Z","level":"INFO","msg":"request","role":"gateway","method":"GET","path":"/api/payments","status":200,"duration_ms":0}
[pod/gateway-fd59d8695-6pgg9/gateway] {"time":"2026-10-05T07:24:50.831500687Z","level":"INFO","msg":"request","role":"gateway","method":"GET","path":"/api/payments","status":200,"duration_ms":0}
[pod/gateway-fd59d8695-6pgg9/gateway] {"time":"2026-10-05T07:24:50.832267217Z","level":"INFO","msg":"request","role":"gateway","method":"GET","path":"/api/payments","status":200,"duration_ms":0}
[pod/gateway-fd59d8695-6pgg9/gateway] {"time":"2026-10-05T07:24:50.833506972Z","level":"INFO","msg":"request","role":"gateway","method":"GET","path":"/api/payments","status":200,"duration_ms":0}
[pod/gateway-fd59d8695-6pgg9/gateway] {"time":"2026-10-05T07:24:51.088253594Z","level":"INFO","msg":"request","role":"gateway","method":"GET","path":"/api/payments","status":200,"duration_ms":2}
[pod/gateway-fd59d8695-6pgg9/gateway] {"time":"2026-10-05T07:24:51.342274573Z","level":"INFO","msg":"request","role":"gateway","method":"GET","path":"/api/payments","status":200,"duration_ms":1}
[pod/gateway-fd59d8695-6pgg9/gateway] {"time":"2026-10-05T07:24:51.597411885Z","level":"INFO","msg":"request","role":"gateway","method":"GET","path":"/api/payments","status":200,"duration_ms":2}
[pod/gateway-fd59d8695-6pgg9/gateway] {"time":"2026-10-05T07:24:51.851353982Z","level":"INFO","msg":"request","role":"gateway","method":"GET","path":"/api/payments","status":200,"duration_ms":1}
[pod/gateway-fd59d8695-6pgg9/gateway] {"time":"2026-10-05T07:24:52.106490836Z","level":"INFO","msg":"request","role":"gateway","method":"GET","path":"/api/payments","status":200,"duration_ms":2}
[pod/gateway-fd59d8695-6pgg9/gateway] {"time":"2026-10-05T07:24:52.359612062Z","level":"INFO","msg":"request","role":"gateway","method":"GET","path":"/api/payments","status":200,"duration_ms":1}
[pod/gateway-fd59d8695-6pgg9/gateway] {"time":"2026-10-05T07:24:52.61492068Z","level":"INFO","msg":"request","role":"gateway","method":"GET","path":"/api/payments","status":200,"duration_ms":2}
[pod/gateway-fd59d8695-6pgg9/gateway] {"time":"2026-10-05T07:24:52.867534893Z","level":"INFO","msg":"request","role":"gateway","method":"GET","path":"/api/payments","status":200,"duration_ms":1}
[pod/gateway-fd59d8695-6pgg9/gateway] {"time":"2026-10-05T07:24:53.12113744Z","level":"INFO","msg":"request","role":"gateway","method":"GET","path":"/api/payments","status":200,"duration_ms":2}
[pod/gateway-fd59d8695-6pgg9/gateway] {"time":"2026-10-05T07:24:53.37561189Z","level":"INFO","msg":"request","role":"gateway","method":"GET","path":"/api/payments","status":200,"duration_ms":2}
[pod/gateway-fd59d8695-6pgg9/gateway] {"time":"2026-10-05T07:24:53.629261818Z","level":"INFO","msg":"request","role":"gateway","method":"GET","path":"/api/payments","status":200,"duration_ms":1}
[pod/gateway-fd59d8695-6pgg9/gateway] {"time":"2026-10-05T07:24:53.885432942Z","level":"INFO","msg":"request","role":"gateway","method":"GET","path":"/api/payments","status":200,"duration_ms":2}
[pod/gateway-fd59d8695-6pgg9/gateway] {"time":"2026-10-05T07:24:54.137526231Z","level":"INFO","msg":"request","role":"gateway","method":"GET","path":"/api/payments","status":503,"duration_ms":0}
[pod/gateway-fd59d8695-6pgg9/gateway] {"time":"2026-10-05T07:24:59.390855544Z","level":"INFO","msg":"request","role":"gateway","method":"GET","path":"/api/payments","status":503,"duration_ms":5000}
[pod/gateway-fd59d8695-6pgg9/gateway] {"time":"2026-10-05T07:24:59.648410786Z","level":"INFO","msg":"request","role":"gateway","method":"GET","path":"/api/payments","status":503,"duration_ms":4}
[pod/gateway-fd59d8695-6pgg9/gateway] {"time":"2026-10-05T07:24:59.903447008Z","level":"INFO","msg":"request","role":"gateway","method":"GET","path":"/api/payments","status":503,"duration_ms":2}
[pod/gateway-fd59d8695-6pgg9/gateway] {"time":"2026-10-05T07:25:00.158344722Z","level":"INFO","msg":"request","role":"gateway","method":"GET","path":"/api/payments","status":503,"duration_ms":2}
[pod/gateway-fd59d8695-6pgg9/gateway] {"time":"2026-10-05T07:25:00.412427632Z","level":"INFO","msg":"request","role":"gateway","method":"GET","path":"/api/payments","status":503,"duration_ms":1}
[pod/gateway-fd59d8695-6pgg9/gateway] {"time":"2026-10-05T07:25:00.665885926Z","level":"INFO","msg":"request","role":"gateway","method":"GET","path":"/api/payments","status":503,"duration_ms":1}
[pod/gateway-fd59d8695-6pgg9/gateway] {"time":"2026-10-05T07:25:00.922137994Z","level":"INFO","msg":"request","role":"gateway","method":"GET","path":"/api/payments","status":503,"duration_ms":2}
[pod/gateway-fd59d8695-6pgg9/gateway] {"time":"2026-10-05T07:25:01.175039002Z","level":"INFO","msg":"request","role":"gateway","method":"GET","path":"/api/payments","status":503,"duration_ms":1}
[pod/gateway-fd59d8695-6pgg9/gateway] {"time":"2026-10-05T07:25:02.478292657Z","level":"INFO","msg":"request","role":"gateway","method":"GET","path":"/api/payments","status":503,"duration_ms":1051}
[pod/gateway-fd59d8695-6pgg9/gateway] {"time":"2026-10-05T07:25:02.73473097Z","level":"INFO","msg":"request","role":"gateway","method":"GET","path":"/api/payments","status":503,"duration_ms":3}
[pod/gateway-fd59d8695-6pgg9/gateway] {"time":"2026-10-05T07:25:04.013784748Z","level":"INFO","msg":"request","role":"gateway","method":"GET","path":"/api/payments","status":503,"duration_ms":1027}
[pod/gateway-fd59d8695-6pgg9/gateway] {"time":"2026-10-05T07:25:05.29416599Z","level":"INFO","msg":"request","role":"gateway","method":"GET","path":"/api/payments","status":503,"duration_ms":1027}
[pod/gateway-fd59d8695-6pgg9/gateway] {"time":"2026-10-05T07:25:06.574471128Z","level":"INFO","msg":"request","role":"gateway","method":"GET","path":"/api/payments","status":503,"duration_ms":1027}
[pod/gateway-fd59d8695-6pgg9/gateway] {"time":"2026-10-05T07:25:06.844547443Z","level":"INFO","msg":"request","role":"gateway","method":"GET","path":"/api/payments","status":200,"duration_ms":16}
[pod/gateway-fd59d8695-6pgg9/gateway] {"time":"2026-10-05T07:25:07.099471391Z","level":"INFO","msg":"request","role":"gateway","method":"GET","path":"/api/payments","status":200,"duration_ms":2}
[pod/gateway-fd59d8695-6pgg9/gateway] {"time":"2026-10-05T07:25:07.354685091Z","level":"INFO","msg":"request","role":"gateway","method":"GET","path":"/api/payments","status":200,"duration_ms":2}
[pod/gateway-fd59d8695-6pgg9/gateway] {"time":"2026-10-05T07:25:07.610448327Z","level":"INFO","msg":"request","role":"gateway","method":"GET","path":"/api/payments","status":200,"duration_ms":2}
[pod/gateway-fd59d8695-6pgg9/gateway] {"time":"2026-10-05T07:25:07.866684231Z","level":"INFO","msg":"request","role":"gateway","method":"GET","path":"/api/payments","status":200,"duration_ms":3}
[pod/gateway-fd59d8695-6pgg9/gateway] {"time":"2026-10-05T07:25:08.121350241Z","level":"INFO","msg":"request","role":"gateway","method":"GET","path":"/api/payments","status":200,"duration_ms":2}
[pod/gateway-fd59d8695-6pgg9/gateway] {"time":"2026-10-05T07:25:08.37679637Z","level":"INFO","msg":"request","role":"gateway","method":"GET","path":"/api/payments","status":200,"duration_ms":2}
[pod/gateway-fd59d8695-6pgg9/gateway] {"time":"2026-10-05T07:25:08.630868626Z","level":"INFO","msg":"request","role":"gateway","method":"GET","path":"/api/payments","status":200,"duration_ms":1}
[pod/gateway-fd59d8695-6pgg9/gateway] {"time":"2026-10-05T07:25:08.885472665Z","level":"INFO","msg":"request","role":"gateway","method":"GET","path":"/api/payments","status":200,"duration_ms":2}
[pod/gateway-fd59d8695-6pgg9/gateway] {"time":"2026-10-05T07:25:09.138780157Z","level":"INFO","msg":"request","role":"gateway","method":"GET","path":"/api/payments","status":200,"duration_ms":1}
[pod/gateway-fd59d8695-6pgg9/gateway] {"time":"2026-10-05T07:25:09.394149569Z","level":"INFO","msg":"request","role":"gateway","method":"GET","path":"/api/payments","status":200,"duration_ms":2}
[pod/gateway-fd59d8695-6pgg9/gateway] {"time":"2026-10-05T07:25:09.65019777Z","level":"INFO","msg":"request","role":"gateway","method":"GET","path":"/api/payments","status":200,"duration_ms":3}
[pod/gateway-fd59d8695-6pgg9/gateway] {"time":"2026-10-05T07:25:09.906504704Z","level":"INFO","msg":"request","role":"gateway","method":"GET","path":"/api/payments","status":200,"duration_ms":2}
[pod/gateway-fd59d8695-6pgg9/gateway] {"time":"2026-10-05T07:25:10.162357322Z","level":"INFO","msg":"request","role":"gateway","method":"GET","path":"/api/payments","status":200,"duration_ms":2}
[pod/gateway-fd59d8695-6pgg9/gateway] {"time":"2026-10-05T07:25:10.415622917Z","level":"INFO","msg":"request","role":"gateway","method":"GET","path":"/api/payments","status":200,"duration_ms":1}
[pod/gateway-fd59d8695-6pgg9/gateway] {"time":"2026-10-05T07:25:10.670386246Z","level":"INFO","msg":"request","role":"gateway","method":"GET","path":"/api/payments","status":200,"duration_ms":2}
[pod/gateway-fd59d8695-6pgg9/gateway] {"time":"2026-10-05T07:25:10.924425558Z","level":"INFO","msg":"request","role":"gateway","method":"GET","path":"/api/payments","status":200,"duration_ms":1}
[pod/gateway-fd59d8695-6pgg9/gateway] {"time":"2026-10-05T07:25:11.179561844Z","level":"INFO","msg":"request","role":"gateway","method":"GET","path":"/api/payments","status":200,"duration_ms":3}
[pod/gateway-fd59d8695-6pgg9/gateway] {"time":"2026-10-05T07:25:11.434913848Z","level":"INFO","msg":"request","role":"gateway","method":"GET","path":"/api/payments","status":200,"duration_ms":2}
[pod/gateway-fd59d8695-6pgg9/gateway] {"time":"2026-10-05T07:25:11.688900058Z","level":"INFO","msg":"request","role":"gateway","method":"GET","path":"/api/payments","status":200,"duration_ms":1}
[pod/gateway-fd59d8695-6pgg9/gateway] {"time":"2026-10-05T07:25:11.944146701Z","level":"INFO","msg":"request","role":"gateway","method":"GET","path":"/api/payments","status":200,"duration_ms":3}
[pod/gateway-fd59d8695-6pgg9/gateway] {"time":"2026-10-05T07:25:12.199034047Z","level":"INFO","msg":"request","role":"gateway","method":"GET","path":"/api/payments","status":200,"duration_ms":2}
[pod/gateway-fd59d8695-6pgg9/gateway] {"time":"2026-10-05T07:25:12.453979472Z","level":"INFO","msg":"request","role":"gateway","method":"GET","path":"/api/payments","status":200,"duration_ms":2}
[pod/gateway-fd59d8695-6pgg9/gateway] {"time":"2026-10-05T07:25:12.70637248Z","level":"INFO","msg":"request","role":"gateway","method":"GET","path":"/api/payments","status":200,"duration_ms":0}
[pod/gateway-fd59d8695-6pgg9/gateway] {"time":"2026-10-05T07:25:12.958033484Z","level":"INFO","msg":"request","role":"gateway","method":"GET","path":"/api/payments","status":200,"duration_ms":0}
[pod/gateway-fd59d8695-6pgg9/gateway] {"time":"2026-10-05T07:25:13.212425924Z","level":"INFO","msg":"request","role":"gateway","method":"GET","path":"/api/payments","status":200,"duration_ms":2}
[pod/gateway-fd59d8695-6pgg9/gateway] {"time":"2026-10-05T07:25:13.465307594Z","level":"INFO","msg":"request","role":"gateway","method":"GET","path":"/api/payments","status":200,"duration_ms":1}
[pod/gateway-fd59d8695-6pgg9/gateway] {"time":"2026-10-05T07:25:13.718000526Z","level":"INFO","msg":"request","role":"gateway","method":"GET","path":"/api/payments","status":200,"duration_ms":1}
[pod/gateway-fd59d8695-6pgg9/gateway] {"time":"2026-10-05T07:25:13.973715426Z","level":"INFO","msg":"request","role":"gateway","method":"GET","path":"/api/payments","status":200,"duration_ms":2}
[pod/gateway-fd59d8695-6pgg9/gateway] {"time":"2026-10-05T07:25:14.229306452Z","level":"INFO","msg":"request","role":"gateway","method":"GET","path":"/api/payments","status":200,"duration_ms":2}
[pod/gateway-fd59d8695-6pgg9/gateway] {"time":"2026-10-05T07:25:14.485246748Z","level":"INFO","msg":"request","role":"gateway","method":"GET","path":"/api/payments","status":200,"duration_ms":2}
[pod/gateway-fd59d8695-6pgg9/gateway] {"time":"2026-10-05T07:25:14.739774106Z","level":"INFO","msg":"request","role":"gateway","method":"GET","path":"/api/payments","status":200,"duration_ms":1}
[pod/gateway-fd59d8695-6pgg9/gateway] {"time":"2026-10-05T07:25:14.995656441Z","level":"INFO","msg":"request","role":"gateway","method":"GET","path":"/api/payments","status":200,"duration_ms":2}
[pod/gateway-fd59d8695-6pgg9/gateway] {"time":"2026-10-05T07:25:15.249878357Z","level":"INFO","msg":"request","role":"gateway","method":"GET","path":"/api/payments","status":200,"duration_ms":2}
[pod/gateway-fd59d8695-6pgg9/gateway] {"time":"2026-10-05T07:25:15.50150014Z","level":"INFO","msg":"request","role":"gateway","method":"GET","path":"/api/payments","status":200,"duration_ms":0}
[pod/gateway-fd59d8695-6pgg9/gateway] {"time":"2026-10-05T07:25:15.753079848Z","level":"INFO","msg":"request","role":"gateway","method":"GET","path":"/api/payments","status":200,"duration_ms":0}
[pod/gateway-fd59d8695-6pgg9/gateway] {"time":"2026-10-05T07:25:16.008061357Z","level":"INFO","msg":"request","role":"gateway","method":"GET","path":"/api/payments","status":200,"duration_ms":2}
[pod/gateway-fd59d8695-6pgg9/gateway] {"time":"2026-10-05T07:25:16.263577Z","level":"INFO","msg":"request","role":"gateway","method":"GET","path":"/api/payments","status":200,"duration_ms":2}
[pod/gateway-fd59d8695-6pgg9/gateway] {"time":"2026-10-05T07:25:16.517132833Z","level":"INFO","msg":"request","role":"gateway","method":"GET","path":"/api/payments","status":200,"duration_ms":1}
[pod/gateway-fd59d8695-6pgg9/gateway] {"time":"2026-10-05T07:25:16.772543397Z","level":"INFO","msg":"request","role":"gateway","method":"GET","path":"/api/payments","status":200,"duration_ms":2}
[pod/gateway-fd59d8695-6pgg9/gateway] {"time":"2026-10-05T07:25:17.027878163Z","level":"INFO","msg":"request","role":"gateway","method":"GET","path":"/api/payments","status":200,"duration_ms":2}
[pod/gateway-fd59d8695-6pgg9/gateway] {"time":"2026-10-05T07:25:17.533064631Z","level":"INFO","msg":"request","role":"gateway","method":"GET","path":"/api/audit","status":200,"duration_ms":9}
[pod/gateway-fd59d8695-6pgg9/gateway] {"time":"2026-10-05T07:25:17.534439809Z","level":"INFO","msg":"request","role":"gateway","method":"GET","path":"/api/payments","status":200,"duration_ms":0}
[pod/gateway-fd59d8695-6pgg9/gateway] {"time":"2026-10-05T07:25:45.018589132Z","level":"INFO","msg":"request","role":"gateway","method":"POST","path":"/api/faults","status":200,"duration_ms":1}
[pod/gateway-fd59d8695-6pgg9/gateway] {"time":"2026-10-05T07:25:45.020085869Z","level":"INFO","msg":"request","role":"gateway","method":"POST","path":"/api/faults","status":200,"duration_ms":0}
[pod/gateway-fd59d8695-6pgg9/gateway] {"time":"2026-10-05T07:25:45.021521629Z","level":"INFO","msg":"request","role":"gateway","method":"POST","path":"/api/faults","status":200,"duration_ms":0}
[pod/gateway-fd59d8695-6pgg9/gateway] {"time":"2026-10-05T07:25:45.036022451Z","level":"INFO","msg":"request","role":"gateway","method":"POST","path":"/api/students","status":201,"duration_ms":14}
[pod/gateway-fd59d8695-6pgg9/gateway] {"time":"2026-10-05T07:25:45.04162312Z","level":"INFO","msg":"request","role":"gateway","method":"POST","path":"/api/payments","status":201,"duration_ms":4}
[pod/gateway-fd59d8695-6pgg9/gateway] {"time":"2026-10-05T07:25:45.056799071Z","level":"INFO","msg":"request","role":"gateway","method":"POST","path":"/api/grades","status":200,"duration_ms":14}
[pod/gateway-fd59d8695-6pgg9/gateway] {"time":"2026-10-05T07:25:45.060901259Z","level":"INFO","msg":"request","role":"gateway","method":"GET","path":"/api/transcript","status":200,"duration_ms":2}
[pod/gateway-fd59d8695-6pgg9/gateway] {"time":"2026-10-05T07:25:45.063073933Z","level":"INFO","msg":"request","role":"gateway","method":"GET","path":"/api/transcript","status":200,"duration_ms":1}
[pod/gateway-fd59d8695-6pgg9/gateway] {"time":"2026-10-05T07:25:45.06490737Z","level":"INFO","msg":"request","role":"gateway","method":"GET","path":"/api/transcript","status":200,"duration_ms":1}
[pod/gateway-fd59d8695-6pgg9/gateway] {"time":"2026-10-05T07:25:45.066699993Z","level":"INFO","msg":"request","role":"gateway","method":"GET","path":"/api/transcript","status":200,"duration_ms":0}
[pod/gateway-fd59d8695-6pgg9/gateway] {"time":"2026-10-05T07:25:45.068718105Z","level":"INFO","msg":"request","role":"gateway","method":"GET","path":"/api/transcript","status":200,"duration_ms":1}
[pod/gateway-fd59d8695-6pgg9/gateway] {"time":"2026-10-05T07:25:45.070197645Z","level":"INFO","msg":"request","role":"gateway","method":"GET","path":"/api/transcript","status":200,"duration_ms":0}
[pod/gateway-fd59d8695-6pgg9/gateway] {"time":"2026-10-05T07:25:45.071645747Z","level":"INFO","msg":"request","role":"gateway","method":"GET","path":"/api/transcript","status":200,"duration_ms":0}
[pod/gateway-fd59d8695-6pgg9/gateway] {"time":"2026-10-05T07:25:45.073179494Z","level":"INFO","msg":"request","role":"gateway","method":"GET","path":"/api/transcript","status":200,"duration_ms":0}
[pod/gateway-fd59d8695-6pgg9/gateway] {"time":"2026-10-05T07:25:45.074509133Z","level":"INFO","msg":"request","role":"gateway","method":"GET","path":"/api/transcript","status":200,"duration_ms":0}
[pod/gateway-fd59d8695-6pgg9/gateway] {"time":"2026-10-05T07:25:45.075701678Z","level":"INFO","msg":"request","role":"gateway","method":"GET","path":"/api/transcript","status":200,"duration_ms":0}
[pod/gateway-fd59d8695-6pgg9/gateway] {"time":"2026-10-05T07:25:45.077030294Z","level":"INFO","msg":"request","role":"gateway","method":"GET","path":"/api/transcript","status":200,"duration_ms":0}
[pod/gateway-fd59d8695-6pgg9/gateway] {"time":"2026-10-05T07:25:45.078242785Z","level":"INFO","msg":"request","role":"gateway","method":"GET","path":"/api/transcript","status":200,"duration_ms":0}
[pod/gateway-fd59d8695-6pgg9/gateway] {"time":"2026-10-05T07:25:45.08048035Z","level":"INFO","msg":"request","role":"gateway","method":"GET","path":"/api/transcript","status":200,"duration_ms":1}
[pod/gateway-fd59d8695-6pgg9/gateway] {"time":"2026-10-05T07:25:45.335840556Z","level":"INFO","msg":"request","role":"gateway","method":"GET","path":"/api/transcript","status":200,"duration_ms":3}
[pod/gateway-fd59d8695-6pgg9/gateway] {"time":"2026-10-05T07:25:45.592711559Z","level":"INFO","msg":"request","role":"gateway","method":"GET","path":"/api/transcript","status":200,"duration_ms":4}
[pod/gateway-fd59d8695-6pgg9/gateway] {"time":"2026-10-05T07:25:45.850630792Z","level":"INFO","msg":"request","role":"gateway","method":"GET","path":"/api/transcript","status":200,"duration_ms":4}
[pod/gateway-fd59d8695-6pgg9/gateway] {"time":"2026-10-05T07:25:46.107535803Z","level":"INFO","msg":"request","role":"gateway","method":"GET","path":"/api/transcript","status":200,"duration_ms":4}
[pod/gateway-fd59d8695-6pgg9/gateway] {"time":"2026-10-05T07:25:46.361732499Z","level":"INFO","msg":"request","role":"gateway","method":"GET","path":"/api/transcript","status":200,"duration_ms":2}
[pod/gateway-fd59d8695-6pgg9/gateway] {"time":"2026-10-05T07:25:46.618663621Z","level":"INFO","msg":"request","role":"gateway","method":"GET","path":"/api/transcript","status":200,"duration_ms":4}
[pod/gateway-fd59d8695-6pgg9/gateway] {"time":"2026-10-05T07:25:46.87365558Z","level":"INFO","msg":"request","role":"gateway","method":"GET","path":"/api/transcript","status":200,"duration_ms":2}
[pod/gateway-fd59d8695-6pgg9/gateway] {"time":"2026-10-05T07:25:47.127510971Z","level":"INFO","msg":"request","role":"gateway","method":"GET","path":"/api/transcript","status":200,"duration_ms":2}
[pod/gateway-fd59d8695-6pgg9/gateway] {"time":"2026-10-05T07:25:47.383713301Z","level":"INFO","msg":"request","role":"gateway","method":"GET","path":"/api/transcript","status":200,"duration_ms":3}
[pod/gateway-fd59d8695-6pgg9/gateway] {"time":"2026-10-05T07:25:47.639505127Z","level":"INFO","msg":"request","role":"gateway","method":"GET","path":"/api/transcript","status":200,"duration_ms":3}
[pod/gateway-fd59d8695-6pgg9/gateway] {"time":"2026-10-05T07:25:47.89553481Z","level":"INFO","msg":"request","role":"gateway","method":"GET","path":"/api/transcript","status":200,"duration_ms":3}
[pod/gateway-fd59d8695-6pgg9/gateway] {"time":"2026-10-05T07:25:48.152531397Z","level":"INFO","msg":"request","role":"gateway","method":"GET","path":"/api/transcript","status":200,"duration_ms":4}
[pod/gateway-fd59d8695-6pgg9/gateway] {"time":"2026-10-05T07:25:48.153738155Z","level":"INFO","msg":"request","role":"gateway","method":"POST","path":"/api/faults","status":200,"duration_ms":4}
[pod/gateway-fd59d8695-6pgg9/gateway] {"time":"2026-10-05T07:25:50.408072304Z","level":"INFO","msg":"request","role":"gateway","method":"GET","path":"/api/transcript","status":200,"duration_ms":2003}
[pod/gateway-fd59d8695-6pgg9/gateway] {"time":"2026-10-05T07:25:52.666957406Z","level":"INFO","msg":"request","role":"gateway","method":"GET","path":"/api/transcript","status":200,"duration_ms":2006}
[pod/gateway-fd59d8695-6pgg9/gateway] {"time":"2026-10-05T07:25:54.926215763Z","level":"INFO","msg":"request","role":"gateway","method":"GET","path":"/api/transcript","status":200,"duration_ms":2005}
[pod/gateway-fd59d8695-6pgg9/gateway] {"time":"2026-10-05T07:25:57.183324236Z","level":"INFO","msg":"request","role":"gateway","method":"GET","path":"/api/transcript","status":200,"duration_ms":2004}
[pod/gateway-fd59d8695-6pgg9/gateway] {"time":"2026-10-05T07:25:58.160263153Z","level":"INFO","msg":"request","role":"gateway","method":"POST","path":"/api/faults","status":200,"duration_ms":4}
[pod/gateway-fd59d8695-6pgg9/gateway] {"time":"2026-10-05T07:25:59.441863253Z","level":"INFO","msg":"request","role":"gateway","method":"GET","path":"/api/transcript","status":200,"duration_ms":2006}
[pod/gateway-fd59d8695-6pgg9/gateway] {"time":"2026-10-05T07:25:59.697886138Z","level":"INFO","msg":"request","role":"gateway","method":"GET","path":"/api/transcript","status":200,"duration_ms":3}
[pod/gateway-fd59d8695-6pgg9/gateway] {"time":"2026-10-05T07:25:59.953539601Z","level":"INFO","msg":"request","role":"gateway","method":"GET","path":"/api/transcript","status":200,"duration_ms":3}
[pod/gateway-fd59d8695-6pgg9/gateway] {"time":"2026-10-05T07:26:00.208188184Z","level":"INFO","msg":"request","role":"gateway","method":"GET","path":"/api/transcript","status":200,"duration_ms":2}
[pod/gateway-fd59d8695-6pgg9/gateway] {"time":"2026-10-05T07:26:00.465687299Z","level":"INFO","msg":"request","role":"gateway","method":"GET","path":"/api/transcript","status":200,"duration_ms":4}
[pod/gateway-fd59d8695-6pgg9/gateway] {"time":"2026-10-05T07:26:00.722674126Z","level":"INFO","msg":"request","role":"gateway","method":"GET","path":"/api/transcript","status":200,"duration_ms":4}
[pod/gateway-fd59d8695-6pgg9/gateway] {"time":"2026-10-05T07:26:00.979936367Z","level":"INFO","msg":"request","role":"gateway","method":"GET","path":"/api/transcript","status":200,"duration_ms":4}
[pod/gateway-fd59d8695-6pgg9/gateway] {"time":"2026-10-05T07:26:01.234138709Z","level":"INFO","msg":"request","role":"gateway","method":"GET","path":"/api/transcript","status":200,"duration_ms":2}
[pod/gateway-fd59d8695-6pgg9/gateway] {"time":"2026-10-05T07:26:01.491405013Z","level":"INFO","msg":"request","role":"gateway","method":"GET","path":"/api/transcript","status":200,"duration_ms":4}
[pod/gateway-fd59d8695-6pgg9/gateway] {"time":"2026-10-05T07:26:01.748782986Z","level":"INFO","msg":"request","role":"gateway","method":"GET","path":"/api/transcript","status":200,"duration_ms":4}
[pod/gateway-fd59d8695-6pgg9/gateway] {"time":"2026-10-05T07:26:02.001873243Z","level":"INFO","msg":"request","role":"gateway","method":"GET","path":"/api/transcript","status":200,"duration_ms":1}
[pod/gateway-fd59d8695-6pgg9/gateway] {"time":"2026-10-05T07:26:02.25787994Z","level":"INFO","msg":"request","role":"gateway","method":"GET","path":"/api/transcript","status":200,"duration_ms":3}
[pod/gateway-fd59d8695-6pgg9/gateway] {"time":"2026-10-05T07:26:02.515523553Z","level":"INFO","msg":"request","role":"gateway","method":"GET","path":"/api/transcript","status":200,"duration_ms":4}
[pod/gateway-fd59d8695-6pgg9/gateway] {"time":"2026-10-05T07:26:02.77256035Z","level":"INFO","msg":"request","role":"gateway","method":"GET","path":"/api/transcript","status":200,"duration_ms":4}
[pod/gateway-fd59d8695-6pgg9/gateway] {"time":"2026-10-05T07:26:03.028065574Z","level":"INFO","msg":"request","role":"gateway","method":"GET","path":"/api/transcript","status":200,"duration_ms":3}
[pod/gateway-fd59d8695-6pgg9/gateway] {"time":"2026-10-05T07:26:03.28437343Z","level":"INFO","msg":"request","role":"gateway","method":"GET","path":"/api/transcript","status":200,"duration_ms":3}
[pod/gateway-fd59d8695-6pgg9/gateway] {"time":"2026-10-05T07:26:03.539963962Z","level":"INFO","msg":"request","role":"gateway","method":"GET","path":"/api/transcript","status":200,"duration_ms":3}
[pod/gateway-fd59d8695-6pgg9/gateway] {"time":"2026-10-05T07:26:03.794342584Z","level":"INFO","msg":"request","role":"gateway","method":"GET","path":"/api/transcript","status":200,"duration_ms":2}
[pod/gateway-fd59d8695-6pgg9/gateway] {"time":"2026-10-05T07:26:04.049505781Z","level":"INFO","msg":"request","role":"gateway","method":"GET","path":"/api/transcript","status":200,"duration_ms":2}
[pod/gateway-fd59d8695-6pgg9/gateway] {"time":"2026-10-05T07:26:04.306702681Z","level":"INFO","msg":"request","role":"gateway","method":"GET","path":"/api/transcript","status":200,"duration_ms":4}
[pod/gateway-fd59d8695-6pgg9/gateway] {"time":"2026-10-05T07:26:04.56315098Z","level":"INFO","msg":"request","role":"gateway","method":"GET","path":"/api/transcript","status":200,"duration_ms":3}
[pod/gateway-fd59d8695-6pgg9/gateway] {"time":"2026-10-05T07:26:04.821011634Z","level":"INFO","msg":"request","role":"gateway","method":"GET","path":"/api/transcript","status":200,"duration_ms":4}
[pod/gateway-fd59d8695-6pgg9/gateway] {"time":"2026-10-05T07:26:05.078344945Z","level":"INFO","msg":"request","role":"gateway","method":"GET","path":"/api/transcript","status":200,"duration_ms":4}
[pod/gateway-fd59d8695-6pgg9/gateway] {"time":"2026-10-05T07:26:05.33520429Z","level":"INFO","msg":"request","role":"gateway","method":"GET","path":"/api/transcript","status":200,"duration_ms":4}
[pod/gateway-fd59d8695-6pgg9/gateway] {"time":"2026-10-05T07:26:05.592138794Z","level":"INFO","msg":"request","role":"gateway","method":"GET","path":"/api/transcript","status":200,"duration_ms":4}
[pod/gateway-fd59d8695-6pgg9/gateway] {"time":"2026-10-05T07:26:05.847067467Z","level":"INFO","msg":"request","role":"gateway","method":"GET","path":"/api/transcript","status":200,"duration_ms":2}
[pod/gateway-fd59d8695-6pgg9/gateway] {"time":"2026-10-05T07:26:06.103359098Z","level":"INFO","msg":"request","role":"gateway","method":"GET","path":"/api/transcript","status":200,"duration_ms":3}
[pod/gateway-fd59d8695-6pgg9/gateway] {"time":"2026-10-05T07:26:06.355672198Z","level":"INFO","msg":"request","role":"gateway","method":"GET","path":"/api/transcript","status":200,"duration_ms":1}
[pod/gateway-fd59d8695-6pgg9/gateway] {"time":"2026-10-05T07:26:06.614128172Z","level":"INFO","msg":"request","role":"gateway","method":"GET","path":"/api/transcript","status":200,"duration_ms":5}
[pod/gateway-fd59d8695-6pgg9/gateway] {"time":"2026-10-05T07:26:06.869611749Z","level":"INFO","msg":"request","role":"gateway","method":"GET","path":"/api/transcript","status":200,"duration_ms":3}
[pod/gateway-fd59d8695-6pgg9/gateway] {"time":"2026-10-05T07:26:07.123263437Z","level":"INFO","msg":"request","role":"gateway","method":"GET","path":"/api/transcript","status":200,"duration_ms":1}
[pod/gateway-fd59d8695-6pgg9/gateway] {"time":"2026-10-05T07:26:07.377137232Z","level":"INFO","msg":"request","role":"gateway","method":"GET","path":"/api/transcript","status":200,"duration_ms":2}
[pod/gateway-fd59d8695-6pgg9/gateway] {"time":"2026-10-05T07:26:07.632080128Z","level":"INFO","msg":"request","role":"gateway","method":"GET","path":"/api/transcript","status":200,"duration_ms":3}
[pod/gateway-fd59d8695-6pgg9/gateway] {"time":"2026-10-05T07:26:07.888588669Z","level":"INFO","msg":"request","role":"gateway","method":"GET","path":"/api/transcript","status":200,"duration_ms":4}
[pod/gateway-fd59d8695-6pgg9/gateway] {"time":"2026-10-05T07:26:08.146167327Z","level":"INFO","msg":"request","role":"gateway","method":"GET","path":"/api/transcript","status":200,"duration_ms":4}
[pod/gateway-fd59d8695-6pgg9/gateway] {"time":"2026-10-05T07:26:08.401287439Z","level":"INFO","msg":"request","role":"gateway","method":"GET","path":"/api/transcript","status":200,"duration_ms":2}
[pod/gateway-fd59d8695-6pgg9/gateway] {"time":"2026-10-05T07:26:08.657915402Z","level":"INFO","msg":"request","role":"gateway","method":"GET","path":"/api/transcript","status":200,"duration_ms":3}
[pod/gateway-fd59d8695-6pgg9/gateway] {"time":"2026-10-05T07:26:08.91517869Z","level":"INFO","msg":"request","role":"gateway","method":"GET","path":"/api/transcript","status":200,"duration_ms":4}
[pod/gateway-fd59d8695-6pgg9/gateway] {"time":"2026-10-05T07:26:09.172301274Z","level":"INFO","msg":"request","role":"gateway","method":"GET","path":"/api/transcript","status":200,"duration_ms":4}
[pod/gateway-fd59d8695-6pgg9/gateway] {"time":"2026-10-05T07:26:09.429213744Z","level":"INFO","msg":"request","role":"gateway","method":"GET","path":"/api/transcript","status":200,"duration_ms":3}
[pod/gateway-fd59d8695-6pgg9/gateway] {"time":"2026-10-05T07:26:09.685959481Z","level":"INFO","msg":"request","role":"gateway","method":"GET","path":"/api/transcript","status":200,"duration_ms":4}
[pod/gateway-fd59d8695-6pgg9/gateway] {"time":"2026-10-05T07:26:09.941538031Z","level":"INFO","msg":"request","role":"gateway","method":"GET","path":"/api/transcript","status":200,"duration_ms":3}
[pod/gateway-fd59d8695-6pgg9/gateway] {"time":"2026-10-05T07:26:10.166116667Z","level":"INFO","msg":"request","role":"gateway","method":"GET","path":"/api/audit","status":200,"duration_ms":2}
[pod/gateway-fd59d8695-6pgg9/gateway] {"time":"2026-10-05T07:26:10.169698356Z","level":"INFO","msg":"request","role":"gateway","method":"GET","path":"/api/payments","status":200,"duration_ms":2}