[pod/gateway-7967dcb446-lwtqs/gateway] {"time":"2026-10-05T07:23:10.81175197Z","level":"INFO","msg":"service started","role":"gateway","fault_tolerant":true}
[pod/gateway-7967dcb446-lwtqs/gateway] {"time":"2026-10-05T07:24:24.751784475Z","level":"INFO","msg":"request","role":"gateway","method":"POST","path":"/api/faults","status":200,"duration_ms":1}
[pod/gateway-7967dcb446-lwtqs/gateway] {"time":"2026-10-05T07:24:24.755546385Z","level":"INFO","msg":"request","role":"gateway","method":"POST","path":"/api/faults","status":200,"duration_ms":1}
[pod/gateway-7967dcb446-lwtqs/gateway] {"time":"2026-10-05T07:24:24.761298796Z","level":"INFO","msg":"request","role":"gateway","method":"POST","path":"/api/students","status":201,"duration_ms":5}
[pod/gateway-7967dcb446-lwtqs/gateway] {"time":"2026-10-05T07:24:24.77738391Z","level":"INFO","msg":"request","role":"gateway","method":"POST","path":"/api/grades","status":200,"duration_ms":7}
[pod/gateway-7967dcb446-lwtqs/gateway] {"time":"2026-10-05T07:24:24.782461648Z","level":"INFO","msg":"request","role":"gateway","method":"GET","path":"/api/payments","status":200,"duration_ms":1}
[pod/gateway-7967dcb446-lwtqs/gateway] {"time":"2026-10-05T07:24:24.785779483Z","level":"INFO","msg":"request","role":"gateway","method":"GET","path":"/api/payments","status":200,"duration_ms":0}
[pod/gateway-7967dcb446-lwtqs/gateway] {"time":"2026-10-05T07:24:24.791183653Z","level":"INFO","msg":"request","role":"gateway","method":"GET","path":"/api/payments","status":200,"duration_ms":0}
[pod/gateway-7967dcb446-lwtqs/gateway] {"time":"2026-10-05T07:24:24.792114117Z","level":"INFO","msg":"request","role":"gateway","method":"GET","path":"/api/payments","status":200,"duration_ms":0}
[pod/gateway-7967dcb446-lwtqs/gateway] {"time":"2026-10-05T07:24:24.793255667Z","level":"INFO","msg":"request","role":"gateway","method":"GET","path":"/api/payments","status":200,"duration_ms":0}
[pod/gateway-7967dcb446-lwtqs/gateway] {"time":"2026-10-05T07:24:25.301056604Z","level":"INFO","msg":"request","role":"gateway","method":"GET","path":"/api/payments","status":200,"duration_ms":2}
[pod/gateway-7967dcb446-lwtqs/gateway] {"time":"2026-10-05T07:24:25.809209924Z","level":"INFO","msg":"request","role":"gateway","method":"GET","path":"/api/payments","status":200,"duration_ms":2}
[pod/gateway-7967dcb446-lwtqs/gateway] {"time":"2026-10-05T07:24:26.06389714Z","level":"INFO","msg":"request","role":"gateway","method":"GET","path":"/api/payments","status":200,"duration_ms":2}
[pod/gateway-7967dcb446-lwtqs/gateway] {"time":"2026-10-05T07:24:26.317355607Z","level":"INFO","msg":"request","role":"gateway","method":"GET","path":"/api/payments","status":200,"duration_ms":1}
[pod/gateway-7967dcb446-lwtqs/gateway] {"time":"2026-10-05T07:24:26.572832729Z","level":"INFO","msg":"request","role":"gateway","method":"GET","path":"/api/payments","status":200,"duration_ms":2}
[pod/gateway-7967dcb446-lwtqs/gateway] {"time":"2026-10-05T07:24:26.82896474Z","level":"INFO","msg":"request","role":"gateway","method":"GET","path":"/api/payments","status":200,"duration_ms":2}
[pod/gateway-7967dcb446-lwtqs/gateway] {"time":"2026-10-05T07:24:27.595007932Z","level":"INFO","msg":"request","role":"gateway","method":"GET","path":"/api/payments","status":200,"duration_ms":2}
[pod/gateway-7967dcb446-lwtqs/gateway] {"time":"2026-10-05T07:24:28.866552499Z","level":"INFO","msg":"request","role":"gateway","method":"GET","path":"/api/payments","status":200,"duration_ms":2}
[pod/gateway-7967dcb446-lwtqs/gateway] {"time":"2026-10-05T07:24:30.39108428Z","level":"INFO","msg":"request","role":"gateway","method":"GET","path":"/api/payments","status":200,"duration_ms":1}
[pod/gateway-7967dcb446-lwtqs/gateway] {"time":"2026-10-05T07:24:30.89809215Z","level":"INFO","msg":"request","role":"gateway","method":"GET","path":"/api/payments","status":200,"duration_ms":0}
[pod/gateway-7967dcb446-lwtqs/gateway] {"time":"2026-10-05T07:24:31.153478963Z","level":"INFO","msg":"request","role":"gateway","method":"GET","path":"/api/payments","status":200,"duration_ms":3}
[pod/gateway-7967dcb446-lwtqs/gateway] {"time":"2026-10-05T07:24:31.918006143Z","level":"INFO","msg":"request","role":"gateway","method":"GET","path":"/api/payments","status":200,"duration_ms":2}
[pod/gateway-7967dcb446-lwtqs/gateway] {"time":"2026-10-05T07:24:32.172475648Z","level":"INFO","msg":"request","role":"gateway","method":"GET","path":"/api/payments","status":200,"duration_ms":2}
[pod/gateway-7967dcb446-lwtqs/gateway] {"time":"2026-10-05T07:24:32.937609528Z","level":"INFO","msg":"request","role":"gateway","method":"GET","path":"/api/payments","status":200,"duration_ms":2}
[pod/gateway-7967dcb446-lwtqs/gateway] {"time":"2026-10-05T07:24:33.190960266Z","level":"INFO","msg":"request","role":"gateway","method":"GET","path":"/api/payments","status":200,"duration_ms":1}
[pod/gateway-7967dcb446-lwtqs/gateway] {"time":"2026-10-05T07:24:33.445486225Z","level":"INFO","msg":"request","role":"gateway","method":"GET","path":"/api/payments","status":200,"duration_ms":1}
[pod/gateway-7967dcb446-lwtqs/gateway] {"time":"2026-10-05T07:24:33.698717624Z","level":"INFO","msg":"request","role":"gateway","method":"GET","path":"/api/payments","status":200,"duration_ms":1}
[pod/gateway-7967dcb446-lwtqs/gateway] {"time":"2026-10-05T07:24:34.208392083Z","level":"INFO","msg":"request","role":"gateway","method":"GET","path":"/api/payments","status":200,"duration_ms":2}
[pod/gateway-7967dcb446-lwtqs/gateway] {"time":"2026-10-05T07:24:34.71828593Z","level":"INFO","msg":"request","role":"gateway","method":"GET","path":"/api/payments","status":200,"duration_ms":2}
[pod/gateway-7967dcb446-lwtqs/gateway] {"time":"2026-10-05T07:24:34.973355237Z","level":"INFO","msg":"request","role":"gateway","method":"GET","path":"/api/payments","status":200,"duration_ms":2}
[pod/gateway-7967dcb446-lwtqs/gateway] {"time":"2026-10-05T07:24:35.228561764Z","level":"INFO","msg":"request","role":"gateway","method":"GET","path":"/api/payments","status":200,"duration_ms":2}
[pod/gateway-7967dcb446-lwtqs/gateway] {"time":"2026-10-05T07:24:35.483741259Z","level":"INFO","msg":"request","role":"gateway","method":"GET","path":"/api/payments","status":200,"duration_ms":2}
[pod/gateway-7967dcb446-lwtqs/gateway] {"time":"2026-10-05T07:24:36.246028608Z","level":"INFO","msg":"request","role":"gateway","method":"GET","path":"/api/payments","status":200,"duration_ms":2}
[pod/gateway-7967dcb446-lwtqs/gateway] {"time":"2026-10-05T07:24:36.502298725Z","level":"INFO","msg":"request","role":"gateway","method":"GET","path":"/api/payments","status":200,"duration_ms":3}
[pod/gateway-7967dcb446-lwtqs/gateway] {"time":"2026-10-05T07:24:37.013510829Z","level":"INFO","msg":"request","role":"gateway","method":"GET","path":"/api/payments","status":200,"duration_ms":2}
[pod/gateway-7967dcb446-lwtqs/gateway] {"time":"2026-10-05T07:24:37.267565257Z","level":"INFO","msg":"request","role":"gateway","method":"GET","path":"/api/payments","status":200,"duration_ms":2}
[pod/gateway-7967dcb446-lwtqs/gateway] {"time":"2026-10-05T07:24:37.776668014Z","level":"INFO","msg":"request","role":"gateway","method":"GET","path":"/api/payments","status":200,"duration_ms":1}
[pod/gateway-7967dcb446-lwtqs/gateway] {"time":"2026-10-05T07:24:38.796768078Z","level":"INFO","msg":"request","role":"gateway","method":"GET","path":"/api/payments","status":200,"duration_ms":3}
[pod/gateway-7967dcb446-lwtqs/gateway] {"time":"2026-10-05T07:24:39.050978455Z","level":"INFO","msg":"request","role":"gateway","method":"GET","path":"/api/payments","status":200,"duration_ms":2}
[pod/gateway-7967dcb446-lwtqs/gateway] {"time":"2026-10-05T07:24:39.560029954Z","level":"INFO","msg":"request","role":"gateway","method":"GET","path":"/api/payments","status":200,"duration_ms":1}
[pod/gateway-7967dcb446-lwtqs/gateway] {"time":"2026-10-05T07:24:39.814064232Z","level":"INFO","msg":"request","role":"gateway","method":"GET","path":"/api/payments","status":200,"duration_ms":1}
[pod/gateway-7967dcb446-lwtqs/gateway] {"time":"2026-10-05T07:24:40.068884673Z","level":"INFO","msg":"request","role":"gateway","method":"GET","path":"/api/payments","status":200,"duration_ms":2}
[pod/gateway-7967dcb446-lwtqs/gateway] {"time":"2026-10-05T07:24:40.323528647Z","level":"INFO","msg":"request","role":"gateway","method":"GET","path":"/api/payments","status":200,"duration_ms":2}
[pod/gateway-7967dcb446-lwtqs/gateway] {"time":"2026-10-05T07:24:41.841170154Z","level":"INFO","msg":"request","role":"gateway","method":"GET","path":"/api/payments","status":200,"duration_ms":0}
[pod/gateway-7967dcb446-lwtqs/gateway] {"time":"2026-10-05T07:24:43.367478239Z","level":"INFO","msg":"request","role":"gateway","method":"GET","path":"/api/payments","status":200,"duration_ms":1}
[pod/gateway-7967dcb446-lwtqs/gateway] {"time":"2026-10-05T07:24:43.622086471Z","level":"INFO","msg":"request","role":"gateway","method":"GET","path":"/api/payments","status":200,"duration_ms":2}
[pod/gateway-7967dcb446-lwtqs/gateway] {"time":"2026-10-05T07:24:44.642802584Z","level":"INFO","msg":"request","role":"gateway","method":"GET","path":"/api/payments","status":200,"duration_ms":2}
[pod/gateway-7967dcb446-lwtqs/gateway] {"time":"2026-10-05T07:24:44.89845973Z","level":"INFO","msg":"request","role":"gateway","method":"GET","path":"/api/payments","status":200,"duration_ms":3}
[pod/gateway-7967dcb446-lwtqs/gateway] {"time":"2026-10-05T07:24:45.918784441Z","level":"INFO","msg":"request","role":"gateway","method":"GET","path":"/api/payments","status":200,"duration_ms":2}
[pod/gateway-7967dcb446-lwtqs/gateway] {"time":"2026-10-05T07:24:46.17424699Z","level":"INFO","msg":"request","role":"gateway","method":"GET","path":"/api/payments","status":200,"duration_ms":2}
[pod/gateway-7967dcb446-lwtqs/gateway] {"time":"2026-10-05T07:24:46.680714813Z","level":"INFO","msg":"request","role":"gateway","method":"GET","path":"/api/payments","status":200,"duration_ms":1}
[pod/gateway-7967dcb446-lwtqs/gateway] {"time":"2026-10-05T07:24:46.936323305Z","level":"INFO","msg":"request","role":"gateway","method":"GET","path":"/api/payments","status":200,"duration_ms":2}
[pod/gateway-7967dcb446-lwtqs/gateway] {"time":"2026-10-05T07:24:47.190979203Z","level":"INFO","msg":"request","role":"gateway","method":"GET","path":"/api/payments","status":200,"duration_ms":2}
[pod/gateway-7967dcb446-lwtqs/gateway] {"time":"2026-10-05T07:24:47.698783392Z","level":"INFO","msg":"request","role":"gateway","method":"GET","path":"/api/payments","status":200,"duration_ms":1}
[pod/gateway-7967dcb446-lwtqs/gateway] {"time":"2026-10-05T07:24:47.952592562Z","level":"INFO","msg":"request","role":"gateway","method":"GET","path":"/api/payments","status":200,"duration_ms":1}
[pod/gateway-7967dcb446-lwtqs/gateway] {"time":"2026-10-05T07:24:48.462434188Z","level":"INFO","msg":"request","role":"gateway","method":"GET","path":"/api/payments","status":200,"duration_ms":3}
[pod/gateway-7967dcb446-lwtqs/gateway] {"time":"2026-10-05T07:24:48.715537985Z","level":"INFO","msg":"request","role":"gateway","method":"GET","path":"/api/payments","status":200,"duration_ms":0}
[pod/gateway-7967dcb446-lwtqs/gateway] {"time":"2026-10-05T07:24:48.969641997Z","level":"INFO","msg":"request","role":"gateway","method":"GET","path":"/api/payments","status":200,"duration_ms":2}
[pod/gateway-7967dcb446-lwtqs/gateway] {"time":"2026-10-05T07:24:49.479122235Z","level":"INFO","msg":"request","role":"gateway","method":"GET","path":"/api/payments","status":200,"duration_ms":1}
[pod/gateway-7967dcb446-lwtqs/gateway] {"time":"2026-10-05T07:24:49.733017215Z","level":"INFO","msg":"request","role":"gateway","method":"GET","path":"/api/payments","status":200,"duration_ms":1}
[pod/gateway-7967dcb446-lwtqs/gateway] {"time":"2026-10-05T07:24:50.320802503Z","level":"INFO","msg":"request","role":"gateway","method":"GET","path":"/api/payments","status":200,"duration_ms":0}
[pod/gateway-7967dcb446-xnm86/gateway] {"time":"2026-10-05T07:23:10.007241293Z","level":"INFO","msg":"service started","role":"gateway","fault_tolerant":true}
[pod/gateway-7967dcb446-xnm86/gateway] {"time":"2026-10-05T07:24:24.753969974Z","level":"INFO","msg":"request","role":"gateway","method":"POST","path":"/api/faults","status":200,"duration_ms":1}
[pod/gateway-7967dcb446-xnm86/gateway] {"time":"2026-10-05T07:24:24.769130095Z","level":"INFO","msg":"request","role":"gateway","method":"POST","path":"/api/payments","status":201,"duration_ms":7}
[pod/gateway-7967dcb446-xnm86/gateway] {"time":"2026-10-05T07:24:24.779536348Z","level":"INFO","msg":"request","role":"gateway","method":"GET","path":"/api/payments","status":200,"duration_ms":1}
[pod/gateway-7967dcb446-xnm86/gateway] {"time":"2026-10-05T07:24:24.780463155Z","level":"INFO","msg":"request","role":"gateway","method":"GET","path":"/api/payments","status":200,"duration_ms":0}
[pod/gateway-7967dcb446-xnm86/gateway] {"time":"2026-10-05T07:24:24.783644568Z","level":"INFO","msg":"request","role":"gateway","method":"GET","path":"/api/payments","status":200,"duration_ms":0}
[pod/gateway-7967dcb446-xnm86/gateway] {"time":"2026-10-05T07:24:24.784906476Z","level":"INFO","msg":"request","role":"gateway","method":"GET","path":"/api/payments","status":200,"duration_ms":0}
[pod/gateway-7967dcb446-xnm86/gateway] {"time":"2026-10-05T07:24:24.786558894Z","level":"INFO","msg":"request","role":"gateway","method":"GET","path":"/api/payments","status":200,"duration_ms":0}
[pod/gateway-7967dcb446-xnm86/gateway] {"time":"2026-10-05T07:24:24.787333837Z","level":"INFO","msg":"request","role":"gateway","method":"GET","path":"/api/payments","status":200,"duration_ms":0}
[pod/gateway-7967dcb446-xnm86/gateway] {"time":"2026-10-05T07:24:24.788559745Z","level":"INFO","msg":"request","role":"gateway","method":"GET","path":"/api/payments","status":200,"duration_ms":0}
[pod/gateway-7967dcb446-xnm86/gateway] {"time":"2026-10-05T07:24:24.790176792Z","level":"INFO","msg":"request","role":"gateway","method":"GET","path":"/api/payments","status":200,"duration_ms":0}
[pod/gateway-7967dcb446-xnm86/gateway] {"time":"2026-10-05T07:24:25.045872473Z","level":"INFO","msg":"request","role":"gateway","method":"GET","path":"/api/payments","status":200,"duration_ms":1}
[pod/gateway-7967dcb446-xnm86/gateway] {"time":"2026-10-05T07:24:25.554210178Z","level":"INFO","msg":"request","role":"gateway","method":"GET","path":"/api/payments","status":200,"duration_ms":1}
[pod/gateway-7967dcb446-xnm86/gateway] {"time":"2026-10-05T07:24:27.084692928Z","level":"INFO","msg":"request","role":"gateway","method":"GET","path":"/api/payments","status":200,"duration_ms":2}
[pod/gateway-7967dcb446-xnm86/gateway] {"time":"2026-10-05T07:24:27.340070076Z","level":"INFO","msg":"request","role":"gateway","method":"GET","path":"/api/payments","status":200,"duration_ms":2}
[pod/gateway-7967dcb446-xnm86/gateway] {"time":"2026-10-05T07:24:27.849505759Z","level":"INFO","msg":"request","role":"gateway","method":"GET","path":"/api/payments","status":200,"duration_ms":2}
[pod/gateway-7967dcb446-xnm86/gateway] {"time":"2026-10-05T07:24:28.102353729Z","level":"INFO","msg":"request","role":"gateway","method":"GET","path":"/api/payments","status":200,"duration_ms":1}
[pod/gateway-7967dcb446-xnm86/gateway] {"time":"2026-10-05T07:24:28.355128225Z","level":"INFO","msg":"request","role":"gateway","method":"GET","path":"/api/payments","status":200,"duration_ms":1}
[pod/gateway-7967dcb446-xnm86/gateway] {"time":"2026-10-05T07:24:28.610325761Z","level":"INFO","msg":"request","role":"gateway","method":"GET","path":"/api/payments","status":200,"duration_ms":3}
[pod/gateway-7967dcb446-xnm86/gateway] {"time":"2026-10-05T07:24:29.12214884Z","level":"INFO","msg":"request","role":"gateway","method":"GET","path":"/api/payments","status":200,"duration_ms":2}
[pod/gateway-7967dcb446-xnm86/gateway] {"time":"2026-10-05T07:24:29.376142622Z","level":"INFO","msg":"request","role":"gateway","method":"GET","path":"/api/payments","status":200,"duration_ms":1}
[pod/gateway-7967dcb446-xnm86/gateway] {"time":"2026-10-05T07:24:29.630319778Z","level":"INFO","msg":"request","role":"gateway","method":"GET","path":"/api/payments","status":200,"duration_ms":1}
[pod/gateway-7967dcb446-xnm86/gateway] {"time":"2026-10-05T07:24:29.885589603Z","level":"INFO","msg":"request","role":"gateway","method":"GET","path":"/api/payments","status":200,"duration_ms":2}
[pod/gateway-7967dcb446-xnm86/gateway] {"time":"2026-10-05T07:24:30.138255948Z","level":"INFO","msg":"request","role":"gateway","method":"GET","path":"/api/payments","status":200,"duration_ms":0}
[pod/gateway-7967dcb446-xnm86/gateway] {"time":"2026-10-05T07:24:30.646001395Z","level":"INFO","msg":"request","role":"gateway","method":"GET","path":"/api/payments","status":200,"duration_ms":2}
[pod/gateway-7967dcb446-xnm86/gateway] {"time":"2026-10-05T07:24:31.407472601Z","level":"INFO","msg":"request","role":"gateway","method":"GET","path":"/api/payments","status":200,"duration_ms":1}
[pod/gateway-7967dcb446-xnm86/gateway] {"time":"2026-10-05T07:24:31.662778341Z","level":"INFO","msg":"request","role":"gateway","method":"GET","path":"/api/payments","status":200,"duration_ms":2}
[pod/gateway-7967dcb446-xnm86/gateway] {"time":"2026-10-05T07:24:32.426502654Z","level":"INFO","msg":"request","role":"gateway","method":"GET","path":"/api/payments","status":200,"duration_ms":2}
[pod/gateway-7967dcb446-xnm86/gateway] {"time":"2026-10-05T07:24:32.682738641Z","level":"INFO","msg":"request","role":"gateway","method":"GET","path":"/api/payments","status":200,"duration_ms":3}
[pod/gateway-7967dcb446-xnm86/gateway] {"time":"2026-10-05T07:24:33.953681183Z","level":"INFO","msg":"request","role":"gateway","method":"GET","path":"/api/payments","status":200,"duration_ms":2}
[pod/gateway-7967dcb446-xnm86/gateway] {"time":"2026-10-05T07:24:34.463307443Z","level":"INFO","msg":"request","role":"gateway","method":"GET","path":"/api/payments","status":200,"duration_ms":2}
[pod/gateway-7967dcb446-xnm86/gateway] {"time":"2026-10-05T07:24:35.737298936Z","level":"INFO","msg":"request","role":"gateway","method":"GET","path":"/api/payments","status":200,"duration_ms":1}
[pod/gateway-7967dcb446-xnm86/gateway] {"time":"2026-10-05T07:24:35.991068607Z","level":"INFO","msg":"request","role":"gateway","method":"GET","path":"/api/payments","status":200,"duration_ms":1}
[pod/gateway-7967dcb446-xnm86/gateway] {"time":"2026-10-05T07:24:36.75772225Z","level":"INFO","msg":"request","role":"gateway","method":"GET","path":"/api/payments","status":200,"duration_ms":2}
[pod/gateway-7967dcb446-xnm86/gateway] {"time":"2026-10-05T07:24:37.522490367Z","level":"INFO","msg":"request","role":"gateway","method":"GET","path":"/api/payments","status":200,"duration_ms":2}
[pod/gateway-7967dcb446-xnm86/gateway] {"time":"2026-10-05T07:24:38.031153985Z","level":"INFO","msg":"request","role":"gateway","method":"GET","path":"/api/payments","status":200,"duration_ms":2}
[pod/gateway-7967dcb446-xnm86/gateway] {"time":"2026-10-05T07:24:38.28613779Z","level":"INFO","msg":"request","role":"gateway","method":"GET","path":"/api/payments","status":200,"duration_ms":2}
[pod/gateway-7967dcb446-xnm86/gateway] {"time":"2026-10-05T07:24:38.541297197Z","level":"INFO","msg":"request","role":"gateway","method":"GET","path":"/api/payments","status":200,"duration_ms":2}
[pod/gateway-7967dcb446-xnm86/gateway] {"time":"2026-10-05T07:24:39.306577511Z","level":"INFO","msg":"request","role":"gateway","method":"GET","path":"/api/payments","status":200,"duration_ms":2}
[pod/gateway-7967dcb446-xnm86/gateway] {"time":"2026-10-05T07:24:40.575693803Z","level":"INFO","msg":"request","role":"gateway","method":"GET","path":"/api/payments","status":200,"duration_ms":0}
[pod/gateway-7967dcb446-xnm86/gateway] {"time":"2026-10-05T07:24:40.830015377Z","level":"INFO","msg":"request","role":"gateway","method":"GET","path":"/api/payments","status":200,"duration_ms":2}
[pod/gateway-7967dcb446-xnm86/gateway] {"time":"2026-10-05T07:24:41.085149342Z","level":"INFO","msg":"request","role":"gateway","method":"GET","path":"/api/payments","status":200,"duration_ms":2}
[pod/gateway-7967dcb446-xnm86/gateway] {"time":"2026-10-05T07:24:41.337435347Z","level":"INFO","msg":"request","role":"gateway","method":"GET","path":"/api/payments","status":200,"duration_ms":0}
[pod/gateway-7967dcb446-xnm86/gateway] {"time":"2026-10-05T07:24:41.589079443Z","level":"INFO","msg":"request","role":"gateway","method":"GET","path":"/api/payments","status":200,"duration_ms":0}
[pod/gateway-7967dcb446-xnm86/gateway] {"time":"2026-10-05T07:24:42.096289787Z","level":"INFO","msg":"request","role":"gateway","method":"GET","path":"/api/payments","status":200,"duration_ms":2}
[pod/gateway-7967dcb446-xnm86/gateway] {"time":"2026-10-05T07:24:42.349990156Z","level":"INFO","msg":"request","role":"gateway","method":"GET","path":"/api/payments","status":200,"duration_ms":1}
[pod/gateway-7967dcb446-xnm86/gateway] {"time":"2026-10-05T07:24:42.605382533Z","level":"INFO","msg":"request","role":"gateway","method":"GET","path":"/api/payments","status":200,"duration_ms":2}
[pod/gateway-7967dcb446-xnm86/gateway] {"time":"2026-10-05T07:24:42.860640431Z","level":"INFO","msg":"request","role":"gateway","method":"GET","path":"/api/payments","status":200,"duration_ms":2}
[pod/gateway-7967dcb446-xnm86/gateway] {"time":"2026-10-05T07:24:43.114258959Z","level":"INFO","msg":"request","role":"gateway","method":"GET","path":"/api/payments","status":200,"duration_ms":1}
[pod/gateway-7967dcb446-xnm86/gateway] {"time":"2026-10-05T07:24:43.87738492Z","level":"INFO","msg":"request","role":"gateway","method":"GET","path":"/api/payments","status":200,"duration_ms":2}
[pod/gateway-7967dcb446-xnm86/gateway] {"time":"2026-10-05T07:24:44.13208404Z","level":"INFO","msg":"request","role":"gateway","method":"GET","path":"/api/payments","status":200,"duration_ms":2}
[pod/gateway-7967dcb446-xnm86/gateway] {"time":"2026-10-05T07:24:44.387237397Z","level":"INFO","msg":"request","role":"gateway","method":"GET","path":"/api/payments","status":200,"duration_ms":2}
[pod/gateway-7967dcb446-xnm86/gateway] {"time":"2026-10-05T07:24:45.153791141Z","level":"INFO","msg":"request","role":"gateway","method":"GET","path":"/api/payments","status":200,"duration_ms":2}
[pod/gateway-7967dcb446-xnm86/gateway] {"time":"2026-10-05T07:24:45.407450874Z","level":"INFO","msg":"request","role":"gateway","method":"GET","path":"/api/payments","status":200,"duration_ms":1}
[pod/gateway-7967dcb446-xnm86/gateway] {"time":"2026-10-05T07:24:45.662579198Z","level":"INFO","msg":"request","role":"gateway","method":"GET","path":"/api/payments","status":200,"duration_ms":2}
[pod/gateway-7967dcb446-xnm86/gateway] {"time":"2026-10-05T07:24:46.427039567Z","level":"INFO","msg":"request","role":"gateway","method":"GET","path":"/api/payments","status":200,"duration_ms":1}
[pod/gateway-7967dcb446-xnm86/gateway] {"time":"2026-10-05T07:24:47.445136032Z","level":"INFO","msg":"request","role":"gateway","method":"GET","path":"/api/payments","status":200,"duration_ms":1}
[pod/gateway-7967dcb446-xnm86/gateway] {"time":"2026-10-05T07:24:48.206857723Z","level":"INFO","msg":"request","role":"gateway","method":"GET","path":"/api/payments","status":200,"duration_ms":2}
[pod/gateway-7967dcb446-xnm86/gateway] {"time":"2026-10-05T07:24:49.225294678Z","level":"INFO","msg":"request","role":"gateway","method":"GET","path":"/api/payments","status":200,"duration_ms":3}
[pod/gateway-7967dcb446-xnm86/gateway] {"time":"2026-10-05T07:24:49.986822463Z","level":"INFO","msg":"request","role":"gateway","method":"GET","path":"/api/payments","status":200,"duration_ms":1}
[pod/gateway-7967dcb446-xnm86/gateway] {"time":"2026-10-05T07:24:50.319745092Z","level":"INFO","msg":"request","role":"gateway","method":"GET","path":"/api/audit","status":200,"duration_ms":2}