[pod/gateway-7967dcb446-xnm86/gateway] {"time":"2026-10-05T07:23:10.007241293Z","level":"INFO","msg":"service started","role":"gateway","fault_tolerant":true}
[pod/gateway-7967dcb446-xnm86/gateway] {"time":"2026-10-05T07:24:24.753969974Z","level":"INFO","msg":"request","role":"gateway","method":"POST","path":"/api/faults","status":200,"duration_ms":1}
[pod/gateway-7967dcb446-xnm86/gateway] {"time":"2026-10-05T07:24:24.769130095Z","level":"INFO","msg":"request","role":"gateway","method":"POST","path":"/api/payments","status":201,"duration_ms":7}
[pod/gateway-7967dcb446-xnm86/gateway] {"time":"2026-10-05T07:24:24.779536348Z","level":"INFO","msg":"request","role":"gateway","method":"GET","path":"/api/payments","status":200,"duration_ms":1}
[pod/gateway-7967dcb446-xnm86/gateway] {"time":"2026-10-05T07:24:24.780463155Z","level":"INFO","msg":"request","role":"gateway","method":"GET","path":"/api/payments","status":200,"duration_ms":0}
[pod/gateway-7967dcb446-xnm86/gateway] {"time":"2026-10-05T07:24:24.783644568Z","level":"INFO","msg":"request","role":"gateway","method":"GET","path":"/api/payments","status":200,"duration_ms":0}
[pod/gateway-7967dcb446-xnm86/gateway] {"time":"2026-10-05T07:24:24.784906476Z","level":"INFO","msg":"request","role":"gateway","method":"GET","path":"/api/payments","status":200,"duration_ms":0}
[pod/gateway-7967dcb446-xnm86/gateway] {"time":"2026-10-05T07:24:24.786558894Z","level":"INFO","msg":"request","role":"gateway","method":"GET","path":"/api/payments","status":200,"duration_ms":0}
[pod/gateway-7967dcb446-xnm86/gateway] {"time":"2026-10-05T07:24:24.787333837Z","level":"INFO","msg":"request","role":"gateway","method":"GET","path":"/api/payments","status":200,"duration_ms":0}
[pod/gateway-7967dcb446-xnm86/gateway] {"time":"2026-10-05T07:24:24.788559745Z","level":"INFO","msg":"request","role":"gateway","method":"GET","path":"/api/payments","status":200,"duration_ms":0}
[pod/gateway-7967dcb446-xnm86/gateway] {"time":"2026-10-05T07:24:24.790176792Z","level":"INFO","msg":"request","role":"gateway","method":"GET","path":"/api/payments","status":200,"duration_ms":0}
[pod/gateway-7967dcb446-xnm86/gateway] {"time":"2026-10-05T07:24:25.045872473Z","level":"INFO","msg":"request","role":"gateway","method":"GET","path":"/api/payments","status":200,"duration_ms":1}
[pod/gateway-7967dcb446-xnm86/gateway] {"time":"2026-10-05T07:24:25.554210178Z","level":"INFO","msg":"request","role":"gateway","method":"GET","path":"/api/payments","status":200,"duration_ms":1}
[pod/gateway-7967dcb446-xnm86/gateway] {"time":"2026-10-05T07:24:27.084692928Z","level":"INFO","msg":"request","role":"gateway","method":"GET","path":"/api/payments","status":200,"duration_ms":2}
[pod/gateway-7967dcb446-xnm86/gateway] {"time":"2026-10-05T07:24:27.340070076Z","level":"INFO","msg":"request","role":"gateway","method":"GET","path":"/api/payments","status":200,"duration_ms":2}
[pod/gateway-7967dcb446-xnm86/gateway] {"time":"2026-10-05T07:24:27.849505759Z","level":"INFO","msg":"request","role":"gateway","method":"GET","path":"/api/payments","status":200,"duration_ms":2}
[pod/gateway-7967dcb446-xnm86/gateway] {"time":"2026-10-05T07:24:28.102353729Z","level":"INFO","msg":"request","role":"gateway","method":"GET","path":"/api/payments","status":200,"duration_ms":1}
[pod/gateway-7967dcb446-xnm86/gateway] {"time":"2026-10-05T07:24:28.355128225Z","level":"INFO","msg":"request","role":"gateway","method":"GET","path":"/api/payments","status":200,"duration_ms":1}
[pod/gateway-7967dcb446-xnm86/gateway] {"time":"2026-10-05T07:24:28.610325761Z","level":"INFO","msg":"request","role":"gateway","method":"GET","path":"/api/payments","status":200,"duration_ms":3}
[pod/gateway-7967dcb446-xnm86/gateway] {"time":"2026-10-05T07:24:29.12214884Z","level":"INFO","msg":"request","role":"gateway","method":"GET","path":"/api/payments","status":200,"duration_ms":2}
[pod/gateway-7967dcb446-xnm86/gateway] {"time":"2026-10-05T07:24:29.376142622Z","level":"INFO","msg":"request","role":"gateway","method":"GET","path":"/api/payments","status":200,"duration_ms":1}
[pod/gateway-7967dcb446-xnm86/gateway] {"time":"2026-10-05T07:24:29.630319778Z","level":"INFO","msg":"request","role":"gateway","method":"GET","path":"/api/payments","status":200,"duration_ms":1}
[pod/gateway-7967dcb446-xnm86/gateway] {"time":"2026-10-05T07:24:29.885589603Z","level":"INFO","msg":"request","role":"gateway","method":"GET","path":"/api/payments","status":200,"duration_ms":2}
[pod/gateway-7967dcb446-xnm86/gateway] {"time":"2026-10-05T07:24:30.138255948Z","level":"INFO","msg":"request","role":"gateway","method":"GET","path":"/api/payments","status":200,"duration_ms":0}
[pod/gateway-7967dcb446-xnm86/gateway] {"time":"2026-10-05T07:24:30.646001395Z","level":"INFO","msg":"request","role":"gateway","method":"GET","path":"/api/payments","status":200,"duration_ms":2}
[pod/gateway-7967dcb446-xnm86/gateway] {"time":"2026-10-05T07:24:31.407472601Z","level":"INFO","msg":"request","role":"gateway","method":"GET","path":"/api/payments","status":200,"duration_ms":1}
[pod/gateway-7967dcb446-xnm86/gateway] {"time":"2026-10-05T07:24:31.662778341Z","level":"INFO","msg":"request","role":"gateway","method":"GET","path":"/api/payments","status":200,"duration_ms":2}
[pod/gateway-7967dcb446-xnm86/gateway] {"time":"2026-10-05T07:24:32.426502654Z","level":"INFO","msg":"request","role":"gateway","method":"GET","path":"/api/payments","status":200,"duration_ms":2}
[pod/gateway-7967dcb446-xnm86/gateway] {"time":"2026-10-05T07:24:32.682738641Z","level":"INFO","msg":"request","role":"gateway","method":"GET","path":"/api/payments","status":200,"duration_ms":3}
[pod/gateway-7967dcb446-xnm86/gateway] {"time":"2026-10-05T07:24:33.953681183Z","level":"INFO","msg":"request","role":"gateway","method":"GET","path":"/api/payments","status":200,"duration_ms":2}
[pod/gateway-7967dcb446-xnm86/gateway] {"time":"2026-10-05T07:24:34.463307443Z","level":"INFO","msg":"request","role":"gateway","method":"GET","path":"/api/payments","status":200,"duration_ms":2}
[pod/gateway-7967dcb446-xnm86/gateway] {"time":"2026-10-05T07:24:35.737298936Z","level":"INFO","msg":"request","role":"gateway","method":"GET","path":"/api/payments","status":200,"duration_ms":1}
[pod/gateway-7967dcb446-xnm86/gateway] {"time":"2026-10-05T07:24:35.991068607Z","level":"INFO","msg":"request","role":"gateway","method":"GET","path":"/api/payments","status":200,"duration_ms":1}
[pod/gateway-7967dcb446-xnm86/gateway] {"time":"2026-10-05T07:24:36.75772225Z","level":"INFO","msg":"request","role":"gateway","method":"GET","path":"/api/payments","status":200,"duration_ms":2}
[pod/gateway-7967dcb446-xnm86/gateway] {"time":"2026-10-05T07:24:37.522490367Z","level":"INFO","msg":"request","role":"gateway","method":"GET","path":"/api/payments","status":200,"duration_ms":2}
[pod/gateway-7967dcb446-xnm86/gateway] {"time":"2026-10-05T07:24:38.031153985Z","level":"INFO","msg":"request","role":"gateway","method":"GET","path":"/api/payments","status":200,"duration_ms":2}
[pod/gateway-7967dcb446-xnm86/gateway] {"time":"2026-10-05T07:24:38.28613779Z","level":"INFO","msg":"request","role":"gateway","method":"GET","path":"/api/payments","status":200,"duration_ms":2}
[pod/gateway-7967dcb446-xnm86/gateway] {"time":"2026-10-05T07:24:38.541297197Z","level":"INFO","msg":"request","role":"gateway","method":"GET","path":"/api/payments","status":200,"duration_ms":2}
[pod/gateway-7967dcb446-xnm86/gateway] {"time":"2026-10-05T07:24:39.306577511Z","level":"INFO","msg":"request","role":"gateway","method":"GET","path":"/api/payments","status":200,"duration_ms":2}
[pod/gateway-7967dcb446-xnm86/gateway] {"time":"2026-10-05T07:24:40.575693803Z","level":"INFO","msg":"request","role":"gateway","method":"GET","path":"/api/payments","status":200,"duration_ms":0}
[pod/gateway-7967dcb446-xnm86/gateway] {"time":"2026-10-05T07:24:40.830015377Z","level":"INFO","msg":"request","role":"gateway","method":"GET","path":"/api/payments","status":200,"duration_ms":2}
[pod/gateway-7967dcb446-xnm86/gateway] {"time":"2026-10-05T07:24:41.085149342Z","level":"INFO","msg":"request","role":"gateway","method":"GET","path":"/api/payments","status":200,"duration_ms":2}
[pod/gateway-7967dcb446-xnm86/gateway] {"time":"2026-10-05T07:24:41.337435347Z","level":"INFO","msg":"request","role":"gateway","method":"GET","path":"/api/payments","status":200,"duration_ms":0}
[pod/gateway-7967dcb446-xnm86/gateway] {"time":"2026-10-05T07:24:41.589079443Z","level":"INFO","msg":"request","role":"gateway","method":"GET","path":"/api/payments","status":200,"duration_ms":0}
[pod/gateway-7967dcb446-xnm86/gateway] {"time":"2026-10-05T07:24:42.096289787Z","level":"INFO","msg":"request","role":"gateway","method":"GET","path":"/api/payments","status":200,"duration_ms":2}
[pod/gateway-7967dcb446-xnm86/gateway] {"time":"2026-10-05T07:24:42.349990156Z","level":"INFO","msg":"request","role":"gateway","method":"GET","path":"/api/payments","status":200,"duration_ms":1}
[pod/gateway-7967dcb446-xnm86/gateway] {"time":"2026-10-05T07:24:42.605382533Z","level":"INFO","msg":"request","role":"gateway","method":"GET","path":"/api/payments","status":200,"duration_ms":2}
[pod/gateway-7967dcb446-xnm86/gateway] {"time":"2026-10-05T07:24:42.860640431Z","level":"INFO","msg":"request","role":"gateway","method":"GET","path":"/api/payments","status":200,"duration_ms":2}
[pod/gateway-7967dcb446-xnm86/gateway] {"time":"2026-10-05T07:24:43.114258959Z","level":"INFO","msg":"request","role":"gateway","method":"GET","path":"/api/payments","status":200,"duration_ms":1}
[pod/gateway-7967dcb446-xnm86/gateway] {"time":"2026-10-05T07:24:43.87738492Z","level":"INFO","msg":"request","role":"gateway","method":"GET","path":"/api/payments","status":200,"duration_ms":2}
[pod/gateway-7967dcb446-xnm86/gateway] {"time":"2026-10-05T07:24:44.13208404Z","level":"INFO","msg":"request","role":"gateway","method":"GET","path":"/api/payments","status":200,"duration_ms":2}
[pod/gateway-7967dcb446-xnm86/gateway] {"time":"2026-10-05T07:24:44.387237397Z","level":"INFO","msg":"request","role":"gateway","method":"GET","path":"/api/payments","status":200,"duration_ms":2}
[pod/gateway-7967dcb446-xnm86/gateway] {"time":"2026-10-05T07:24:45.153791141Z","level":"INFO","msg":"request","role":"gateway","method":"GET","path":"/api/payments","status":200,"duration_ms":2}
[pod/gateway-7967dcb446-xnm86/gateway] {"time":"2026-10-05T07:24:45.407450874Z","level":"INFO","msg":"request","role":"gateway","method":"GET","path":"/api/payments","status":200,"duration_ms":1}
[pod/gateway-7967dcb446-xnm86/gateway] {"time":"2026-10-05T07:24:45.662579198Z","level":"INFO","msg":"request","role":"gateway","method":"GET","path":"/api/payments","status":200,"duration_ms":2}
[pod/gateway-7967dcb446-xnm86/gateway] {"time":"2026-10-05T07:24:46.427039567Z","level":"INFO","msg":"request","role":"gateway","method":"GET","path":"/api/payments","status":200,"duration_ms":1}
[pod/gateway-7967dcb446-xnm86/gateway] {"time":"2026-10-05T07:24:47.445136032Z","level":"INFO","msg":"request","role":"gateway","method":"GET","path":"/api/payments","status":200,"duration_ms":1}
[pod/gateway-7967dcb446-xnm86/gateway] {"time":"2026-10-05T07:24:48.206857723Z","level":"INFO","msg":"request","role":"gateway","method":"GET","path":"/api/payments","status":200,"duration_ms":2}
[pod/gateway-7967dcb446-xnm86/gateway] {"time":"2026-10-05T07:24:49.225294678Z","level":"INFO","msg":"request","role":"gateway","method":"GET","path":"/api/payments","status":200,"duration_ms":3}
[pod/gateway-7967dcb446-xnm86/gateway] {"time":"2026-10-05T07:24:49.986822463Z","level":"INFO","msg":"request","role":"gateway","method":"GET","path":"/api/payments","status":200,"duration_ms":1}
[pod/gateway-7967dcb446-xnm86/gateway] {"time":"2026-10-05T07:24:50.319745092Z","level":"INFO","msg":"request","role":"gateway","method":"GET","path":"/api/audit","status":200,"duration_ms":2}
[pod/gateway-7967dcb446-xnm86/gateway] {"time":"2026-10-05T07:25:17.926913311Z","level":"INFO","msg":"request","role":"gateway","method":"POST","path":"/api/faults","status":200,"duration_ms":1}
[pod/gateway-7967dcb446-xnm86/gateway] {"time":"2026-10-05T07:25:17.928281281Z","level":"INFO","msg":"request","role":"gateway","method":"POST","path":"/api/faults","status":200,"duration_ms":0}
[pod/gateway-7967dcb446-xnm86/gateway] {"time":"2026-10-05T07:25:17.935995394Z","level":"INFO","msg":"request","role":"gateway","method":"POST","path":"/api/payments","status":201,"duration_ms":3}
[pod/gateway-7967dcb446-xnm86/gateway] {"time":"2026-10-05T07:25:17.945823075Z","level":"INFO","msg":"request","role":"gateway","method":"GET","path":"/api/payments","status":200,"duration_ms":1}
[pod/gateway-7967dcb446-xnm86/gateway] {"time":"2026-10-05T07:25:17.959628305Z","level":"INFO","msg":"request","role":"gateway","method":"GET","path":"/api/payments","status":200,"duration_ms":0}
[pod/gateway-7967dcb446-xnm86/gateway] {"time":"2026-10-05T07:25:17.963127899Z","level":"INFO","msg":"request","role":"gateway","method":"GET","path":"/api/payments","status":200,"duration_ms":0}
[pod/gateway-7967dcb446-xnm86/gateway] {"time":"2026-10-05T07:25:17.966511332Z","level":"INFO","msg":"request","role":"gateway","method":"GET","path":"/api/payments","status":200,"duration_ms":0}
[pod/gateway-7967dcb446-xnm86/gateway] {"time":"2026-10-05T07:25:18.223525739Z","level":"INFO","msg":"request","role":"gateway","method":"GET","path":"/api/payments","status":200,"duration_ms":2}
[pod/gateway-7967dcb446-xnm86/gateway] {"time":"2026-10-05T07:25:18.733264665Z","level":"INFO","msg":"request","role":"gateway","method":"GET","path":"/api/payments","status":200,"duration_ms":2}
[pod/gateway-7967dcb446-xnm86/gateway] {"time":"2026-10-05T07:25:19.754396352Z","level":"INFO","msg":"request","role":"gateway","method":"GET","path":"/api/payments","status":200,"duration_ms":2}
[pod/gateway-7967dcb446-xnm86/gateway] {"time":"2026-10-05T07:25:20.264914224Z","level":"INFO","msg":"request","role":"gateway","method":"GET","path":"/api/payments","status":200,"duration_ms":3}
[pod/gateway-7967dcb446-xnm86/gateway] {"time":"2026-10-05T07:25:20.518290917Z","level":"INFO","msg":"request","role":"gateway","method":"GET","path":"/api/payments","status":200,"duration_ms":1}
[pod/gateway-7967dcb446-xnm86/gateway] {"time":"2026-10-05T07:25:20.773824509Z","level":"INFO","msg":"request","role":"gateway","method":"GET","path":"/api/payments","status":200,"duration_ms":2}
[pod/gateway-7967dcb446-xnm86/gateway] {"time":"2026-10-05T07:25:23.340420213Z","level":"INFO","msg":"request","role":"gateway","method":"GET","path":"/api/payments","status":503,"duration_ms":211}
[pod/gateway-7967dcb446-xnm86/gateway] {"time":"2026-10-05T07:25:23.593558555Z","level":"INFO","msg":"request","role":"gateway","method":"GET","path":"/api/payments","status":503,"duration_ms":0}
[pod/gateway-7967dcb446-xnm86/gateway] {"time":"2026-10-05T07:25:23.847167333Z","level":"INFO","msg":"request","role":"gateway","method":"GET","path":"/api/payments","status":503,"duration_ms":0}
[pod/gateway-7967dcb446-xnm86/gateway] {"time":"2026-10-05T07:25:24.352625504Z","level":"INFO","msg":"request","role":"gateway","method":"GET","path":"/api/payments","status":503,"duration_ms":0}
[pod/gateway-7967dcb446-xnm86/gateway] {"time":"2026-10-05T07:25:24.858712321Z","level":"INFO","msg":"request","role":"gateway","method":"GET","path":"/api/payments","status":503,"duration_ms":0}
[pod/gateway-7967dcb446-xnm86/gateway] {"time":"2026-10-05T07:25:25.111379877Z","level":"INFO","msg":"request","role":"gateway","method":"GET","path":"/api/payments","status":503,"duration_ms":0}
[pod/gateway-7967dcb446-xnm86/gateway] {"time":"2026-10-05T07:25:26.484558571Z","level":"INFO","msg":"request","role":"gateway","method":"GET","path":"/api/payments","status":503,"duration_ms":55}
[pod/gateway-7967dcb446-xnm86/gateway] {"time":"2026-10-05T07:25:26.990796826Z","level":"INFO","msg":"request","role":"gateway","method":"GET","path":"/api/payments","status":503,"duration_ms":0}
[pod/gateway-7967dcb446-xnm86/gateway] {"time":"2026-10-05T07:25:27.243725774Z","level":"INFO","msg":"request","role":"gateway","method":"GET","path":"/api/payments","status":503,"duration_ms":0}
[pod/gateway-7967dcb446-xnm86/gateway] {"time":"2026-10-05T07:25:27.497624283Z","level":"INFO","msg":"request","role":"gateway","method":"GET","path":"/api/payments","status":503,"duration_ms":0}
[pod/gateway-7967dcb446-xnm86/gateway] {"time":"2026-10-05T07:25:27.75156336Z","level":"INFO","msg":"request","role":"gateway","method":"GET","path":"/api/payments","status":503,"duration_ms":0}
[pod/gateway-7967dcb446-xnm86/gateway] {"time":"2026-10-05T07:25:28.005239015Z","level":"INFO","msg":"request","role":"gateway","method":"GET","path":"/api/payments","status":503,"duration_ms":0}
[pod/gateway-7967dcb446-xnm86/gateway] {"time":"2026-10-05T07:25:28.510245296Z","level":"INFO","msg":"request","role":"gateway","method":"GET","path":"/api/payments","status":503,"duration_ms":0}
[pod/gateway-7967dcb446-xnm86/gateway] {"time":"2026-10-05T07:25:29.012309039Z","level":"INFO","msg":"request","role":"gateway","method":"GET","path":"/api/payments","status":503,"duration_ms":0}
[pod/gateway-7967dcb446-xnm86/gateway] {"time":"2026-10-05T07:25:29.895193721Z","level":"INFO","msg":"request","role":"gateway","method":"GET","path":"/api/payments","status":503,"duration_ms":67}
[pod/gateway-7967dcb446-xnm86/gateway] {"time":"2026-10-05T07:25:30.401345327Z","level":"INFO","msg":"request","role":"gateway","method":"GET","path":"/api/payments","status":503,"duration_ms":0}
[pod/gateway-7967dcb446-xnm86/gateway] {"time":"2026-10-05T07:25:30.65344367Z","level":"INFO","msg":"request","role":"gateway","method":"GET","path":"/api/payments","status":503,"duration_ms":0}
[pod/gateway-7967dcb446-xnm86/gateway] {"time":"2026-10-05T07:25:31.156849764Z","level":"INFO","msg":"request","role":"gateway","method":"GET","path":"/api/payments","status":503,"duration_ms":0}
[pod/gateway-7967dcb446-xnm86/gateway] {"time":"2026-10-05T07:25:31.663328604Z","level":"INFO","msg":"request","role":"gateway","method":"GET","path":"/api/payments","status":503,"duration_ms":0}
[pod/gateway-7967dcb446-xnm86/gateway] {"time":"2026-10-05T07:25:32.168170583Z","level":"INFO","msg":"request","role":"gateway","method":"GET","path":"/api/payments","status":503,"duration_ms":0}
[pod/gateway-7967dcb446-xnm86/gateway] {"time":"2026-10-05T07:25:32.72797279Z","level":"INFO","msg":"request","role":"gateway","method":"GET","path":"/api/payments","status":503,"duration_ms":0}
[pod/gateway-7967dcb446-xnm86/gateway] {"time":"2026-10-05T07:25:33.81044359Z","level":"INFO","msg":"request","role":"gateway","method":"GET","path":"/api/payments","status":503,"duration_ms":70}
[pod/gateway-7967dcb446-xnm86/gateway] {"time":"2026-10-05T07:25:34.062359764Z","level":"INFO","msg":"request","role":"gateway","method":"GET","path":"/api/payments","status":503,"duration_ms":0}
[pod/gateway-7967dcb446-xnm86/gateway] {"time":"2026-10-05T07:25:34.314815673Z","level":"INFO","msg":"request","role":"gateway","method":"GET","path":"/api/payments","status":503,"duration_ms":0}
[pod/gateway-7967dcb446-xnm86/gateway] {"time":"2026-10-05T07:25:34.567231705Z","level":"INFO","msg":"request","role":"gateway","method":"GET","path":"/api/payments","status":503,"duration_ms":0}
[pod/gateway-7967dcb446-xnm86/gateway] {"time":"2026-10-05T07:25:35.071604762Z","level":"INFO","msg":"request","role":"gateway","method":"GET","path":"/api/payments","status":503,"duration_ms":0}
[pod/gateway-7967dcb446-xnm86/gateway] {"time":"2026-10-05T07:25:35.324626944Z","level":"INFO","msg":"request","role":"gateway","method":"GET","path":"/api/payments","status":503,"duration_ms":0}
[pod/gateway-7967dcb446-xnm86/gateway] {"time":"2026-10-05T07:25:35.839326227Z","level":"INFO","msg":"request","role":"gateway","method":"GET","path":"/api/payments","status":503,"duration_ms":0}
[pod/gateway-7967dcb446-xnm86/gateway] {"time":"2026-10-05T07:25:36.093015124Z","level":"INFO","msg":"request","role":"gateway","method":"GET","path":"/api/payments","status":503,"duration_ms":0}
[pod/gateway-7967dcb446-xnm86/gateway] {"time":"2026-10-05T07:25:36.601436863Z","level":"INFO","msg":"request","role":"gateway","method":"GET","path":"/api/payments","status":503,"duration_ms":0}
[pod/gateway-7967dcb446-xnm86/gateway] {"time":"2026-10-05T07:25:37.367571815Z","level":"INFO","msg":"request","role":"gateway","method":"GET","path":"/api/payments","status":200,"duration_ms":2}
[pod/gateway-7967dcb446-xnm86/gateway] {"time":"2026-10-05T07:25:37.877849843Z","level":"INFO","msg":"request","role":"gateway","method":"GET","path":"/api/payments","status":200,"duration_ms":2}
[pod/gateway-7967dcb446-xnm86/gateway] {"time":"2026-10-05T07:25:38.133326601Z","level":"INFO","msg":"request","role":"gateway","method":"GET","path":"/api/payments","status":200,"duration_ms":2}
[pod/gateway-7967dcb446-xnm86/gateway] {"time":"2026-10-05T07:25:38.388678559Z","level":"INFO","msg":"request","role":"gateway","method":"GET","path":"/api/payments","status":200,"duration_ms":2}
[pod/gateway-7967dcb446-xnm86/gateway] {"time":"2026-10-05T07:25:39.149634296Z","level":"INFO","msg":"request","role":"gateway","method":"GET","path":"/api/payments","status":200,"duration_ms":0}
[pod/gateway-7967dcb446-xnm86/gateway] {"time":"2026-10-05T07:25:39.913640564Z","level":"INFO","msg":"request","role":"gateway","method":"GET","path":"/api/payments","status":200,"duration_ms":2}
[pod/gateway-7967dcb446-xnm86/gateway] {"time":"2026-10-05T07:25:40.169036497Z","level":"INFO","msg":"request","role":"gateway","method":"GET","path":"/api/payments","status":200,"duration_ms":2}
[pod/gateway-7967dcb446-xnm86/gateway] {"time":"2026-10-05T07:25:40.677528514Z","level":"INFO","msg":"request","role":"gateway","method":"GET","path":"/api/payments","status":200,"duration_ms":2}
[pod/gateway-7967dcb446-xnm86/gateway] {"time":"2026-10-05T07:25:41.182902839Z","level":"INFO","msg":"request","role":"gateway","method":"GET","path":"/api/payments","status":200,"duration_ms":1}
[pod/gateway-7967dcb446-xnm86/gateway] {"time":"2026-10-05T07:25:41.69383318Z","level":"INFO","msg":"request","role":"gateway","method":"GET","path":"/api/payments","status":200,"duration_ms":2}
[pod/gateway-7967dcb446-xnm86/gateway] {"time":"2026-10-05T07:25:42.455121121Z","level":"INFO","msg":"request","role":"gateway","method":"GET","path":"/api/payments","status":200,"duration_ms":2}
[pod/gateway-7967dcb446-xnm86/gateway] {"time":"2026-10-05T07:25:42.71024061Z","level":"INFO","msg":"request","role":"gateway","method":"GET","path":"/api/payments","status":200,"duration_ms":2}
[pod/gateway-7967dcb446-xnm86/gateway] {"time":"2026-10-05T07:25:43.220206306Z","level":"INFO","msg":"request","role":"gateway","method":"GET","path":"/api/payments","status":200,"duration_ms":2}
[pod/gateway-7967dcb446-xnm86/gateway] {"time":"2026-10-05T07:25:43.474298698Z","level":"INFO","msg":"request","role":"gateway","method":"GET","path":"/api/payments","status":200,"duration_ms":2}
[pod/gateway-7967dcb446-xnm86/gateway] {"time":"2026-10-05T07:25:43.730703056Z","level":"INFO","msg":"request","role":"gateway","method":"GET","path":"/api/payments","status":200,"duration_ms":3}
[pod/gateway-7967dcb446-xnm86/gateway] {"time":"2026-10-05T07:25:43.986152334Z","level":"INFO","msg":"request","role":"gateway","method":"GET","path":"/api/payments","status":200,"duration_ms":2}
[pod/gateway-7967dcb446-xnm86/gateway] {"time":"2026-10-05T07:25:44.565576471Z","level":"INFO","msg":"request","role":"gateway","method":"GET","path":"/api/audit","status":200,"duration_ms":9}
[pod/gateway-7967dcb446-xnm86/gateway] {"time":"2026-10-05T07:26:10.651220224Z","level":"INFO","msg":"request","role":"gateway","method":"POST","path":"/api/faults","status":200,"duration_ms":2}
[pod/gateway-7967dcb446-xnm86/gateway] {"time":"2026-10-05T07:26:10.689801883Z","level":"INFO","msg":"request","role":"gateway","method":"GET","path":"/api/transcript","status":200,"duration_ms":9}
[pod/gateway-7967dcb446-xnm86/gateway] {"time":"2026-10-05T07:26:10.691423692Z","level":"INFO","msg":"request","role":"gateway","method":"GET","path":"/api/transcript","status":200,"duration_ms":0}
[pod/gateway-7967dcb446-xnm86/gateway] {"time":"2026-10-05T07:26:10.696545343Z","level":"INFO","msg":"request","role":"gateway","method":"GET","path":"/api/transcript","status":200,"duration_ms":1}
[pod/gateway-7967dcb446-xnm86/gateway] {"time":"2026-10-05T07:26:10.698268276Z","level":"INFO","msg":"request","role":"gateway","method":"GET","path":"/api/transcript","status":200,"duration_ms":1}
[pod/gateway-7967dcb446-xnm86/gateway] {"time":"2026-10-05T07:26:10.699948153Z","level":"INFO","msg":"request","role":"gateway","method":"GET","path":"/api/transcript","status":200,"duration_ms":0}
[pod/gateway-7967dcb446-xnm86/gateway] {"time":"2026-10-05T07:26:10.70173011Z","level":"INFO","msg":"request","role":"gateway","method":"GET","path":"/api/transcript","status":200,"duration_ms":1}
[pod/gateway-7967dcb446-xnm86/gateway] {"time":"2026-10-05T07:26:10.705230637Z","level":"INFO","msg":"request","role":"gateway","method":"GET","path":"/api/transcript","status":200,"duration_ms":0}
[pod/gateway-7967dcb446-xnm86/gateway] {"time":"2026-10-05T07:26:10.710161994Z","level":"INFO","msg":"request","role":"gateway","method":"GET","path":"/api/transcript","status":200,"duration_ms":0}
[pod/gateway-7967dcb446-xnm86/gateway] {"time":"2026-10-05T07:26:10.712784243Z","level":"INFO","msg":"request","role":"gateway","method":"GET","path":"/api/transcript","status":200,"duration_ms":1}
[pod/gateway-7967dcb446-xnm86/gateway] {"time":"2026-10-05T07:26:10.965016071Z","level":"INFO","msg":"request","role":"gateway","method":"GET","path":"/api/transcript","status":200,"duration_ms":1}
[pod/gateway-7967dcb446-xnm86/gateway] {"time":"2026-10-05T07:26:11.731399002Z","level":"INFO","msg":"request","role":"gateway","method":"GET","path":"/api/transcript","status":200,"duration_ms":4}
[pod/gateway-7967dcb446-xnm86/gateway] {"time":"2026-10-05T07:26:12.502338806Z","level":"INFO","msg":"request","role":"gateway","method":"GET","path":"/api/transcript","status":200,"duration_ms":3}
[pod/gateway-7967dcb446-xnm86/gateway] {"time":"2026-10-05T07:26:12.758654824Z","level":"INFO","msg":"request","role":"gateway","method":"GET","path":"/api/transcript","status":200,"duration_ms":3}
[pod/gateway-7967dcb446-xnm86/gateway] {"time":"2026-10-05T07:26:13.016810079Z","level":"INFO","msg":"request","role":"gateway","method":"GET","path":"/api/transcript","status":200,"duration_ms":5}
[pod/gateway-7967dcb446-xnm86/gateway] {"time":"2026-10-05T07:26:13.806302119Z","level":"INFO","msg":"request","role":"gateway","method":"POST","path":"/api/faults","status":200,"duration_ms":3}
[pod/gateway-7967dcb446-xnm86/gateway] {"time":"2026-10-05T07:26:16.31694434Z","level":"INFO","msg":"request","role":"gateway","method":"GET","path":"/api/transcript","status":200,"duration_ms":2279}
[pod/gateway-7967dcb446-xnm86/gateway] {"time":"2026-10-05T07:26:16.570235341Z","level":"INFO","msg":"request","role":"gateway","method":"GET","path":"/api/transcript","status":200,"duration_ms":0}
[pod/gateway-7967dcb446-xnm86/gateway] {"time":"2026-10-05T07:26:20.384757516Z","level":"INFO","msg":"request","role":"gateway","method":"GET","path":"/api/transcript","status":200,"duration_ms":759}
[pod/gateway-7967dcb446-xnm86/gateway] {"time":"2026-10-05T07:26:20.637416983Z","level":"INFO","msg":"request","role":"gateway","method":"GET","path":"/api/transcript","status":200,"duration_ms":0}
[pod/gateway-7967dcb446-xnm86/gateway] {"time":"2026-10-05T07:26:21.393182901Z","level":"INFO","msg":"request","role":"gateway","method":"GET","path":"/api/transcript","status":200,"duration_ms":0}
[pod/gateway-7967dcb446-xnm86/gateway] {"time":"2026-10-05T07:26:21.646730108Z","level":"INFO","msg":"request","role":"gateway","method":"GET","path":"/api/transcript","status":200,"duration_ms":0}
[pod/gateway-7967dcb446-xnm86/gateway] {"time":"2026-10-05T07:26:21.900375407Z","level":"INFO","msg":"request","role":"gateway","method":"GET","path":"/api/transcript","status":200,"duration_ms":0}
[pod/gateway-7967dcb446-xnm86/gateway] {"time":"2026-10-05T07:26:22.152695759Z","level":"INFO","msg":"request","role":"gateway","method":"GET","path":"/api/transcript","status":200,"duration_ms":0}
[pod/gateway-7967dcb446-xnm86/gateway] {"time":"2026-10-05T07:26:22.404502688Z","level":"INFO","msg":"request","role":"gateway","method":"GET","path":"/api/transcript","status":200,"duration_ms":0}
[pod/gateway-7967dcb446-xnm86/gateway] {"time":"2026-10-05T07:26:23.81350666Z","level":"INFO","msg":"request","role":"gateway","method":"POST","path":"/api/faults","status":200,"duration_ms":4}
[pod/gateway-7967dcb446-xnm86/gateway] {"time":"2026-10-05T07:26:24.444216798Z","level":"INFO","msg":"request","role":"gateway","method":"GET","path":"/api/transcript","status":200,"duration_ms":761}
[pod/gateway-7967dcb446-xnm86/gateway] {"time":"2026-10-05T07:26:24.95075001Z","level":"INFO","msg":"request","role":"gateway","method":"GET","path":"/api/transcript","status":200,"duration_ms":0}
[pod/gateway-7967dcb446-xnm86/gateway] {"time":"2026-10-05T07:26:25.709711454Z","level":"INFO","msg":"request","role":"gateway","method":"GET","path":"/api/transcript","status":200,"duration_ms":0}
[pod/gateway-7967dcb446-xnm86/gateway] {"time":"2026-10-05T07:26:25.962564183Z","level":"INFO","msg":"request","role":"gateway","method":"GET","path":"/api/transcript","status":200,"duration_ms":0}
[pod/gateway-7967dcb446-xnm86/gateway] {"time":"2026-10-05T07:26:28.013718948Z","level":"INFO","msg":"request","role":"gateway","method":"GET","path":"/api/transcript","status":200,"duration_ms":5}
[pod/gateway-7967dcb446-xnm86/gateway] {"time":"2026-10-05T07:26:28.271181925Z","level":"INFO","msg":"request","role":"gateway","method":"GET","path":"/api/transcript","status":200,"duration_ms":4}
[pod/gateway-7967dcb446-xnm86/gateway] {"time":"2026-10-05T07:26:28.525254538Z","level":"INFO","msg":"request","role":"gateway","method":"GET","path":"/api/transcript","status":200,"duration_ms":2}
[pod/gateway-7967dcb446-xnm86/gateway] {"time":"2026-10-05T07:26:28.783123494Z","level":"INFO","msg":"request","role":"gateway","method":"GET","path":"/api/transcript","status":200,"duration_ms":5}
[pod/gateway-7967dcb446-xnm86/gateway] {"time":"2026-10-05T07:26:29.290989827Z","level":"INFO","msg":"request","role":"gateway","method":"GET","path":"/api/transcript","status":200,"duration_ms":3}
[pod/gateway-7967dcb446-xnm86/gateway] {"time":"2026-10-05T07:26:29.799485956Z","level":"INFO","msg":"request","role":"gateway","method":"GET","path":"/api/transcript","status":200,"duration_ms":3}
[pod/gateway-7967dcb446-xnm86/gateway] {"time":"2026-10-05T07:26:30.053439223Z","level":"INFO","msg":"request","role":"gateway","method":"GET","path":"/api/transcript","status":200,"duration_ms":2}
[pod/gateway-7967dcb446-xnm86/gateway] {"time":"2026-10-05T07:26:30.308979115Z","level":"INFO","msg":"request","role":"gateway","method":"GET","path":"/api/transcript","status":200,"duration_ms":3}
[pod/gateway-7967dcb446-xnm86/gateway] {"time":"2026-10-05T07:26:31.333623002Z","level":"INFO","msg":"request","role":"gateway","method":"GET","path":"/api/transcript","status":200,"duration_ms":4}
[pod/gateway-7967dcb446-xnm86/gateway] {"time":"2026-10-05T07:26:31.588960637Z","level":"INFO","msg":"request","role":"gateway","method":"GET","path":"/api/transcript","status":200,"duration_ms":2}
[pod/gateway-7967dcb446-xnm86/gateway] {"time":"2026-10-05T07:26:31.846282769Z","level":"INFO","msg":"request","role":"gateway","method":"GET","path":"/api/transcript","status":200,"duration_ms":4}
[pod/gateway-7967dcb446-xnm86/gateway] {"time":"2026-10-05T07:26:32.102313783Z","level":"INFO","msg":"request","role":"gateway","method":"GET","path":"/api/transcript","status":200,"duration_ms":3}
[pod/gateway-7967dcb446-xnm86/gateway] {"time":"2026-10-05T07:26:32.613205433Z","level":"INFO","msg":"request","role":"gateway","method":"GET","path":"/api/transcript","status":200,"duration_ms":4}
[pod/gateway-7967dcb446-xnm86/gateway] {"time":"2026-10-05T07:26:32.870092457Z","level":"INFO","msg":"request","role":"gateway","method":"GET","path":"/api/transcript","status":200,"duration_ms":4}
[pod/gateway-7967dcb446-xnm86/gateway] {"time":"2026-10-05T07:26:33.122982132Z","level":"INFO","msg":"request","role":"gateway","method":"GET","path":"/api/transcript","status":200,"duration_ms":1}
[pod/gateway-7967dcb446-xnm86/gateway] {"time":"2026-10-05T07:26:33.377345799Z","level":"INFO","msg":"request","role":"gateway","method":"GET","path":"/api/transcript","status":200,"duration_ms":2}
[pod/gateway-7967dcb446-xnm86/gateway] {"time":"2026-10-05T07:26:33.889563898Z","level":"INFO","msg":"request","role":"gateway","method":"GET","path":"/api/transcript","status":200,"duration_ms":3}
[pod/gateway-7967dcb446-xnm86/gateway] {"time":"2026-10-05T07:26:34.14276432Z","level":"INFO","msg":"request","role":"gateway","method":"GET","path":"/api/transcript","status":200,"duration_ms":1}
[pod/gateway-7967dcb446-xnm86/gateway] {"time":"2026-10-05T07:26:35.164685927Z","level":"INFO","msg":"request","role":"gateway","method":"GET","path":"/api/transcript","status":200,"duration_ms":3}
[pod/gateway-7967dcb446-xnm86/gateway] {"time":"2026-10-05T07:26:35.818884299Z","level":"INFO","msg":"request","role":"gateway","method":"GET","path":"/api/audit","status":200,"duration_ms":2}
[pod/gateway-7967dcb446-xnm86/gateway] {"time":"2026-10-05T07:26:35.824780149Z","level":"INFO","msg":"request","role":"gateway","method":"GET","path":"/api/payments","status":200,"duration_ms":4}
[pod/gateway-7967dcb446-xnm86/gateway] {"time":"2026-10-05T07:36:36.407670353Z","level":"INFO","msg":"request","role":"gateway","method":"POST","path":"/api/faults","status":200,"duration_ms":1}
[pod/gateway-7967dcb446-xnm86/gateway] {"time":"2026-10-05T07:36:36.409763531Z","level":"INFO","msg":"request","role":"gateway","method":"POST","path":"/api/faults","status":200,"duration_ms":1}
[pod/gateway-7967dcb446-xnm86/gateway] {"time":"2026-10-05T07:36:36.420115007Z","level":"INFO","msg":"request","role":"gateway","method":"POST","path":"/api/students","status":201,"duration_ms":6}
[pod/gateway-7967dcb446-xnm86/gateway] {"time":"2026-10-05T07:36:36.42675747Z","level":"INFO","msg":"request","role":"gateway","method":"POST","path":"/api/payments","status":201,"duration_ms":5}
[pod/gateway-7967dcb446-xnm86/gateway] {"time":"2026-10-05T07:36:36.439063145Z","level":"INFO","msg":"request","role":"gateway","method":"GET","path":"/api/payments","status":200,"duration_ms":1}
[pod/gateway-7967dcb446-xnm86/gateway] {"time":"2026-10-05T07:36:36.445709772Z","level":"INFO","msg":"request","role":"gateway","method":"GET","path":"/api/payments","status":200,"duration_ms":1}
[pod/gateway-7967dcb446-xnm86/gateway] {"time":"2026-10-05T07:36:36.448106514Z","level":"INFO","msg":"request","role":"gateway","method":"GET","path":"/api/payments","status":200,"duration_ms":1}
[pod/gateway-7967dcb446-xnm86/gateway] {"time":"2026-10-05T07:36:36.450040839Z","level":"INFO","msg":"request","role":"gateway","method":"GET","path":"/api/payments","status":200,"duration_ms":0}
[pod/gateway-7967dcb446-xnm86/gateway] {"time":"2026-10-05T07:36:36.451559476Z","level":"INFO","msg":"request","role":"gateway","method":"GET","path":"/api/payments","status":200,"duration_ms":0}
[pod/gateway-7967dcb446-xnm86/gateway] {"time":"2026-10-05T07:36:36.452935222Z","level":"INFO","msg":"request","role":"gateway","method":"GET","path":"/api/payments","status":200,"duration_ms":0}
[pod/gateway-7967dcb446-xnm86/gateway] {"time":"2026-10-05T07:36:36.454296189Z","level":"INFO","msg":"request","role":"gateway","method":"GET","path":"/api/payments","status":200,"duration_ms":0}
[pod/gateway-7967dcb446-xnm86/gateway] {"time":"2026-10-05T07:36:36.456492527Z","level":"INFO","msg":"request","role":"gateway","method":"GET","path":"/api/payments","status":200,"duration_ms":0}
[pod/gateway-7967dcb446-xnm86/gateway] {"time":"2026-10-05T07:36:38.497425443Z","level":"INFO","msg":"request","role":"gateway","method":"GET","path":"/api/payments","status":200,"duration_ms":0}
[pod/gateway-7967dcb446-xnm86/gateway] {"time":"2026-10-05T07:36:39.514477921Z","level":"INFO","msg":"request","role":"gateway","method":"GET","path":"/api/payments","status":200,"duration_ms":2}
[pod/gateway-7967dcb446-xnm86/gateway] {"time":"2026-10-05T07:36:40.52738531Z","level":"INFO","msg":"request","role":"gateway","method":"GET","path":"/api/payments","status":200,"duration_ms":760}
[pod/gateway-7967dcb446-xnm86/gateway] {"time":"2026-10-05T07:36:53.293692252Z","level":"INFO","msg":"request","role":"gateway","method":"GET","path":"/api/payments","status":200,"duration_ms":2}
[pod/gateway-7967dcb446-xnm86/gateway] {"time":"2026-10-05T07:37:14.765181046Z","level":"INFO","msg":"request","role":"gateway","method":"GET","path":"/api/payments","status":200,"duration_ms":2}
[pod/gateway-7967dcb446-xnm86/gateway] {"time":"2026-10-05T07:37:15.018757929Z","level":"INFO","msg":"request","role":"gateway","method":"GET","path":"/api/payments","status":200,"duration_ms":1}
[pod/gateway-7967dcb446-xnm86/gateway] {"time":"2026-10-05T07:37:21.163525848Z","level":"INFO","msg":"request","role":"gateway","method":"GET","path":"/api/payments","status":200,"duration_ms":2}
[pod/gateway-7967dcb446-xnm86/gateway] {"time":"2026-10-05T07:37:21.418508091Z","level":"INFO","msg":"request","role":"gateway","method":"GET","path":"/api/payments","status":200,"duration_ms":2}
[pod/gateway-7967dcb446-xnm86/gateway] {"time":"2026-10-05T07:37:21.674321386Z","level":"INFO","msg":"request","role":"gateway","method":"GET","path":"/api/payments","status":200,"duration_ms":2}
[pod/gateway-7967dcb446-xnm86/gateway] {"time":"2026-10-05T07:37:27.307842388Z","level":"INFO","msg":"request","role":"gateway","method":"GET","path":"/api/payments","status":200,"duration_ms":2}
[pod/gateway-7967dcb446-xnm86/gateway] {"time":"2026-10-05T07:37:27.560269095Z","level":"INFO","msg":"request","role":"gateway","method":"GET","path":"/api/payments","status":200,"duration_ms":0}
[pod/gateway-7967dcb446-xnm86/gateway] {"time":"2026-10-05T07:37:27.815217179Z","level":"INFO","msg":"request","role":"gateway","method":"GET","path":"/api/payments","status":200,"duration_ms":2}
[pod/gateway-7967dcb446-xnm86/gateway] {"time":"2026-10-05T07:37:28.068545939Z","level":"INFO","msg":"request","role":"gateway","method":"GET","path":"/api/payments","status":200,"duration_ms":1}
[pod/gateway-7967dcb446-xnm86/gateway] {"time":"2026-10-05T07:37:28.324887235Z","level":"INFO","msg":"request","role":"gateway","method":"GET","path":"/api/payments","status":200,"duration_ms":3}
[pod/gateway-7967dcb446-xnm86/gateway] {"time":"2026-10-05T07:37:28.580879548Z","level":"INFO","msg":"request","role":"gateway","method":"GET","path":"/api/payments","status":200,"duration_ms":2}
[pod/gateway-7967dcb446-xnm86/gateway] {"time":"2026-10-05T07:37:28.836232292Z","level":"INFO","msg":"request","role":"gateway","method":"GET","path":"/api/payments","status":200,"duration_ms":3}
[pod/gateway-7967dcb446-xnm86/gateway] {"time":"2026-10-05T07:37:29.089130106Z","level":"INFO","msg":"request","role":"gateway","method":"GET","path":"/api/payments","status":200,"duration_ms":0}
[pod/gateway-7967dcb446-xnm86/gateway] {"time":"2026-10-05T07:37:29.342401979Z","level":"INFO","msg":"request","role":"gateway","method":"GET","path":"/api/payments","status":200,"duration_ms":1}
[pod/gateway-7967dcb446-xnm86/gateway] {"time":"2026-10-05T07:37:29.597504112Z","level":"INFO","msg":"request","role":"gateway","method":"GET","path":"/api/payments","status":200,"duration_ms":2}
[pod/gateway-7967dcb446-xnm86/gateway] {"time":"2026-10-05T07:37:29.85151312Z","level":"INFO","msg":"request","role":"gateway","method":"GET","path":"/api/payments","status":200,"duration_ms":1}
[pod/gateway-7967dcb446-xnm86/gateway] {"time":"2026-10-05T07:37:30.106848744Z","level":"INFO","msg":"request","role":"gateway","method":"GET","path":"/api/payments","status":200,"duration_ms":2}
[pod/gateway-7967dcb446-xnm86/gateway] {"time":"2026-10-05T07:37:30.359896048Z","level":"INFO","msg":"request","role":"gateway","method":"GET","path":"/api/payments","status":200,"duration_ms":1}
[pod/gateway-7967dcb446-xnm86/gateway] {"time":"2026-10-05T07:37:30.612937883Z","level":"INFO","msg":"request","role":"gateway","method":"GET","path":"/api/payments","status":200,"duration_ms":1}
[pod/gateway-7967dcb446-xnm86/gateway] {"time":"2026-10-05T07:37:30.868254069Z","level":"INFO","msg":"request","role":"gateway","method":"GET","path":"/api/payments","status":200,"duration_ms":2}
[pod/gateway-7967dcb446-xnm86/gateway] {"time":"2026-10-05T07:37:31.121823594Z","level":"INFO","msg":"request","role":"gateway","method":"GET","path":"/api/payments","status":200,"duration_ms":1}
[pod/gateway-7967dcb446-xnm86/gateway] {"time":"2026-10-05T07:37:31.376691591Z","level":"INFO","msg":"request","role":"gateway","method":"GET","path":"/api/payments","status":200,"duration_ms":2}
[pod/gateway-7967dcb446-xnm86/gateway] {"time":"2026-10-05T07:37:31.630345438Z","level":"INFO","msg":"request","role":"gateway","method":"GET","path":"/api/payments","status":200,"duration_ms":1}
[pod/gateway-7967dcb446-xnm86/gateway] {"time":"2026-10-05T07:37:31.882950045Z","level":"INFO","msg":"request","role":"gateway","method":"GET","path":"/api/payments","status":200,"duration_ms":1}
[pod/gateway-7967dcb446-xnm86/gateway] {"time":"2026-10-05T07:37:32.137262412Z","level":"INFO","msg":"request","role":"gateway","method":"GET","path":"/api/payments","status":200,"duration_ms":2}
[pod/gateway-7967dcb446-xnm86/gateway] {"time":"2026-10-05T07:37:32.392633129Z","level":"INFO","msg":"request","role":"gateway","method":"GET","path":"/api/payments","status":200,"duration_ms":2}
[pod/gateway-7967dcb446-xnm86/gateway] {"time":"2026-10-05T07:37:32.64664656Z","level":"INFO","msg":"request","role":"gateway","method":"GET","path":"/api/payments","status":200,"duration_ms":1}
[pod/gateway-7967dcb446-xnm86/gateway] {"time":"2026-10-05T07:37:32.900598762Z","level":"INFO","msg":"request","role":"gateway","method":"GET","path":"/api/payments","status":200,"duration_ms":1}
[pod/gateway-7967dcb446-xnm86/gateway] {"time":"2026-10-05T07:37:33.152474914Z","level":"INFO","msg":"request","role":"gateway","method":"GET","path":"/api/payments","status":200,"duration_ms":0}
[pod/gateway-7967dcb446-xnm86/gateway] {"time":"2026-10-05T07:37:33.406070808Z","level":"INFO","msg":"request","role":"gateway","method":"GET","path":"/api/payments","status":200,"duration_ms":2}
[pod/gateway-7967dcb446-xnm86/gateway] {"time":"2026-10-05T07:37:33.658869891Z","level":"INFO","msg":"request","role":"gateway","method":"GET","path":"/api/payments","status":200,"duration_ms":1}
[pod/gateway-7967dcb446-xnm86/gateway] {"time":"2026-10-05T07:37:33.912994139Z","level":"INFO","msg":"request","role":"gateway","method":"GET","path":"/api/payments","status":200,"duration_ms":2}
[pod/gateway-7967dcb446-xnm86/gateway] {"time":"2026-10-05T07:37:34.167331955Z","level":"INFO","msg":"request","role":"gateway","method":"GET","path":"/api/payments","status":200,"duration_ms":2}
[pod/gateway-7967dcb446-xnm86/gateway] {"time":"2026-10-05T07:37:34.422354666Z","level":"INFO","msg":"request","role":"gateway","method":"GET","path":"/api/payments","status":200,"duration_ms":2}
[pod/gateway-7967dcb446-xnm86/gateway] {"time":"2026-10-05T07:37:34.677483501Z","level":"INFO","msg":"request","role":"gateway","method":"GET","path":"/api/payments","status":200,"duration_ms":2}
[pod/gateway-7967dcb446-xnm86/gateway] {"time":"2026-10-05T07:37:34.933378887Z","level":"INFO","msg":"request","role":"gateway","method":"GET","path":"/api/payments","status":200,"duration_ms":2}
[pod/gateway-7967dcb446-xnm86/gateway] {"time":"2026-10-05T07:37:35.188030564Z","level":"INFO","msg":"request","role":"gateway","method":"GET","path":"/api/payments","status":200,"duration_ms":2}
[pod/gateway-7967dcb446-xnm86/gateway] {"time":"2026-10-05T07:37:35.443469143Z","level":"INFO","msg":"request","role":"gateway","method":"GET","path":"/api/payments","status":200,"duration_ms":2}
[pod/gateway-7967dcb446-xnm86/gateway] {"time":"2026-10-05T07:37:35.698501408Z","level":"INFO","msg":"request","role":"gateway","method":"GET","path":"/api/payments","status":200,"duration_ms":2}
[pod/gateway-7967dcb446-xnm86/gateway] {"time":"2026-10-05T07:37:35.952456814Z","level":"INFO","msg":"request","role":"gateway","method":"GET","path":"/api/payments","status":200,"duration_ms":1}
[pod/gateway-7967dcb446-xnm86/gateway] {"time":"2026-10-05T07:37:36.207041047Z","level":"INFO","msg":"request","role":"gateway","method":"GET","path":"/api/payments","status":200,"duration_ms":2}
[pod/gateway-7967dcb446-xnm86/gateway] {"time":"2026-10-05T07:37:36.462266618Z","level":"INFO","msg":"request","role":"gateway","method":"GET","path":"/api/payments","status":200,"duration_ms":2}
[pod/gateway-7967dcb446-xnm86/gateway] {"time":"2026-10-05T07:37:36.717794611Z","level":"INFO","msg":"request","role":"gateway","method":"GET","path":"/api/payments","status":200,"duration_ms":2}
[pod/gateway-7967dcb446-xnm86/gateway] {"time":"2026-10-05T07:37:36.971628686Z","level":"INFO","msg":"request","role":"gateway","method":"GET","path":"/api/payments","status":200,"duration_ms":2}
[pod/gateway-7967dcb446-xnm86/gateway] {"time":"2026-10-05T07:37:37.226578937Z","level":"INFO","msg":"request","role":"gateway","method":"GET","path":"/api/payments","status":200,"duration_ms":2}
[pod/gateway-7967dcb446-xnm86/gateway] {"time":"2026-10-05T07:37:37.481379634Z","level":"INFO","msg":"request","role":"gateway","method":"GET","path":"/api/payments","status":200,"duration_ms":2}
[pod/gateway-7967dcb446-xnm86/gateway] {"time":"2026-10-05T07:37:37.73655155Z","level":"INFO","msg":"request","role":"gateway","method":"GET","path":"/api/payments","status":200,"duration_ms":2}
[pod/gateway-7967dcb446-xnm86/gateway] {"time":"2026-10-05T07:37:37.992419107Z","level":"INFO","msg":"request","role":"gateway","method":"GET","path":"/api/payments","status":200,"duration_ms":2}
[pod/gateway-7967dcb446-xnm86/gateway] {"time":"2026-10-05T07:37:38.247869699Z","level":"INFO","msg":"request","role":"gateway","method":"GET","path":"/api/payments","status":200,"duration_ms":2}
[pod/gateway-7967dcb446-xnm86/gateway] {"time":"2026-10-05T07:37:38.503693658Z","level":"INFO","msg":"request","role":"gateway","method":"GET","path":"/api/payments","status":200,"duration_ms":2}
[pod/gateway-7967dcb446-xnm86/gateway] {"time":"2026-10-05T07:37:38.757533369Z","level":"INFO","msg":"request","role":"gateway","method":"GET","path":"/api/payments","status":200,"duration_ms":1}
[pod/gateway-7967dcb446-xnm86/gateway] {"time":"2026-10-05T07:37:39.013415479Z","level":"INFO","msg":"request","role":"gateway","method":"GET","path":"/api/payments","status":200,"duration_ms":2}
[pod/gateway-7967dcb446-xnm86/gateway] {"time":"2026-10-05T07:37:39.268944017Z","level":"INFO","msg":"request","role":"gateway","method":"GET","path":"/api/payments","status":200,"duration_ms":2}
[pod/gateway-7967dcb446-xnm86/gateway] {"time":"2026-10-05T07:37:39.524376135Z","level":"INFO","msg":"request","role":"gateway","method":"GET","path":"/api/payments","status":200,"duration_ms":2}
[pod/gateway-7967dcb446-xnm86/gateway] {"time":"2026-10-05T07:37:39.779214096Z","level":"INFO","msg":"request","role":"gateway","method":"GET","path":"/api/payments","status":200,"duration_ms":1}
[pod/gateway-7967dcb446-xnm86/gateway] {"time":"2026-10-05T07:37:40.03417461Z","level":"INFO","msg":"request","role":"gateway","method":"GET","path":"/api/payments","status":200,"duration_ms":2}
[pod/gateway-7967dcb446-xnm86/gateway] {"time":"2026-10-05T07:37:40.289375153Z","level":"INFO","msg":"request","role":"gateway","method":"GET","path":"/api/payments","status":200,"duration_ms":2}
[pod/gateway-7967dcb446-xnm86/gateway] {"time":"2026-10-05T07:37:40.543150406Z","level":"INFO","msg":"request","role":"gateway","method":"GET","path":"/api/payments","status":200,"duration_ms":1}
[pod/gateway-7967dcb446-xnm86/gateway] {"time":"2026-10-05T07:37:40.798900687Z","level":"INFO","msg":"request","role":"gateway","method":"GET","path":"/api/payments","status":200,"duration_ms":2}
[pod/gateway-7967dcb446-xnm86/gateway] {"time":"2026-10-05T07:37:41.052515231Z","level":"INFO","msg":"request","role":"gateway","method":"GET","path":"/api/payments","status":200,"duration_ms":1}
[pod/gateway-7967dcb446-xnm86/gateway] {"time":"2026-10-05T07:37:41.307611465Z","level":"INFO","msg":"request","role":"gateway","method":"GET","path":"/api/payments","status":200,"duration_ms":2}
[pod/gateway-7967dcb446-xnm86/gateway] {"time":"2026-10-05T07:37:41.560774891Z","level":"INFO","msg":"request","role":"gateway","method":"GET","path":"/api/payments","status":200,"duration_ms":1}
[pod/gateway-7967dcb446-xnm86/gateway] {"time":"2026-10-05T07:37:41.812770098Z","level":"INFO","msg":"request","role":"gateway","method":"GET","path":"/api/payments","status":200,"duration_ms":0}
[pod/gateway-7967dcb446-xnm86/gateway] {"time":"2026-10-05T07:37:42.065457177Z","level":"INFO","msg":"request","role":"gateway","method":"GET","path":"/api/payments","status":200,"duration_ms":1}
[pod/gateway-7967dcb446-xnm86/gateway] {"time":"2026-10-05T07:37:42.320208Z","level":"INFO","msg":"request","role":"gateway","method":"GET","path":"/api/payments","status":200,"duration_ms":2}
[pod/gateway-7967dcb446-xnm86/gateway] {"time":"2026-10-05T07:37:42.575571517Z","level":"INFO","msg":"request","role":"gateway","method":"GET","path":"/api/payments","status":200,"duration_ms":2}
[pod/gateway-7967dcb446-xnm86/gateway] {"time":"2026-10-05T07:37:42.831709922Z","level":"INFO","msg":"request","role":"gateway","method":"GET","path":"/api/payments","status":200,"duration_ms":3}
[pod/gateway-7967dcb446-xnm86/gateway] {"time":"2026-10-05T07:37:43.086967714Z","level":"INFO","msg":"request","role":"gateway","method":"GET","path":"/api/payments","status":200,"duration_ms":2}
[pod/gateway-7967dcb446-xnm86/gateway] {"time":"2026-10-05T07:37:43.340164912Z","level":"INFO","msg":"request","role":"gateway","method":"GET","path":"/api/payments","status":200,"duration_ms":1}
[pod/gateway-7967dcb446-xnm86/gateway] {"time":"2026-10-05T07:37:43.595367329Z","level":"INFO","msg":"request","role":"gateway","method":"GET","path":"/api/payments","status":200,"duration_ms":2}
[pod/gateway-7967dcb446-xnm86/gateway] {"time":"2026-10-05T07:37:43.851025432Z","level":"INFO","msg":"request","role":"gateway","method":"GET","path":"/api/payments","status":200,"duration_ms":3}
[pod/gateway-7967dcb446-xnm86/gateway] {"time":"2026-10-05T07:37:44.104553471Z","level":"INFO","msg":"request","role":"gateway","method":"GET","path":"/api/payments","status":200,"duration_ms":1}
[pod/gateway-7967dcb446-xnm86/gateway] {"time":"2026-10-05T07:37:44.357739437Z","level":"INFO","msg":"request","role":"gateway","method":"GET","path":"/api/payments","status":200,"duration_ms":1}
[pod/gateway-7967dcb446-xnm86/gateway] {"time":"2026-10-05T07:37:44.6112486Z","level":"INFO","msg":"request","role":"gateway","method":"GET","path":"/api/payments","status":200,"duration_ms":1}
[pod/gateway-7967dcb446-xnm86/gateway] {"time":"2026-10-05T07:37:44.866825959Z","level":"INFO","msg":"request","role":"gateway","method":"GET","path":"/api/payments","status":200,"duration_ms":2}
[pod/gateway-7967dcb446-xnm86/gateway] {"time":"2026-10-05T07:37:45.120166266Z","level":"INFO","msg":"request","role":"gateway","method":"GET","path":"/api/payments","status":200,"duration_ms":1}
[pod/gateway-7967dcb446-xnm86/gateway] {"time":"2026-10-05T07:37:45.373808959Z","level":"INFO","msg":"request","role":"gateway","method":"GET","path":"/api/payments","status":200,"duration_ms":1}
[pod/gateway-7967dcb446-xnm86/gateway] {"time":"2026-10-05T07:37:45.62792568Z","level":"INFO","msg":"request","role":"gateway","method":"GET","path":"/api/payments","status":200,"duration_ms":2}
[pod/gateway-7967dcb446-xnm86/gateway] {"time":"2026-10-05T07:37:45.882470176Z","level":"INFO","msg":"request","role":"gateway","method":"GET","path":"/api/payments","status":200,"duration_ms":1}
[pod/gateway-7967dcb446-xnm86/gateway] {"time":"2026-10-05T07:37:46.136792146Z","level":"INFO","msg":"request","role":"gateway","method":"GET","path":"/api/payments","status":200,"duration_ms":1}
[pod/gateway-7967dcb446-xnm86/gateway] {"time":"2026-10-05T07:37:46.391547867Z","level":"INFO","msg":"request","role":"gateway","method":"GET","path":"/api/payments","status":200,"duration_ms":2}
[pod/gateway-7967dcb446-xnm86/gateway] {"time":"2026-10-05T07:37:46.643802913Z","level":"INFO","msg":"request","role":"gateway","method":"GET","path":"/api/payments","status":200,"duration_ms":0}
[pod/gateway-7967dcb446-xnm86/gateway] {"time":"2026-10-05T07:37:46.899499469Z","level":"INFO","msg":"request","role":"gateway","method":"GET","path":"/api/payments","status":200,"duration_ms":2}
[pod/gateway-7967dcb446-xnm86/gateway] {"time":"2026-10-05T07:37:47.152878458Z","level":"INFO","msg":"request","role":"gateway","method":"GET","path":"/api/payments","status":200,"duration_ms":1}
[pod/gateway-7967dcb446-xnm86/gateway] {"time":"2026-10-05T07:37:47.405749474Z","level":"INFO","msg":"request","role":"gateway","method":"GET","path":"/api/payments","status":200,"duration_ms":1}
[pod/gateway-7967dcb446-xnm86/gateway] {"time":"2026-10-05T07:37:47.66042774Z","level":"INFO","msg":"request","role":"gateway","method":"GET","path":"/api/payments","status":200,"duration_ms":2}
[pod/gateway-7967dcb446-xnm86/gateway] {"time":"2026-10-05T07:37:47.91453199Z","level":"INFO","msg":"request","role":"gateway","method":"GET","path":"/api/payments","status":200,"duration_ms":1}
[pod/gateway-7967dcb446-xnm86/gateway] {"time":"2026-10-05T07:37:48.169775616Z","level":"INFO","msg":"request","role":"gateway","method":"GET","path":"/api/payments","status":200,"duration_ms":2}
[pod/gateway-7967dcb446-xnm86/gateway] {"time":"2026-10-05T07:37:49.192835693Z","level":"INFO","msg":"request","role":"gateway","method":"GET","path":"/api/payments","status":200,"duration_ms":0}
[pod/gateway-7967dcb446-xnm86/gateway] {"time":"2026-10-05T07:37:49.445601466Z","level":"INFO","msg":"request","role":"gateway","method":"GET","path":"/api/payments","status":200,"duration_ms":1}
[pod/gateway-7967dcb446-xnm86/gateway] {"time":"2026-10-05T07:37:49.701056432Z","level":"INFO","msg":"request","role":"gateway","method":"GET","path":"/api/payments","status":200,"duration_ms":2}
[pod/gateway-7967dcb446-xnm86/gateway] {"time":"2026-10-05T07:37:50.21152811Z","level":"INFO","msg":"request","role":"gateway","method":"GET","path":"/api/payments","status":200,"duration_ms":2}
[pod/gateway-7967dcb446-xnm86/gateway] {"time":"2026-10-05T07:37:51.23366932Z","level":"INFO","msg":"request","role":"gateway","method":"GET","path":"/api/payments","status":200,"duration_ms":2}
[pod/gateway-7967dcb446-xnm86/gateway] {"time":"2026-10-05T07:37:51.48585853Z","level":"INFO","msg":"request","role":"gateway","method":"GET","path":"/api/payments","status":200,"duration_ms":0}
[pod/gateway-7967dcb446-xnm86/gateway] {"time":"2026-10-05T07:37:51.740477894Z","level":"INFO","msg":"request","role":"gateway","method":"GET","path":"/api/payments","status":200,"duration_ms":2}
[pod/gateway-7967dcb446-xnm86/gateway] {"time":"2026-10-05T07:37:52.251996637Z","level":"INFO","msg":"request","role":"gateway","method":"GET","path":"/api/payments","status":200,"duration_ms":2}
[pod/gateway-7967dcb446-xnm86/gateway] {"time":"2026-10-05T07:37:52.508037043Z","level":"INFO","msg":"request","role":"gateway","method":"GET","path":"/api/payments","status":200,"duration_ms":2}
[pod/gateway-7967dcb446-xnm86/gateway] {"time":"2026-10-05T07:37:52.761720761Z","level":"INFO","msg":"request","role":"gateway","method":"GET","path":"/api/payments","status":200,"duration_ms":1}
[pod/gateway-7967dcb446-xnm86/gateway] {"time":"2026-10-05T07:37:53.273026816Z","level":"INFO","msg":"request","role":"gateway","method":"GET","path":"/api/payments","status":200,"duration_ms":2}
[pod/gateway-7967dcb446-xnm86/gateway] {"time":"2026-10-05T07:37:53.782843374Z","level":"INFO","msg":"request","role":"gateway","method":"GET","path":"/api/payments","status":200,"duration_ms":2}
[pod/gateway-7967dcb446-xnm86/gateway] {"time":"2026-10-05T07:37:54.80189266Z","level":"INFO","msg":"request","role":"gateway","method":"GET","path":"/api/payments","status":200,"duration_ms":2}
[pod/gateway-7967dcb446-xnm86/gateway] {"time":"2026-10-05T07:37:56.071269416Z","level":"INFO","msg":"request","role":"gateway","method":"GET","path":"/api/payments","status":200,"duration_ms":1}
[pod/gateway-7967dcb446-xnm86/gateway] {"time":"2026-10-05T07:37:57.09354153Z","level":"INFO","msg":"request","role":"gateway","method":"GET","path":"/api/payments","status":200,"duration_ms":2}
[pod/gateway-7967dcb446-xnm86/gateway] {"time":"2026-10-05T07:37:57.602624898Z","level":"INFO","msg":"request","role":"gateway","method":"GET","path":"/api/payments","status":200,"duration_ms":2}
[pod/gateway-7967dcb446-xnm86/gateway] {"time":"2026-10-05T07:37:58.114987801Z","level":"INFO","msg":"request","role":"gateway","method":"GET","path":"/api/payments","status":200,"duration_ms":2}
[pod/gateway-7967dcb446-xnm86/gateway] {"time":"2026-10-05T07:37:58.369515197Z","level":"INFO","msg":"request","role":"gateway","method":"GET","path":"/api/payments","status":200,"duration_ms":2}
[pod/gateway-7967dcb446-xnm86/gateway] {"time":"2026-10-05T07:37:58.623258213Z","level":"INFO","msg":"request","role":"gateway","method":"GET","path":"/api/payments","status":200,"duration_ms":1}
[pod/gateway-7967dcb446-xnm86/gateway] {"time":"2026-10-05T07:37:58.878172517Z","level":"INFO","msg":"request","role":"gateway","method":"GET","path":"/api/payments","status":200,"duration_ms":2}
[pod/gateway-7967dcb446-xnm86/gateway] {"time":"2026-10-05T07:38:01.425042793Z","level":"INFO","msg":"request","role":"gateway","method":"GET","path":"/api/payments","status":200,"duration_ms":3}
[pod/gateway-7967dcb446-xnm86/gateway] {"time":"2026-10-05T07:38:01.680957564Z","level":"INFO","msg":"request","role":"gateway","method":"GET","path":"/api/payments","status":200,"duration_ms":2}
[pod/gateway-7967dcb446-xnm86/gateway] {"time":"2026-10-05T07:38:02.44539428Z","level":"INFO","msg":"request","role":"gateway","method":"GET","path":"/api/payments","status":200,"duration_ms":2}
[pod/gateway-7967dcb446-xnm86/gateway] {"time":"2026-10-05T07:38:02.69990297Z","level":"INFO","msg":"request","role":"gateway","method":"GET","path":"/api/payments","status":200,"duration_ms":1}
[pod/gateway-7967dcb446-xnm86/gateway] {"time":"2026-10-05T07:38:02.953580093Z","level":"INFO","msg":"request","role":"gateway","method":"GET","path":"/api/payments","status":200,"duration_ms":1}
[pod/gateway-7967dcb446-xnm86/gateway] {"time":"2026-10-05T07:38:03.974683016Z","level":"INFO","msg":"request","role":"gateway","method":"GET","path":"/api/payments","status":200,"duration_ms":3}
[pod/gateway-7967dcb446-xnm86/gateway] {"time":"2026-10-05T07:38:04.226952587Z","level":"INFO","msg":"request","role":"gateway","method":"GET","path":"/api/payments","status":200,"duration_ms":0}
[pod/gateway-7967dcb446-xnm86/gateway] {"time":"2026-10-05T07:38:04.481811452Z","level":"INFO","msg":"request","role":"gateway","method":"GET","path":"/api/payments","status":200,"duration_ms":2}
[pod/gateway-7967dcb446-xnm86/gateway] {"time":"2026-10-05T07:38:04.735289002Z","level":"INFO","msg":"request","role":"gateway","method":"GET","path":"/api/payments","status":200,"duration_ms":1}
[pod/gateway-7967dcb446-xnm86/gateway] {"time":"2026-10-05T07:38:05.245519426Z","level":"INFO","msg":"request","role":"gateway","method":"GET","path":"/api/payments","status":200,"duration_ms":2}
[pod/gateway-7967dcb446-xnm86/gateway] {"time":"2026-10-05T07:38:05.498855362Z","level":"INFO","msg":"request","role":"gateway","method":"GET","path":"/api/payments","status":200,"duration_ms":1}
[pod/gateway-7967dcb446-xnm86/gateway] {"time":"2026-10-05T07:38:05.752451211Z","level":"INFO","msg":"request","role":"gateway","method":"GET","path":"/api/payments","status":200,"duration_ms":1}
[pod/gateway-7967dcb446-xnm86/gateway] {"time":"2026-10-05T07:38:06.264673152Z","level":"INFO","msg":"request","role":"gateway","method":"GET","path":"/api/payments","status":200,"duration_ms":3}
[pod/gateway-7967dcb446-xnm86/gateway] {"time":"2026-10-05T07:38:06.518362945Z","level":"INFO","msg":"request","role":"gateway","method":"GET","path":"/api/payments","status":200,"duration_ms":1}
[pod/gateway-7967dcb446-xnm86/gateway] {"time":"2026-10-05T07:38:07.027973075Z","level":"INFO","msg":"request","role":"gateway","method":"GET","path":"/api/payments","status":200,"duration_ms":2}
[pod/gateway-7967dcb446-xnm86/gateway] {"time":"2026-10-05T07:38:08.298761744Z","level":"INFO","msg":"request","role":"gateway","method":"GET","path":"/api/payments","status":200,"duration_ms":2}
[pod/gateway-7967dcb446-xnm86/gateway] {"time":"2026-10-05T07:38:08.551926653Z","level":"INFO","msg":"request","role":"gateway","method":"GET","path":"/api/payments","status":200,"duration_ms":1}
[pod/gateway-7967dcb446-xnm86/gateway] {"time":"2026-10-05T07:38:09.06014897Z","level":"INFO","msg":"request","role":"gateway","method":"GET","path":"/api/payments","status":200,"duration_ms":1}
[pod/gateway-7967dcb446-xnm86/gateway] {"time":"2026-10-05T07:38:09.567911292Z","level":"INFO","msg":"request","role":"gateway","method":"GET","path":"/api/payments","status":200,"duration_ms":1}
[pod/gateway-7967dcb446-xnm86/gateway] {"time":"2026-10-05T07:38:09.82276441Z","level":"INFO","msg":"request","role":"gateway","method":"GET","path":"/api/payments","status":200,"duration_ms":2}
[pod/gateway-7967dcb446-xnm86/gateway] {"time":"2026-10-05T07:38:10.584809605Z","level":"INFO","msg":"request","role":"gateway","method":"GET","path":"/api/payments","status":200,"duration_ms":2}
[pod/gateway-7967dcb446-xnm86/gateway] {"time":"2026-10-05T07:38:10.839691608Z","level":"INFO","msg":"request","role":"gateway","method":"GET","path":"/api/payments","status":200,"duration_ms":2}
[pod/gateway-7967dcb446-xnm86/gateway] {"time":"2026-10-05T07:38:11.60305908Z","level":"INFO","msg":"request","role":"gateway","method":"GET","path":"/api/payments","status":200,"duration_ms":1}
[pod/gateway-7967dcb446-xnm86/gateway] {"time":"2026-10-05T07:38:12.8735102Z","level":"INFO","msg":"request","role":"gateway","method":"GET","path":"/api/payments","status":200,"duration_ms":1}
[pod/gateway-7967dcb446-xnm86/gateway] {"time":"2026-10-05T07:38:13.126703703Z","level":"INFO","msg":"request","role":"gateway","method":"GET","path":"/api/payments","status":200,"duration_ms":1}
[pod/gateway-7967dcb446-xnm86/gateway] {"time":"2026-10-05T07:38:13.382737214Z","level":"INFO","msg":"request","role":"gateway","method":"GET","path":"/api/payments","status":200,"duration_ms":3}
[pod/gateway-7967dcb446-xnm86/gateway] {"time":"2026-10-05T07:38:14.147462792Z","level":"INFO","msg":"request","role":"gateway","method":"GET","path":"/api/payments","status":200,"duration_ms":1}
[pod/gateway-7967dcb446-xnm86/gateway] {"time":"2026-10-05T07:38:15.16927341Z","level":"INFO","msg":"request","role":"gateway","method":"GET","path":"/api/payments","status":200,"duration_ms":2}
[pod/gateway-7967dcb446-xnm86/gateway] {"time":"2026-10-05T07:38:15.42560541Z","level":"INFO","msg":"request","role":"gateway","method":"GET","path":"/api/payments","status":200,"duration_ms":3}
[pod/gateway-7967dcb446-pwks7/gateway] {"time":"2026-10-05T07:37:44.954153932Z","level":"INFO","msg":"service started","role":"gateway","fault_tolerant":true}
[pod/gateway-7967dcb446-pwks7/gateway] {"time":"2026-10-05T07:37:48.432327807Z","level":"INFO","msg":"request","role":"gateway","method":"GET","path":"/api/payments","status":200,"duration_ms":9}
[pod/gateway-7967dcb446-pwks7/gateway] {"time":"2026-10-05T07:37:48.686436471Z","level":"INFO","msg":"request","role":"gateway","method":"GET","path":"/api/payments","status":200,"duration_ms":2}
[pod/gateway-7967dcb446-pwks7/gateway] {"time":"2026-10-05T07:37:48.940496073Z","level":"INFO","msg":"request","role":"gateway","method":"GET","path":"/api/payments","status":200,"duration_ms":1}
[pod/gateway-7967dcb446-pwks7/gateway] {"time":"2026-10-05T07:37:49.957053988Z","level":"INFO","msg":"request","role":"gateway","method":"GET","path":"/api/payments","status":200,"duration_ms":3}
[pod/gateway-7967dcb446-pwks7/gateway] {"time":"2026-10-05T07:37:50.467164625Z","level":"INFO","msg":"request","role":"gateway","method":"GET","path":"/api/payments","status":200,"duration_ms":3}
[pod/gateway-7967dcb446-pwks7/gateway] {"time":"2026-10-05T07:37:50.723609574Z","level":"INFO","msg":"request","role":"gateway","method":"GET","path":"/api/payments","status":200,"duration_ms":3}
[pod/gateway-7967dcb446-pwks7/gateway] {"time":"2026-10-05T07:37:50.978338427Z","level":"INFO","msg":"request","role":"gateway","method":"GET","path":"/api/payments","status":200,"duration_ms":2}
[pod/gateway-7967dcb446-pwks7/gateway] {"time":"2026-10-05T07:37:51.996012129Z","level":"INFO","msg":"request","role":"gateway","method":"GET","path":"/api/payments","status":200,"duration_ms":2}
[pod/gateway-7967dcb446-pwks7/gateway] {"time":"2026-10-05T07:37:53.018065455Z","level":"INFO","msg":"request","role":"gateway","method":"GET","path":"/api/payments","status":200,"duration_ms":3}
[pod/gateway-7967dcb446-pwks7/gateway] {"time":"2026-10-05T07:37:53.527075131Z","level":"INFO","msg":"request","role":"gateway","method":"GET","path":"/api/payments","status":200,"duration_ms":1}
[pod/gateway-7967dcb446-pwks7/gateway] {"time":"2026-10-05T07:37:54.03847446Z","level":"INFO","msg":"request","role":"gateway","method":"GET","path":"/api/payments","status":200,"duration_ms":2}
[pod/gateway-7967dcb446-pwks7/gateway] {"time":"2026-10-05T07:37:54.293398797Z","level":"INFO","msg":"request","role":"gateway","method":"GET","path":"/api/payments","status":200,"duration_ms":2}
[pod/gateway-7967dcb446-pwks7/gateway] {"time":"2026-10-05T07:37:54.546996185Z","level":"INFO","msg":"request","role":"gateway","method":"GET","path":"/api/payments","status":200,"duration_ms":1}
[pod/gateway-7967dcb446-pwks7/gateway] {"time":"2026-10-05T07:37:55.056705869Z","level":"INFO","msg":"request","role":"gateway","method":"GET","path":"/api/payments","status":200,"duration_ms":2}
[pod/gateway-7967dcb446-pwks7/gateway] {"time":"2026-10-05T07:37:55.310461811Z","level":"INFO","msg":"request","role":"gateway","method":"GET","path":"/api/payments","status":200,"duration_ms":1}
[pod/gateway-7967dcb446-pwks7/gateway] {"time":"2026-10-05T07:37:55.563029229Z","level":"INFO","msg":"request","role":"gateway","method":"GET","path":"/api/payments","status":200,"duration_ms":1}
[pod/gateway-7967dcb446-pwks7/gateway] {"time":"2026-10-05T07:37:55.818420956Z","level":"INFO","msg":"request","role":"gateway","method":"GET","path":"/api/payments","status":200,"duration_ms":2}
[pod/gateway-7967dcb446-pwks7/gateway] {"time":"2026-10-05T07:37:56.32605253Z","level":"INFO","msg":"request","role":"gateway","method":"GET","path":"/api/payments","status":200,"duration_ms":2}
[pod/gateway-7967dcb446-pwks7/gateway] {"time":"2026-10-05T07:37:56.581616803Z","level":"INFO","msg":"request","role":"gateway","method":"GET","path":"/api/payments","status":200,"duration_ms":2}
[pod/gateway-7967dcb446-pwks7/gateway] {"time":"2026-10-05T07:37:56.837675891Z","level":"INFO","msg":"request","role":"gateway","method":"GET","path":"/api/payments","status":200,"duration_ms":3}
[pod/gateway-7967dcb446-pwks7/gateway] {"time":"2026-10-05T07:37:57.347502162Z","level":"INFO","msg":"request","role":"gateway","method":"GET","path":"/api/payments","status":200,"duration_ms":1}
[pod/gateway-7967dcb446-pwks7/gateway] {"time":"2026-10-05T07:37:57.859078117Z","level":"INFO","msg":"request","role":"gateway","method":"GET","path":"/api/payments","status":200,"duration_ms":3}
[pod/gateway-7967dcb446-pwks7/gateway] {"time":"2026-10-05T07:37:59.131782254Z","level":"INFO","msg":"request","role":"gateway","method":"GET","path":"/api/payments","status":200,"duration_ms":1}
[pod/gateway-7967dcb446-pwks7/gateway] {"time":"2026-10-05T07:37:59.387439388Z","level":"INFO","msg":"request","role":"gateway","method":"GET","path":"/api/payments","status":200,"duration_ms":2}
[pod/gateway-7967dcb446-pwks7/gateway] {"time":"2026-10-05T07:37:59.642187961Z","level":"INFO","msg":"request","role":"gateway","method":"GET","path":"/api/payments","status":200,"duration_ms":2}
[pod/gateway-7967dcb446-pwks7/gateway] {"time":"2026-10-05T07:37:59.896209131Z","level":"INFO","msg":"request","role":"gateway","method":"GET","path":"/api/payments","status":200,"duration_ms":2}
[pod/gateway-7967dcb446-pwks7/gateway] {"time":"2026-10-05T07:38:00.150070504Z","level":"INFO","msg":"request","role":"gateway","method":"GET","path":"/api/payments","status":200,"duration_ms":1}
[pod/gateway-7967dcb446-pwks7/gateway] {"time":"2026-10-05T07:38:00.404968618Z","level":"INFO","msg":"request","role":"gateway","method":"GET","path":"/api/payments","status":200,"duration_ms":2}
[pod/gateway-7967dcb446-pwks7/gateway] {"time":"2026-10-05T07:38:00.658197833Z","level":"INFO","msg":"request","role":"gateway","method":"GET","path":"/api/payments","status":200,"duration_ms":1}
[pod/gateway-7967dcb446-pwks7/gateway] {"time":"2026-10-05T07:38:00.913587468Z","level":"INFO","msg":"request","role":"gateway","method":"GET","path":"/api/payments","status":200,"duration_ms":2}
[pod/gateway-7967dcb446-pwks7/gateway] {"time":"2026-10-05T07:38:01.168948476Z","level":"INFO","msg":"request","role":"gateway","method":"GET","path":"/api/payments","status":200,"duration_ms":2}
[pod/gateway-7967dcb446-pwks7/gateway] {"time":"2026-10-05T07:38:01.934470642Z","level":"INFO","msg":"request","role":"gateway","method":"GET","path":"/api/payments","status":200,"duration_ms":1}
[pod/gateway-7967dcb446-pwks7/gateway] {"time":"2026-10-05T07:38:02.190247834Z","level":"INFO","msg":"request","role":"gateway","method":"GET","path":"/api/payments","status":200,"duration_ms":2}
[pod/gateway-7967dcb446-pwks7/gateway] {"time":"2026-10-05T07:38:03.207330684Z","level":"INFO","msg":"request","role":"gateway","method":"GET","path":"/api/payments","status":200,"duration_ms":1}
[pod/gateway-7967dcb446-pwks7/gateway] {"time":"2026-10-05T07:38:03.46277269Z","level":"INFO","msg":"request","role":"gateway","method":"GET","path":"/api/payments","status":200,"duration_ms":2}
[pod/gateway-7967dcb446-pwks7/gateway] {"time":"2026-10-05T07:38:03.718155285Z","level":"INFO","msg":"request","role":"gateway","method":"GET","path":"/api/payments","status":200,"duration_ms":2}
[pod/gateway-7967dcb446-pwks7/gateway] {"time":"2026-10-05T07:38:04.990845534Z","level":"INFO","msg":"request","role":"gateway","method":"GET","path":"/api/payments","status":200,"duration_ms":3}
[pod/gateway-7967dcb446-pwks7/gateway] {"time":"2026-10-05T07:38:06.008564116Z","level":"INFO","msg":"request","role":"gateway","method":"GET","path":"/api/payments","status":200,"duration_ms":3}
[pod/gateway-7967dcb446-pwks7/gateway] {"time":"2026-10-05T07:38:06.773225452Z","level":"INFO","msg":"request","role":"gateway","method":"GET","path":"/api/payments","status":200,"duration_ms":2}
[pod/gateway-7967dcb446-pwks7/gateway] {"time":"2026-10-05T07:38:07.28211973Z","level":"INFO","msg":"request","role":"gateway","method":"GET","path":"/api/payments","status":200,"duration_ms":2}
[pod/gateway-7967dcb446-pwks7/gateway] {"time":"2026-10-05T07:38:07.535051287Z","level":"INFO","msg":"request","role":"gateway","method":"GET","path":"/api/payments","status":200,"duration_ms":1}
[pod/gateway-7967dcb446-pwks7/gateway] {"time":"2026-10-05T07:38:07.788330145Z","level":"INFO","msg":"request","role":"gateway","method":"GET","path":"/api/payments","status":200,"duration_ms":1}
[pod/gateway-7967dcb446-pwks7/gateway] {"time":"2026-10-05T07:38:08.043933778Z","level":"INFO","msg":"request","role":"gateway","method":"GET","path":"/api/payments","status":200,"duration_ms":3}
[pod/gateway-7967dcb446-pwks7/gateway] {"time":"2026-10-05T07:38:08.806945134Z","level":"INFO","msg":"request","role":"gateway","method":"GET","path":"/api/payments","status":200,"duration_ms":2}
[pod/gateway-7967dcb446-pwks7/gateway] {"time":"2026-10-05T07:38:09.31449717Z","level":"INFO","msg":"request","role":"gateway","method":"GET","path":"/api/payments","status":200,"duration_ms":2}
[pod/gateway-7967dcb446-pwks7/gateway] {"time":"2026-10-05T07:38:10.074692664Z","level":"INFO","msg":"request","role":"gateway","method":"GET","path":"/api/payments","status":200,"duration_ms":0}
[pod/gateway-7967dcb446-pwks7/gateway] {"time":"2026-10-05T07:38:10.329537052Z","level":"INFO","msg":"request","role":"gateway","method":"GET","path":"/api/payments","status":200,"duration_ms":2}
[pod/gateway-7967dcb446-pwks7/gateway] {"time":"2026-10-05T07:38:11.095284269Z","level":"INFO","msg":"request","role":"gateway","method":"GET","path":"/api/payments","status":200,"duration_ms":2}
[pod/gateway-7967dcb446-pwks7/gateway] {"time":"2026-10-05T07:38:11.349353466Z","level":"INFO","msg":"request","role":"gateway","method":"GET","path":"/api/payments","status":200,"duration_ms":1}
[pod/gateway-7967dcb446-pwks7/gateway] {"time":"2026-10-05T07:38:11.858315205Z","level":"INFO","msg":"request","role":"gateway","method":"GET","path":"/api/payments","status":200,"duration_ms":2}
[pod/gateway-7967dcb446-pwks7/gateway] {"time":"2026-10-05T07:38:12.11311494Z","level":"INFO","msg":"request","role":"gateway","method":"GET","path":"/api/payments","status":200,"duration_ms":2}
[pod/gateway-7967dcb446-pwks7/gateway] {"time":"2026-10-05T07:38:12.366542743Z","level":"INFO","msg":"request","role":"gateway","method":"GET","path":"/api/payments","status":200,"duration_ms":1}
[pod/gateway-7967dcb446-pwks7/gateway] {"time":"2026-10-05T07:38:12.619713519Z","level":"INFO","msg":"request","role":"gateway","method":"GET","path":"/api/payments","status":200,"duration_ms":1}
[pod/gateway-7967dcb446-pwks7/gateway] {"time":"2026-10-05T07:38:13.637794739Z","level":"INFO","msg":"request","role":"gateway","method":"GET","path":"/api/payments","status":200,"duration_ms":2}
[pod/gateway-7967dcb446-pwks7/gateway] {"time":"2026-10-05T07:38:13.893526517Z","level":"INFO","msg":"request","role":"gateway","method":"GET","path":"/api/payments","status":200,"duration_ms":2}
[pod/gateway-7967dcb446-pwks7/gateway] {"time":"2026-10-05T07:38:14.403333474Z","level":"INFO","msg":"request","role":"gateway","method":"GET","path":"/api/payments","status":200,"duration_ms":2}
[pod/gateway-7967dcb446-pwks7/gateway] {"time":"2026-10-05T07:38:14.658082012Z","level":"INFO","msg":"request","role":"gateway","method":"GET","path":"/api/payments","status":200,"duration_ms":2}
[pod/gateway-7967dcb446-pwks7/gateway] {"time":"2026-10-05T07:38:14.913585997Z","level":"INFO","msg":"request","role":"gateway","method":"GET","path":"/api/payments","status":200,"duration_ms":2}
[pod/gateway-7967dcb446-pwks7/gateway] {"time":"2026-10-05T07:38:15.837432301Z","level":"INFO","msg":"request","role":"gateway","method":"GET","path":"/api/audit","status":200,"duration_ms":3}
[pod/gateway-7967dcb446-pwks7/gateway] {"time":"2026-10-05T07:38:15.838642935Z","level":"INFO","msg":"request","role":"gateway","method":"GET","path":"/api/payments","status":200,"duration_ms":0}