[pod/payment-697b474c4b-5tsqq/payment] {"time":"2026-10-05T07:37:45.186028405Z","level":"INFO","msg":"service started","role":"payment","fault_tolerant":true}
[pod/payment-697b474c4b-5tsqq/payment] {"time":"2026-10-05T07:37:48.432144484Z","level":"INFO","msg":"request","role":"payment","method":"GET","path":"/payments","status":200,"duration_ms":6}
[pod/payment-697b474c4b-5tsqq/payment] {"time":"2026-10-05T07:37:48.686130998Z","level":"INFO","msg":"request","role":"payment","method":"GET","path":"/payments","status":200,"duration_ms":1}
[pod/payment-697b474c4b-5tsqq/payment] {"time":"2026-10-05T07:37:48.940204984Z","level":"INFO","msg":"request","role":"payment","method":"GET","path":"/payments","status":200,"duration_ms":1}
[pod/payment-697b474c4b-5tsqq/payment] {"time":"2026-10-05T07:37:49.956686762Z","level":"INFO","msg":"request","role":"payment","method":"GET","path":"/payments","status":200,"duration_ms":2}
[pod/payment-697b474c4b-5tsqq/payment] {"time":"2026-10-05T07:37:50.466829508Z","level":"INFO","msg":"request","role":"payment","method":"GET","path":"/payments","status":200,"duration_ms":2}
[pod/payment-697b474c4b-5tsqq/payment] {"time":"2026-10-05T07:37:50.723253581Z","level":"INFO","msg":"request","role":"payment","method":"GET","path":"/payments","status":200,"duration_ms":2}
[pod/payment-697b474c4b-5tsqq/payment] {"time":"2026-10-05T07:37:50.977980688Z","level":"INFO","msg":"request","role":"payment","method":"GET","path":"/payments","status":200,"duration_ms":1}
[pod/payment-697b474c4b-5tsqq/payment] {"time":"2026-10-05T07:37:51.995742451Z","level":"INFO","msg":"request","role":"payment","method":"GET","path":"/payments","status":200,"duration_ms":1}
[pod/payment-697b474c4b-5tsqq/payment] {"time":"2026-10-05T07:37:53.017763096Z","level":"INFO","msg":"request","role":"payment","method":"GET","path":"/payments","status":200,"duration_ms":2}
[pod/payment-697b474c4b-5tsqq/payment] {"time":"2026-10-05T07:37:53.526731368Z","level":"INFO","msg":"request","role":"payment","method":"GET","path":"/payments","status":200,"duration_ms":1}
[pod/payment-697b474c4b-5tsqq/payment] {"time":"2026-10-05T07:37:54.038128888Z","level":"INFO","msg":"request","role":"payment","method":"GET","path":"/payments","status":200,"duration_ms":1}
[pod/payment-697b474c4b-5tsqq/payment] {"time":"2026-10-05T07:37:54.293061705Z","level":"INFO","msg":"request","role":"payment","method":"GET","path":"/payments","status":200,"duration_ms":1}
[pod/payment-697b474c4b-5tsqq/payment] {"time":"2026-10-05T07:37:54.546809521Z","level":"INFO","msg":"request","role":"payment","method":"GET","path":"/payments","status":200,"duration_ms":1}
[pod/payment-697b474c4b-5tsqq/payment] {"time":"2026-10-05T07:37:55.05641595Z","level":"INFO","msg":"request","role":"payment","method":"GET","path":"/payments","status":200,"duration_ms":1}
[pod/payment-697b474c4b-5tsqq/payment] {"time":"2026-10-05T07:37:55.310173006Z","level":"INFO","msg":"request","role":"payment","method":"GET","path":"/payments","status":200,"duration_ms":1}
[pod/payment-697b474c4b-5tsqq/payment] {"time":"2026-10-05T07:37:55.562890919Z","level":"INFO","msg":"request","role":"payment","method":"GET","path":"/payments","status":200,"duration_ms":0}
[pod/payment-697b474c4b-5tsqq/payment] {"time":"2026-10-05T07:37:55.818025956Z","level":"INFO","msg":"request","role":"payment","method":"GET","path":"/payments","status":200,"duration_ms":1}
[pod/payment-697b474c4b-5tsqq/payment] {"time":"2026-10-05T07:37:56.325728742Z","level":"INFO","msg":"request","role":"payment","method":"GET","path":"/payments","status":200,"duration_ms":1}
[pod/payment-697b474c4b-5tsqq/payment] {"time":"2026-10-05T07:37:56.581289537Z","level":"INFO","msg":"request","role":"payment","method":"GET","path":"/payments","status":200,"duration_ms":1}
[pod/payment-697b474c4b-5tsqq/payment] {"time":"2026-10-05T07:37:56.837242571Z","level":"INFO","msg":"request","role":"payment","method":"GET","path":"/payments","status":200,"duration_ms":2}
[pod/payment-697b474c4b-5tsqq/payment] {"time":"2026-10-05T07:37:57.347272377Z","level":"INFO","msg":"request","role":"payment","method":"GET","path":"/payments","status":200,"duration_ms":1}
[pod/payment-697b474c4b-5tsqq/payment] {"time":"2026-10-05T07:37:57.85865252Z","level":"INFO","msg":"request","role":"payment","method":"GET","path":"/payments","status":200,"duration_ms":2}
[pod/payment-697b474c4b-5tsqq/payment] {"time":"2026-10-05T07:37:59.131551662Z","level":"INFO","msg":"request","role":"payment","method":"GET","path":"/payments","status":200,"duration_ms":1}
[pod/payment-697b474c4b-5tsqq/payment] {"time":"2026-10-05T07:37:59.387021748Z","level":"INFO","msg":"request","role":"payment","method":"GET","path":"/payments","status":200,"duration_ms":1}
[pod/payment-697b474c4b-5tsqq/payment] {"time":"2026-10-05T07:37:59.641898848Z","level":"INFO","msg":"request","role":"payment","method":"GET","path":"/payments","status":200,"duration_ms":1}
[pod/payment-697b474c4b-5tsqq/payment] {"time":"2026-10-05T07:37:59.895891747Z","level":"INFO","msg":"request","role":"payment","method":"GET","path":"/payments","status":200,"duration_ms":1}
[pod/payment-697b474c4b-5tsqq/payment] {"time":"2026-10-05T07:38:00.149756816Z","level":"INFO","msg":"request","role":"payment","method":"GET","path":"/payments","status":200,"duration_ms":1}
[pod/payment-697b474c4b-5tsqq/payment] {"time":"2026-10-05T07:38:00.404731151Z","level":"INFO","msg":"request","role":"payment","method":"GET","path":"/payments","status":200,"duration_ms":1}
[pod/payment-697b474c4b-5tsqq/payment] {"time":"2026-10-05T07:38:00.657937047Z","level":"INFO","msg":"request","role":"payment","method":"GET","path":"/payments","status":200,"duration_ms":0}
[pod/payment-697b474c4b-5tsqq/payment] {"time":"2026-10-05T07:38:00.913167878Z","level":"INFO","msg":"request","role":"payment","method":"GET","path":"/payments","status":200,"duration_ms":1}
[pod/payment-697b474c4b-5tsqq/payment] {"time":"2026-10-05T07:38:01.168687979Z","level":"INFO","msg":"request","role":"payment","method":"GET","path":"/payments","status":200,"duration_ms":1}
[pod/payment-697b474c4b-5tsqq/payment] {"time":"2026-10-05T07:38:01.934230264Z","level":"INFO","msg":"request","role":"payment","method":"GET","path":"/payments","status":200,"duration_ms":0}
[pod/payment-697b474c4b-5tsqq/payment] {"time":"2026-10-05T07:38:02.189891321Z","level":"INFO","msg":"request","role":"payment","method":"GET","path":"/payments","status":200,"duration_ms":1}
[pod/payment-697b474c4b-5tsqq/payment] {"time":"2026-10-05T07:38:03.206974981Z","level":"INFO","msg":"request","role":"payment","method":"GET","path":"/payments","status":200,"duration_ms":1}
[pod/payment-697b474c4b-5tsqq/payment] {"time":"2026-10-05T07:38:03.462424118Z","level":"INFO","msg":"request","role":"payment","method":"GET","path":"/payments","status":200,"duration_ms":1}
[pod/payment-697b474c4b-5tsqq/payment] {"time":"2026-10-05T07:38:03.717780226Z","level":"INFO","msg":"request","role":"payment","method":"GET","path":"/payments","status":200,"duration_ms":1}
[pod/payment-697b474c4b-5tsqq/payment] {"time":"2026-10-05T07:38:04.990342172Z","level":"INFO","msg":"request","role":"payment","method":"GET","path":"/payments","status":200,"duration_ms":1}
[pod/payment-697b474c4b-5tsqq/payment] {"time":"2026-10-05T07:38:06.008188326Z","level":"INFO","msg":"request","role":"payment","method":"GET","path":"/payments","status":200,"duration_ms":2}
[pod/payment-697b474c4b-5tsqq/payment] {"time":"2026-10-05T07:38:06.772855016Z","level":"INFO","msg":"request","role":"payment","method":"GET","path":"/payments","status":200,"duration_ms":1}
[pod/payment-697b474c4b-5tsqq/payment] {"time":"2026-10-05T07:38:07.281729608Z","level":"INFO","msg":"request","role":"payment","method":"GET","path":"/payments","status":200,"duration_ms":1}
[pod/payment-697b474c4b-5tsqq/payment] {"time":"2026-10-05T07:38:07.534906997Z","level":"INFO","msg":"request","role":"payment","method":"GET","path":"/payments","status":200,"duration_ms":0}
[pod/payment-697b474c4b-5tsqq/payment] {"time":"2026-10-05T07:38:07.787965692Z","level":"INFO","msg":"request","role":"payment","method":"GET","path":"/payments","status":200,"duration_ms":1}
[pod/payment-697b474c4b-5tsqq/payment] {"time":"2026-10-05T07:38:08.043536859Z","level":"INFO","msg":"request","role":"payment","method":"GET","path":"/payments","status":200,"duration_ms":2}
[pod/payment-697b474c4b-5tsqq/payment] {"time":"2026-10-05T07:38:08.806665248Z","level":"INFO","msg":"request","role":"payment","method":"GET","path":"/payments","status":200,"duration_ms":1}
[pod/payment-697b474c4b-5tsqq/payment] {"time":"2026-10-05T07:38:09.314083455Z","level":"INFO","msg":"request","role":"payment","method":"GET","path":"/payments","status":200,"duration_ms":1}
[pod/payment-697b474c4b-5tsqq/payment] {"time":"2026-10-05T07:38:10.074581198Z","level":"INFO","msg":"request","role":"payment","method":"GET","path":"/payments","status":200,"duration_ms":0}
[pod/payment-697b474c4b-5tsqq/payment] {"time":"2026-10-05T07:38:10.329252619Z","level":"INFO","msg":"request","role":"payment","method":"GET","path":"/payments","status":200,"duration_ms":1}
[pod/payment-697b474c4b-5tsqq/payment] {"time":"2026-10-05T07:38:11.094889353Z","level":"INFO","msg":"request","role":"payment","method":"GET","path":"/payments","status":200,"duration_ms":1}
[pod/payment-697b474c4b-5tsqq/payment] {"time":"2026-10-05T07:38:11.349119593Z","level":"INFO","msg":"request","role":"payment","method":"GET","path":"/payments","status":200,"duration_ms":1}
[pod/payment-697b474c4b-5tsqq/payment] {"time":"2026-10-05T07:38:11.857767761Z","level":"INFO","msg":"request","role":"payment","method":"GET","path":"/payments","status":200,"duration_ms":1}
[pod/payment-697b474c4b-5tsqq/payment] {"time":"2026-10-05T07:38:12.11273956Z","level":"INFO","msg":"request","role":"payment","method":"GET","path":"/payments","status":200,"duration_ms":1}
[pod/payment-697b474c4b-5tsqq/payment] {"time":"2026-10-05T07:38:12.366324062Z","level":"INFO","msg":"request","role":"payment","method":"GET","path":"/payments","status":200,"duration_ms":0}
[pod/payment-697b474c4b-5tsqq/payment] {"time":"2026-10-05T07:38:12.619479718Z","level":"INFO","msg":"request","role":"payment","method":"GET","path":"/payments","status":200,"duration_ms":1}
[pod/payment-697b474c4b-5tsqq/payment] {"time":"2026-10-05T07:38:13.63743642Z","level":"INFO","msg":"request","role":"payment","method":"GET","path":"/payments","status":200,"duration_ms":1}
[pod/payment-697b474c4b-5tsqq/payment] {"time":"2026-10-05T07:38:13.893226078Z","level":"INFO","msg":"request","role":"payment","method":"GET","path":"/payments","status":200,"duration_ms":1}
[pod/payment-697b474c4b-5tsqq/payment] {"time":"2026-10-05T07:38:14.402917588Z","level":"INFO","msg":"request","role":"payment","method":"GET","path":"/payments","status":200,"duration_ms":1}
[pod/payment-697b474c4b-5tsqq/payment] {"time":"2026-10-05T07:38:14.657721148Z","level":"INFO","msg":"request","role":"payment","method":"GET","path":"/payments","status":200,"duration_ms":1}
[pod/payment-697b474c4b-5tsqq/payment] {"time":"2026-10-05T07:38:14.913268507Z","level":"INFO","msg":"request","role":"payment","method":"GET","path":"/payments","status":200,"duration_ms":1}
[pod/payment-697b474c4b-5tsqq/payment] {"time":"2026-10-05T07:38:15.838556472Z","level":"INFO","msg":"request","role":"payment","method":"GET","path":"/payments","status":200,"duration_ms":0}
[pod/payment-697b474c4b-lpv2z/payment] {"time":"2026-10-05T07:24:28.556620575Z","level":"INFO","msg":"service started","role":"payment","fault_tolerant":true}
[pod/payment-697b474c4b-lpv2z/payment] {"time":"2026-10-05T07:26:35.82449292Z","level":"INFO","msg":"request","role":"payment","method":"GET","path":"/payments","status":200,"duration_ms":2}
[pod/payment-697b474c4b-lpv2z/payment] {"time":"2026-10-05T07:36:36.441962191Z","level":"INFO","msg":"request","role":"payment","method":"GET","path":"/payments","status":200,"duration_ms":0}
[pod/payment-697b474c4b-lpv2z/payment] {"time":"2026-10-05T07:36:36.443539769Z","level":"INFO","msg":"request","role":"payment","method":"GET","path":"/payments","status":200,"duration_ms":0}
[pod/payment-697b474c4b-lpv2z/payment] {"time":"2026-10-05T07:36:36.453649152Z","level":"INFO","msg":"request","role":"payment","method":"GET","path":"/payments","status":200,"duration_ms":0}
[pod/payment-697b474c4b-lpv2z/payment] {"time":"2026-10-05T07:36:36.454829274Z","level":"INFO","msg":"request","role":"payment","method":"GET","path":"/payments","status":200,"duration_ms":0}
[pod/payment-697b474c4b-lpv2z/payment] {"time":"2026-10-05T07:36:36.455322725Z","level":"INFO","msg":"request","role":"payment","method":"GET","path":"/payments","status":200,"duration_ms":0}
[pod/payment-697b474c4b-lpv2z/payment] {"time":"2026-10-05T07:36:36.709393291Z","level":"INFO","msg":"request","role":"payment","method":"GET","path":"/payments","status":200,"duration_ms":0}
[pod/payment-697b474c4b-lpv2z/payment] {"time":"2026-10-05T07:36:36.964755541Z","level":"INFO","msg":"request","role":"payment","method":"GET","path":"/payments","status":200,"duration_ms":1}
[pod/payment-697b474c4b-lpv2z/payment] {"time":"2026-10-05T07:36:37.220362516Z","level":"INFO","msg":"request","role":"payment","method":"GET","path":"/payments","status":200,"duration_ms":1}
[pod/payment-697b474c4b-lpv2z/payment] {"time":"2026-10-05T07:36:37.476437874Z","level":"INFO","msg":"request","role":"payment","method":"GET","path":"/payments","status":200,"duration_ms":1}
[pod/payment-697b474c4b-lpv2z/payment] {"time":"2026-10-05T07:36:37.732756085Z","level":"INFO","msg":"request","role":"payment","method":"GET","path":"/payments","status":200,"duration_ms":1}
[pod/payment-697b474c4b-lpv2z/payment] {"time":"2026-10-05T07:36:37.9883151Z","level":"INFO","msg":"request","role":"payment","method":"GET","path":"/payments","status":200,"duration_ms":1}
[pod/payment-697b474c4b-lpv2z/payment] {"time":"2026-10-05T07:36:38.244696807Z","level":"INFO","msg":"request","role":"payment","method":"GET","path":"/payments","status":200,"duration_ms":2}
[pod/payment-697b474c4b-lpv2z/payment] {"time":"2026-10-05T07:36:38.751000999Z","level":"INFO","msg":"request","role":"payment","method":"GET","path":"/payments","status":200,"duration_ms":1}
[pod/payment-697b474c4b-lpv2z/payment] {"time":"2026-10-05T07:36:39.005207571Z","level":"INFO","msg":"request","role":"payment","method":"GET","path":"/payments","status":200,"duration_ms":1}
[pod/payment-697b474c4b-lpv2z/payment] {"time":"2026-10-05T07:36:39.259780437Z","level":"INFO","msg":"request","role":"payment","method":"GET","path":"/payments","status":200,"duration_ms":1}
[pod/payment-697b474c4b-lpv2z/payment] {"time":"2026-10-05T07:36:40.527319547Z","level":"INFO","msg":"request","role":"payment","method":"GET","path":"/payments","status":200,"duration_ms":0}
[pod/payment-697b474c4b-lpv2z/payment] {"time":"2026-10-05T07:36:53.293417307Z","level":"INFO","msg":"request","role":"payment","method":"GET","path":"/payments","status":200,"duration_ms":1}
[pod/payment-697b474c4b-lpv2z/payment] {"time":"2026-10-05T07:37:14.7647674Z","level":"INFO","msg":"request","role":"payment","method":"GET","path":"/payments","status":200,"duration_ms":1}
[pod/payment-697b474c4b-lpv2z/payment] {"time":"2026-10-05T07:37:15.018579211Z","level":"INFO","msg":"request","role":"payment","method":"GET","path":"/payments","status":200,"duration_ms":1}
[pod/payment-697b474c4b-lpv2z/payment] {"time":"2026-10-05T07:37:21.163238935Z","level":"INFO","msg":"request","role":"payment","method":"GET","path":"/payments","status":200,"duration_ms":1}
[pod/payment-697b474c4b-lpv2z/payment] {"time":"2026-10-05T07:37:21.418198583Z","level":"INFO","msg":"request","role":"payment","method":"GET","path":"/payments","status":200,"duration_ms":1}
[pod/payment-697b474c4b-lpv2z/payment] {"time":"2026-10-05T07:37:21.673868237Z","level":"INFO","msg":"request","role":"payment","method":"GET","path":"/payments","status":200,"duration_ms":1}
[pod/payment-697b474c4b-lpv2z/payment] {"time":"2026-10-05T07:37:27.307461891Z","level":"INFO","msg":"request","role":"payment","method":"GET","path":"/payments","status":200,"duration_ms":1}
[pod/payment-697b474c4b-lpv2z/payment] {"time":"2026-10-05T07:37:27.560126991Z","level":"INFO","msg":"request","role":"payment","method":"GET","path":"/payments","status":200,"duration_ms":0}
[pod/payment-697b474c4b-lpv2z/payment] {"time":"2026-10-05T07:37:27.814849436Z","level":"INFO","msg":"request","role":"payment","method":"GET","path":"/payments","status":200,"duration_ms":1}
[pod/payment-697b474c4b-lpv2z/payment] {"time":"2026-10-05T07:37:28.068333828Z","level":"INFO","msg":"request","role":"payment","method":"GET","path":"/payments","status":200,"duration_ms":0}
[pod/payment-697b474c4b-lpv2z/payment] {"time":"2026-10-05T07:37:28.324479975Z","level":"INFO","msg":"request","role":"payment","method":"GET","path":"/payments","status":200,"duration_ms":2}
[pod/payment-697b474c4b-lpv2z/payment] {"time":"2026-10-05T07:37:28.580457463Z","level":"INFO","msg":"request","role":"payment","method":"GET","path":"/payments","status":200,"duration_ms":1}
[pod/payment-697b474c4b-lpv2z/payment] {"time":"2026-10-05T07:37:28.835708396Z","level":"INFO","msg":"request","role":"payment","method":"GET","path":"/payments","status":200,"duration_ms":2}
[pod/payment-697b474c4b-lpv2z/payment] {"time":"2026-10-05T07:37:29.088989767Z","level":"INFO","msg":"request","role":"payment","method":"GET","path":"/payments","status":200,"duration_ms":0}
[pod/payment-697b474c4b-lpv2z/payment] {"time":"2026-10-05T07:37:29.342168311Z","level":"INFO","msg":"request","role":"payment","method":"GET","path":"/payments","status":200,"duration_ms":1}
[pod/payment-697b474c4b-lpv2z/payment] {"time":"2026-10-05T07:37:29.597187786Z","level":"INFO","msg":"request","role":"payment","method":"GET","path":"/payments","status":200,"duration_ms":1}
[pod/payment-697b474c4b-lpv2z/payment] {"time":"2026-10-05T07:37:29.85126674Z","level":"INFO","msg":"request","role":"payment","method":"GET","path":"/payments","status":200,"duration_ms":1}
[pod/payment-697b474c4b-lpv2z/payment] {"time":"2026-10-05T07:37:30.106443723Z","level":"INFO","msg":"request","role":"payment","method":"GET","path":"/payments","status":200,"duration_ms":1}
[pod/payment-697b474c4b-lpv2z/payment] {"time":"2026-10-05T07:37:30.359729952Z","level":"INFO","msg":"request","role":"payment","method":"GET","path":"/payments","status":200,"duration_ms":0}
[pod/payment-697b474c4b-lpv2z/payment] {"time":"2026-10-05T07:37:30.612689006Z","level":"INFO","msg":"request","role":"payment","method":"GET","path":"/payments","status":200,"duration_ms":1}
[pod/payment-697b474c4b-lpv2z/payment] {"time":"2026-10-05T07:37:30.867983654Z","level":"INFO","msg":"request","role":"payment","method":"GET","path":"/payments","status":200,"duration_ms":1}
[pod/payment-697b474c4b-lpv2z/payment] {"time":"2026-10-05T07:37:31.121563931Z","level":"INFO","msg":"request","role":"payment","method":"GET","path":"/payments","status":200,"duration_ms":1}
[pod/payment-697b474c4b-lpv2z/payment] {"time":"2026-10-05T07:37:31.376368819Z","level":"INFO","msg":"request","role":"payment","method":"GET","path":"/payments","status":200,"duration_ms":1}
[pod/payment-697b474c4b-lpv2z/payment] {"time":"2026-10-05T07:37:31.630116391Z","level":"INFO","msg":"request","role":"payment","method":"GET","path":"/payments","status":200,"duration_ms":1}
[pod/payment-697b474c4b-lpv2z/payment] {"time":"2026-10-05T07:37:31.882655362Z","level":"INFO","msg":"request","role":"payment","method":"GET","path":"/payments","status":200,"duration_ms":0}
[pod/payment-697b474c4b-lpv2z/payment] {"time":"2026-10-05T07:37:32.136899618Z","level":"INFO","msg":"request","role":"payment","method":"GET","path":"/payments","status":200,"duration_ms":1}
[pod/payment-697b474c4b-lpv2z/payment] {"time":"2026-10-05T07:37:32.39234398Z","level":"INFO","msg":"request","role":"payment","method":"GET","path":"/payments","status":200,"duration_ms":1}
[pod/payment-697b474c4b-lpv2z/payment] {"time":"2026-10-05T07:37:32.64635046Z","level":"INFO","msg":"request","role":"payment","method":"GET","path":"/payments","status":200,"duration_ms":1}
[pod/payment-697b474c4b-lpv2z/payment] {"time":"2026-10-05T07:37:32.900369711Z","level":"INFO","msg":"request","role":"payment","method":"GET","path":"/payments","status":200,"duration_ms":1}
[pod/payment-697b474c4b-lpv2z/payment] {"time":"2026-10-05T07:37:33.152398406Z","level":"INFO","msg":"request","role":"payment","method":"GET","path":"/payments","status":200,"duration_ms":0}
[pod/payment-697b474c4b-lpv2z/payment] {"time":"2026-10-05T07:37:33.405764261Z","level":"INFO","msg":"request","role":"payment","method":"GET","path":"/payments","status":200,"duration_ms":1}
[pod/payment-697b474c4b-lpv2z/payment] {"time":"2026-10-05T07:37:33.658673214Z","level":"INFO","msg":"request","role":"payment","method":"GET","path":"/payments","status":200,"duration_ms":0}
[pod/payment-697b474c4b-lpv2z/payment] {"time":"2026-10-05T07:37:33.912728387Z","level":"INFO","msg":"request","role":"payment","method":"GET","path":"/payments","status":200,"duration_ms":1}
[pod/payment-697b474c4b-lpv2z/payment] {"time":"2026-10-05T07:37:34.167019793Z","level":"INFO","msg":"request","role":"payment","method":"GET","path":"/payments","status":200,"duration_ms":1}
[pod/payment-697b474c4b-lpv2z/payment] {"time":"2026-10-05T07:37:34.422003361Z","level":"INFO","msg":"request","role":"payment","method":"GET","path":"/payments","status":200,"duration_ms":2}
[pod/payment-697b474c4b-lpv2z/payment] {"time":"2026-10-05T07:37:34.677004322Z","level":"INFO","msg":"request","role":"payment","method":"GET","path":"/payments","status":200,"duration_ms":1}
[pod/payment-697b474c4b-lpv2z/payment] {"time":"2026-10-05T07:37:34.933002201Z","level":"INFO","msg":"request","role":"payment","method":"GET","path":"/payments","status":200,"duration_ms":1}
[pod/payment-697b474c4b-lpv2z/payment] {"time":"2026-10-05T07:37:35.187726523Z","level":"INFO","msg":"request","role":"payment","method":"GET","path":"/payments","status":200,"duration_ms":1}
[pod/payment-697b474c4b-lpv2z/payment] {"time":"2026-10-05T07:37:35.443144059Z","level":"INFO","msg":"request","role":"payment","method":"GET","path":"/payments","status":200,"duration_ms":1}
[pod/payment-697b474c4b-lpv2z/payment] {"time":"2026-10-05T07:37:35.698161905Z","level":"INFO","msg":"request","role":"payment","method":"GET","path":"/payments","status":200,"duration_ms":1}
[pod/payment-697b474c4b-lpv2z/payment] {"time":"2026-10-05T07:37:35.952190894Z","level":"INFO","msg":"request","role":"payment","method":"GET","path":"/payments","status":200,"duration_ms":1}
[pod/payment-697b474c4b-lpv2z/payment] {"time":"2026-10-05T07:37:36.206684818Z","level":"INFO","msg":"request","role":"payment","method":"GET","path":"/payments","status":200,"duration_ms":1}
[pod/payment-697b474c4b-lpv2z/payment] {"time":"2026-10-05T07:37:36.461966141Z","level":"INFO","msg":"request","role":"payment","method":"GET","path":"/payments","status":200,"duration_ms":1}
[pod/payment-697b474c4b-lpv2z/payment] {"time":"2026-10-05T07:37:36.71739578Z","level":"INFO","msg":"request","role":"payment","method":"GET","path":"/payments","status":200,"duration_ms":1}
[pod/payment-697b474c4b-lpv2z/payment] {"time":"2026-10-05T07:37:36.971377899Z","level":"INFO","msg":"request","role":"payment","method":"GET","path":"/payments","status":200,"duration_ms":1}
[pod/payment-697b474c4b-lpv2z/payment] {"time":"2026-10-05T07:37:37.226301382Z","level":"INFO","msg":"request","role":"payment","method":"GET","path":"/payments","status":200,"duration_ms":1}
[pod/payment-697b474c4b-lpv2z/payment] {"time":"2026-10-05T07:37:37.480954814Z","level":"INFO","msg":"request","role":"payment","method":"GET","path":"/payments","status":200,"duration_ms":1}
[pod/payment-697b474c4b-lpv2z/payment] {"time":"2026-10-05T07:37:37.736154049Z","level":"INFO","msg":"request","role":"payment","method":"GET","path":"/payments","status":200,"duration_ms":1}
[pod/payment-697b474c4b-lpv2z/payment] {"time":"2026-10-05T07:37:37.991982522Z","level":"INFO","msg":"request","role":"payment","method":"GET","path":"/payments","status":200,"duration_ms":2}
[pod/payment-697b474c4b-lpv2z/payment] {"time":"2026-10-05T07:37:38.247473395Z","level":"INFO","msg":"request","role":"payment","method":"GET","path":"/payments","status":200,"duration_ms":1}
[pod/payment-697b474c4b-lpv2z/payment] {"time":"2026-10-05T07:37:38.50334921Z","level":"INFO","msg":"request","role":"payment","method":"GET","path":"/payments","status":200,"duration_ms":2}
[pod/payment-697b474c4b-lpv2z/payment] {"time":"2026-10-05T07:37:38.757209809Z","level":"INFO","msg":"request","role":"payment","method":"GET","path":"/payments","status":200,"duration_ms":1}
[pod/payment-697b474c4b-lpv2z/payment] {"time":"2026-10-05T07:37:39.012961562Z","level":"INFO","msg":"request","role":"payment","method":"GET","path":"/payments","status":200,"duration_ms":1}
[pod/payment-697b474c4b-lpv2z/payment] {"time":"2026-10-05T07:37:39.26861536Z","level":"INFO","msg":"request","role":"payment","method":"GET","path":"/payments","status":200,"duration_ms":1}
[pod/payment-697b474c4b-lpv2z/payment] {"time":"2026-10-05T07:37:39.524037479Z","level":"INFO","msg":"request","role":"payment","method":"GET","path":"/payments","status":200,"duration_ms":1}
[pod/payment-697b474c4b-lpv2z/payment] {"time":"2026-10-05T07:37:39.778943286Z","level":"INFO","msg":"request","role":"payment","method":"GET","path":"/payments","status":200,"duration_ms":1}
[pod/payment-697b474c4b-lpv2z/payment] {"time":"2026-10-05T07:37:40.033934077Z","level":"INFO","msg":"request","role":"payment","method":"GET","path":"/payments","status":200,"duration_ms":1}
[pod/payment-697b474c4b-lpv2z/payment] {"time":"2026-10-05T07:37:40.289067411Z","level":"INFO","msg":"request","role":"payment","method":"GET","path":"/payments","status":200,"duration_ms":1}
[pod/payment-697b474c4b-lpv2z/payment] {"time":"2026-10-05T07:37:40.542866083Z","level":"INFO","msg":"request","role":"payment","method":"GET","path":"/payments","status":200,"duration_ms":1}
[pod/payment-697b474c4b-lpv2z/payment] {"time":"2026-10-05T07:37:40.798500575Z","level":"INFO","msg":"request","role":"payment","method":"GET","path":"/payments","status":200,"duration_ms":1}
[pod/payment-697b474c4b-lpv2z/payment] {"time":"2026-10-05T07:37:41.052257185Z","level":"INFO","msg":"request","role":"payment","method":"GET","path":"/payments","status":200,"duration_ms":0}
[pod/payment-697b474c4b-lpv2z/payment] {"time":"2026-10-05T07:37:41.307268425Z","level":"INFO","msg":"request","role":"payment","method":"GET","path":"/payments","status":200,"duration_ms":1}
[pod/payment-697b474c4b-lpv2z/payment] {"time":"2026-10-05T07:37:41.560480195Z","level":"INFO","msg":"request","role":"payment","method":"GET","path":"/payments","status":200,"duration_ms":0}
[pod/payment-697b474c4b-lpv2z/payment] {"time":"2026-10-05T07:37:41.812691538Z","level":"INFO","msg":"request","role":"payment","method":"GET","path":"/payments","status":200,"duration_ms":0}
[pod/payment-697b474c4b-lpv2z/payment] {"time":"2026-10-05T07:37:42.065256799Z","level":"INFO","msg":"request","role":"payment","method":"GET","path":"/payments","status":200,"duration_ms":0}
[pod/payment-697b474c4b-lpv2z/payment] {"time":"2026-10-05T07:37:42.319814113Z","level":"INFO","msg":"request","role":"payment","method":"GET","path":"/payments","status":200,"duration_ms":1}
[pod/payment-697b474c4b-lpv2z/payment] {"time":"2026-10-05T07:37:42.575180659Z","level":"INFO","msg":"request","role":"payment","method":"GET","path":"/payments","status":200,"duration_ms":1}
[pod/payment-697b474c4b-lpv2z/payment] {"time":"2026-10-05T07:37:42.831292732Z","level":"INFO","msg":"request","role":"payment","method":"GET","path":"/payments","status":200,"duration_ms":1}
[pod/payment-697b474c4b-lpv2z/payment] {"time":"2026-10-05T07:37:43.086618222Z","level":"INFO","msg":"request","role":"payment","method":"GET","path":"/payments","status":200,"duration_ms":1}
[pod/payment-697b474c4b-lpv2z/payment] {"time":"2026-10-05T07:37:43.339876468Z","level":"INFO","msg":"request","role":"payment","method":"GET","path":"/payments","status":200,"duration_ms":0}
[pod/payment-697b474c4b-lpv2z/payment] {"time":"2026-10-05T07:37:43.59510917Z","level":"INFO","msg":"request","role":"payment","method":"GET","path":"/payments","status":200,"duration_ms":1}
[pod/payment-697b474c4b-lpv2z/payment] {"time":"2026-10-05T07:37:43.850707472Z","level":"INFO","msg":"request","role":"payment","method":"GET","path":"/payments","status":200,"duration_ms":2}
[pod/payment-697b474c4b-lpv2z/payment] {"time":"2026-10-05T07:37:44.10424281Z","level":"INFO","msg":"request","role":"payment","method":"GET","path":"/payments","status":200,"duration_ms":0}
[pod/payment-697b474c4b-lpv2z/payment] {"time":"2026-10-05T07:37:44.357424138Z","level":"INFO","msg":"request","role":"payment","method":"GET","path":"/payments","status":200,"duration_ms":0}
[pod/payment-697b474c4b-lpv2z/payment] {"time":"2026-10-05T07:37:44.611019834Z","level":"INFO","msg":"request","role":"payment","method":"GET","path":"/payments","status":200,"duration_ms":1}
[pod/payment-697b474c4b-lpv2z/payment] {"time":"2026-10-05T07:37:44.866487166Z","level":"INFO","msg":"request","role":"payment","method":"GET","path":"/payments","status":200,"duration_ms":2}
[pod/payment-697b474c4b-lpv2z/payment] {"time":"2026-10-05T07:37:45.119932802Z","level":"INFO","msg":"request","role":"payment","method":"GET","path":"/payments","status":200,"duration_ms":0}
[pod/payment-697b474c4b-lpv2z/payment] {"time":"2026-10-05T07:37:45.373539481Z","level":"INFO","msg":"request","role":"payment","method":"GET","path":"/payments","status":200,"duration_ms":0}
[pod/payment-697b474c4b-lpv2z/payment] {"time":"2026-10-05T07:37:45.62762281Z","level":"INFO","msg":"request","role":"payment","method":"GET","path":"/payments","status":200,"duration_ms":1}
[pod/payment-697b474c4b-lpv2z/payment] {"time":"2026-10-05T07:37:45.882168357Z","level":"INFO","msg":"request","role":"payment","method":"GET","path":"/payments","status":200,"duration_ms":1}
[pod/payment-697b474c4b-lpv2z/payment] {"time":"2026-10-05T07:37:46.136549029Z","level":"INFO","msg":"request","role":"payment","method":"GET","path":"/payments","status":200,"duration_ms":1}
[pod/payment-697b474c4b-lpv2z/payment] {"time":"2026-10-05T07:37:46.391255006Z","level":"INFO","msg":"request","role":"payment","method":"GET","path":"/payments","status":200,"duration_ms":1}
[pod/payment-697b474c4b-lpv2z/payment] {"time":"2026-10-05T07:37:46.643612123Z","level":"INFO","msg":"request","role":"payment","method":"GET","path":"/payments","status":200,"duration_ms":0}
[pod/payment-697b474c4b-lpv2z/payment] {"time":"2026-10-05T07:37:46.89912586Z","level":"INFO","msg":"request","role":"payment","method":"GET","path":"/payments","status":200,"duration_ms":1}
[pod/payment-697b474c4b-lpv2z/payment] {"time":"2026-10-05T07:37:47.152589894Z","level":"INFO","msg":"request","role":"payment","method":"GET","path":"/payments","status":200,"duration_ms":1}
[pod/payment-697b474c4b-lpv2z/payment] {"time":"2026-10-05T07:37:47.405493392Z","level":"INFO","msg":"request","role":"payment","method":"GET","path":"/payments","status":200,"duration_ms":0}
[pod/payment-697b474c4b-lpv2z/payment] {"time":"2026-10-05T07:37:47.660166537Z","level":"INFO","msg":"request","role":"payment","method":"GET","path":"/payments","status":200,"duration_ms":1}
[pod/payment-697b474c4b-lpv2z/payment] {"time":"2026-10-05T07:37:47.914280874Z","level":"INFO","msg":"request","role":"payment","method":"GET","path":"/payments","status":200,"duration_ms":1}
[pod/payment-697b474c4b-lpv2z/payment] {"time":"2026-10-05T07:37:48.169371568Z","level":"INFO","msg":"request","role":"payment","method":"GET","path":"/payments","status":200,"duration_ms":1}
[pod/payment-697b474c4b-lpv2z/payment] {"time":"2026-10-05T07:37:49.192696984Z","level":"INFO","msg":"request","role":"payment","method":"GET","path":"/payments","status":200,"duration_ms":0}
[pod/payment-697b474c4b-lpv2z/payment] {"time":"2026-10-05T07:37:49.445393731Z","level":"INFO","msg":"request","role":"payment","method":"GET","path":"/payments","status":200,"duration_ms":0}
[pod/payment-697b474c4b-lpv2z/payment] {"time":"2026-10-05T07:37:49.70068535Z","level":"INFO","msg":"request","role":"payment","method":"GET","path":"/payments","status":200,"duration_ms":1}
[pod/payment-697b474c4b-lpv2z/payment] {"time":"2026-10-05T07:37:50.211167652Z","level":"INFO","msg":"request","role":"payment","method":"GET","path":"/payments","status":200,"duration_ms":1}
[pod/payment-697b474c4b-lpv2z/payment] {"time":"2026-10-05T07:37:51.233333837Z","level":"INFO","msg":"request","role":"payment","method":"GET","path":"/payments","status":200,"duration_ms":1}
[pod/payment-697b474c4b-lpv2z/payment] {"time":"2026-10-05T07:37:51.485751169Z","level":"INFO","msg":"request","role":"payment","method":"GET","path":"/payments","status":200,"duration_ms":0}
[pod/payment-697b474c4b-lpv2z/payment] {"time":"2026-10-05T07:37:51.7401908Z","level":"INFO","msg":"request","role":"payment","method":"GET","path":"/payments","status":200,"duration_ms":1}
[pod/payment-697b474c4b-lpv2z/payment] {"time":"2026-10-05T07:37:52.251635832Z","level":"INFO","msg":"request","role":"payment","method":"GET","path":"/payments","status":200,"duration_ms":1}
[pod/payment-697b474c4b-lpv2z/payment] {"time":"2026-10-05T07:37:52.507774624Z","level":"INFO","msg":"request","role":"payment","method":"GET","path":"/payments","status":200,"duration_ms":1}
[pod/payment-697b474c4b-lpv2z/payment] {"time":"2026-10-05T07:37:52.76154077Z","level":"INFO","msg":"request","role":"payment","method":"GET","path":"/payments","status":200,"duration_ms":1}
[pod/payment-697b474c4b-lpv2z/payment] {"time":"2026-10-05T07:37:53.272744175Z","level":"INFO","msg":"request","role":"payment","method":"GET","path":"/payments","status":200,"duration_ms":1}
[pod/payment-697b474c4b-lpv2z/payment] {"time":"2026-10-05T07:37:53.782499193Z","level":"INFO","msg":"request","role":"payment","method":"GET","path":"/payments","status":200,"duration_ms":1}
[pod/payment-697b474c4b-lpv2z/payment] {"time":"2026-10-05T07:37:54.801554225Z","level":"INFO","msg":"request","role":"payment","method":"GET","path":"/payments","status":200,"duration_ms":1}
[pod/payment-697b474c4b-lpv2z/payment] {"time":"2026-10-05T07:37:56.071129411Z","level":"INFO","msg":"request","role":"payment","method":"GET","path":"/payments","status":200,"duration_ms":0}
[pod/payment-697b474c4b-lpv2z/payment] {"time":"2026-10-05T07:37:57.093176736Z","level":"INFO","msg":"request","role":"payment","method":"GET","path":"/payments","status":200,"duration_ms":1}
[pod/payment-697b474c4b-lpv2z/payment] {"time":"2026-10-05T07:37:57.602127661Z","level":"INFO","msg":"request","role":"payment","method":"GET","path":"/payments","status":200,"duration_ms":1}
[pod/payment-697b474c4b-lpv2z/payment] {"time":"2026-10-05T07:37:58.11451175Z","level":"INFO","msg":"request","role":"payment","method":"GET","path":"/payments","status":200,"duration_ms":1}
[pod/payment-697b474c4b-lpv2z/payment] {"time":"2026-10-05T07:37:58.369173402Z","level":"INFO","msg":"request","role":"payment","method":"GET","path":"/payments","status":200,"duration_ms":1}
[pod/payment-697b474c4b-lpv2z/payment] {"time":"2026-10-05T07:37:58.623039068Z","level":"INFO","msg":"request","role":"payment","method":"GET","path":"/payments","status":200,"duration_ms":0}
[pod/payment-697b474c4b-lpv2z/payment] {"time":"2026-10-05T07:37:58.877852491Z","level":"INFO","msg":"request","role":"payment","method":"GET","path":"/payments","status":200,"duration_ms":1}
[pod/payment-697b474c4b-lpv2z/payment] {"time":"2026-10-05T07:38:01.424656115Z","level":"INFO","msg":"request","role":"payment","method":"GET","path":"/payments","status":200,"duration_ms":2}
[pod/payment-697b474c4b-lpv2z/payment] {"time":"2026-10-05T07:38:01.680628101Z","level":"INFO","msg":"request","role":"payment","method":"GET","path":"/payments","status":200,"duration_ms":1}
[pod/payment-697b474c4b-lpv2z/payment] {"time":"2026-10-05T07:38:02.445059539Z","level":"INFO","msg":"request","role":"payment","method":"GET","path":"/payments","status":200,"duration_ms":1}
[pod/payment-697b474c4b-lpv2z/payment] {"time":"2026-10-05T07:38:02.699595249Z","level":"INFO","msg":"request","role":"payment","method":"GET","path":"/payments","status":200,"duration_ms":1}
[pod/payment-697b474c4b-lpv2z/payment] {"time":"2026-10-05T07:38:02.953274498Z","level":"INFO","msg":"request","role":"payment","method":"GET","path":"/payments","status":200,"duration_ms":0}
[pod/payment-697b474c4b-lpv2z/payment] {"time":"2026-10-05T07:38:03.974237752Z","level":"INFO","msg":"request","role":"payment","method":"GET","path":"/payments","status":200,"duration_ms":2}
[pod/payment-697b474c4b-lpv2z/payment] {"time":"2026-10-05T07:38:04.226856911Z","level":"INFO","msg":"request","role":"payment","method":"GET","path":"/payments","status":200,"duration_ms":0}
[pod/payment-697b474c4b-lpv2z/payment] {"time":"2026-10-05T07:38:04.481551807Z","level":"INFO","msg":"request","role":"payment","method":"GET","path":"/payments","status":200,"duration_ms":1}
[pod/payment-697b474c4b-lpv2z/payment] {"time":"2026-10-05T07:38:04.735017128Z","level":"INFO","msg":"request","role":"payment","method":"GET","path":"/payments","status":200,"duration_ms":0}
[pod/payment-697b474c4b-lpv2z/payment] {"time":"2026-10-05T07:38:05.245155572Z","level":"INFO","msg":"request","role":"payment","method":"GET","path":"/payments","status":200,"duration_ms":1}
[pod/payment-697b474c4b-lpv2z/payment] {"time":"2026-10-05T07:38:05.498602388Z","level":"INFO","msg":"request","role":"payment","method":"GET","path":"/payments","status":200,"duration_ms":0}
[pod/payment-697b474c4b-lpv2z/payment] {"time":"2026-10-05T07:38:05.752195345Z","level":"INFO","msg":"request","role":"payment","method":"GET","path":"/payments","status":200,"duration_ms":1}
[pod/payment-697b474c4b-lpv2z/payment] {"time":"2026-10-05T07:38:06.264145295Z","level":"INFO","msg":"request","role":"payment","method":"GET","path":"/payments","status":200,"duration_ms":2}
[pod/payment-697b474c4b-lpv2z/payment] {"time":"2026-10-05T07:38:06.518030299Z","level":"INFO","msg":"request","role":"payment","method":"GET","path":"/payments","status":200,"duration_ms":1}
[pod/payment-697b474c4b-lpv2z/payment] {"time":"2026-10-05T07:38:07.027624606Z","level":"INFO","msg":"request","role":"payment","method":"GET","path":"/payments","status":200,"duration_ms":1}
[pod/payment-697b474c4b-lpv2z/payment] {"time":"2026-10-05T07:38:08.298405766Z","level":"INFO","msg":"request","role":"payment","method":"GET","path":"/payments","status":200,"duration_ms":1}
[pod/payment-697b474c4b-lpv2z/payment] {"time":"2026-10-05T07:38:08.551711644Z","level":"INFO","msg":"request","role":"payment","method":"GET","path":"/payments","status":200,"duration_ms":0}
[pod/payment-697b474c4b-lpv2z/payment] {"time":"2026-10-05T07:38:09.059857789Z","level":"INFO","msg":"request","role":"payment","method":"GET","path":"/payments","status":200,"duration_ms":0}
[pod/payment-697b474c4b-lpv2z/payment] {"time":"2026-10-05T07:38:09.567752588Z","level":"INFO","msg":"request","role":"payment","method":"GET","path":"/payments","status":200,"duration_ms":0}
[pod/payment-697b474c4b-lpv2z/payment] {"time":"2026-10-05T07:38:09.822357217Z","level":"INFO","msg":"request","role":"payment","method":"GET","path":"/payments","status":200,"duration_ms":1}
[pod/payment-697b474c4b-lpv2z/payment] {"time":"2026-10-05T07:38:10.584481403Z","level":"INFO","msg":"request","role":"payment","method":"GET","path":"/payments","status":200,"duration_ms":1}
[pod/payment-697b474c4b-lpv2z/payment] {"time":"2026-10-05T07:38:10.839326949Z","level":"INFO","msg":"request","role":"payment","method":"GET","path":"/payments","status":200,"duration_ms":1}
[pod/payment-697b474c4b-lpv2z/payment] {"time":"2026-10-05T07:38:11.602862662Z","level":"INFO","msg":"request","role":"payment","method":"GET","path":"/payments","status":200,"duration_ms":1}
[pod/payment-697b474c4b-lpv2z/payment] {"time":"2026-10-05T07:38:12.873267171Z","level":"INFO","msg":"request","role":"payment","method":"GET","path":"/payments","status":200,"duration_ms":1}
[pod/payment-697b474c4b-lpv2z/payment] {"time":"2026-10-05T07:38:13.12650579Z","level":"INFO","msg":"request","role":"payment","method":"GET","path":"/payments","status":200,"duration_ms":0}
[pod/payment-697b474c4b-lpv2z/payment] {"time":"2026-10-05T07:38:13.382420258Z","level":"INFO","msg":"request","role":"payment","method":"GET","path":"/payments","status":200,"duration_ms":2}
[pod/payment-697b474c4b-lpv2z/payment] {"time":"2026-10-05T07:38:14.147198602Z","level":"INFO","msg":"request","role":"payment","method":"GET","path":"/payments","status":200,"duration_ms":1}
[pod/payment-697b474c4b-lpv2z/payment] {"time":"2026-10-05T07:38:15.168963783Z","level":"INFO","msg":"request","role":"payment","method":"GET","path":"/payments","status":200,"duration_ms":1}
[pod/payment-697b474c4b-lpv2z/payment] {"time":"2026-10-05T07:38:15.425185899Z","level":"INFO","msg":"request","role":"payment","method":"GET","path":"/payments","status":200,"duration_ms":1}