[pod/payment-697b474c4b-lpv2z/payment] {"time":"2026-10-05T07:24:28.556620575Z","level":"INFO","msg":"service started","role":"payment","fault_tolerant":true}
[pod/payment-697b474c4b-lpv2z/payment] {"time":"2026-10-05T07:26:35.82449292Z","level":"INFO","msg":"request","role":"payment","method":"GET","path":"/payments","status":200,"duration_ms":2}
[pod/payment-697b474c4b-lpv2z/payment] {"time":"2026-10-05T07:36:36.441962191Z","level":"INFO","msg":"request","role":"payment","method":"GET","path":"/payments","status":200,"duration_ms":0}
[pod/payment-697b474c4b-lpv2z/payment] {"time":"2026-10-05T07:36:36.443539769Z","level":"INFO","msg":"request","role":"payment","method":"GET","path":"/payments","status":200,"duration_ms":0}
[pod/payment-697b474c4b-lpv2z/payment] {"time":"2026-10-05T07:36:36.453649152Z","level":"INFO","msg":"request","role":"payment","method":"GET","path":"/payments","status":200,"duration_ms":0}
[pod/payment-697b474c4b-lpv2z/payment] {"time":"2026-10-05T07:36:36.454829274Z","level":"INFO","msg":"request","role":"payment","method":"GET","path":"/payments","status":200,"duration_ms":0}
[pod/payment-697b474c4b-lpv2z/payment] {"time":"2026-10-05T07:36:36.455322725Z","level":"INFO","msg":"request","role":"payment","method":"GET","path":"/payments","status":200,"duration_ms":0}
[pod/payment-697b474c4b-lpv2z/payment] {"time":"2026-10-05T07:36:36.709393291Z","level":"INFO","msg":"request","role":"payment","method":"GET","path":"/payments","status":200,"duration_ms":0}
[pod/payment-697b474c4b-lpv2z/payment] {"time":"2026-10-05T07:36:36.964755541Z","level":"INFO","msg":"request","role":"payment","method":"GET","path":"/payments","status":200,"duration_ms":1}
[pod/payment-697b474c4b-lpv2z/payment] {"time":"2026-10-05T07:36:37.220362516Z","level":"INFO","msg":"request","role":"payment","method":"GET","path":"/payments","status":200,"duration_ms":1}
[pod/payment-697b474c4b-lpv2z/payment] {"time":"2026-10-05T07:36:37.476437874Z","level":"INFO","msg":"request","role":"payment","method":"GET","path":"/payments","status":200,"duration_ms":1}
[pod/payment-697b474c4b-lpv2z/payment] {"time":"2026-10-05T07:36:37.732756085Z","level":"INFO","msg":"request","role":"payment","method":"GET","path":"/payments","status":200,"duration_ms":1}
[pod/payment-697b474c4b-lpv2z/payment] {"time":"2026-10-05T07:36:37.9883151Z","level":"INFO","msg":"request","role":"payment","method":"GET","path":"/payments","status":200,"duration_ms":1}
[pod/payment-697b474c4b-lpv2z/payment] {"time":"2026-10-05T07:36:38.244696807Z","level":"INFO","msg":"request","role":"payment","method":"GET","path":"/payments","status":200,"duration_ms":2}
[pod/payment-697b474c4b-lpv2z/payment] {"time":"2026-10-05T07:36:38.751000999Z","level":"INFO","msg":"request","role":"payment","method":"GET","path":"/payments","status":200,"duration_ms":1}
[pod/payment-697b474c4b-lpv2z/payment] {"time":"2026-10-05T07:36:39.005207571Z","level":"INFO","msg":"request","role":"payment","method":"GET","path":"/payments","status":200,"duration_ms":1}
[pod/payment-697b474c4b-lpv2z/payment] {"time":"2026-10-05T07:36:39.259780437Z","level":"INFO","msg":"request","role":"payment","method":"GET","path":"/payments","status":200,"duration_ms":1}
[pod/payment-697b474c4b-lpv2z/payment] {"time":"2026-10-05T07:36:40.527319547Z","level":"INFO","msg":"request","role":"payment","method":"GET","path":"/payments","status":200,"duration_ms":0}
[pod/payment-697b474c4b-lpv2z/payment] {"time":"2026-10-05T07:36:53.293417307Z","level":"INFO","msg":"request","role":"payment","method":"GET","path":"/payments","status":200,"duration_ms":1}
[pod/payment-697b474c4b-lpv2z/payment] {"time":"2026-10-05T07:37:14.7647674Z","level":"INFO","msg":"request","role":"payment","method":"GET","path":"/payments","status":200,"duration_ms":1}
[pod/payment-697b474c4b-lpv2z/payment] {"time":"2026-10-05T07:37:15.018579211Z","level":"INFO","msg":"request","role":"payment","method":"GET","path":"/payments","status":200,"duration_ms":1}
[pod/payment-697b474c4b-lpv2z/payment] {"time":"2026-10-05T07:37:21.163238935Z","level":"INFO","msg":"request","role":"payment","method":"GET","path":"/payments","status":200,"duration_ms":1}
[pod/payment-697b474c4b-lpv2z/payment] {"time":"2026-10-05T07:37:21.418198583Z","level":"INFO","msg":"request","role":"payment","method":"GET","path":"/payments","status":200,"duration_ms":1}
[pod/payment-697b474c4b-lpv2z/payment] {"time":"2026-10-05T07:37:21.673868237Z","level":"INFO","msg":"request","role":"payment","method":"GET","path":"/payments","status":200,"duration_ms":1}
[pod/payment-697b474c4b-lpv2z/payment] {"time":"2026-10-05T07:37:27.307461891Z","level":"INFO","msg":"request","role":"payment","method":"GET","path":"/payments","status":200,"duration_ms":1}
[pod/payment-697b474c4b-lpv2z/payment] {"time":"2026-10-05T07:37:27.560126991Z","level":"INFO","msg":"request","role":"payment","method":"GET","path":"/payments","status":200,"duration_ms":0}
[pod/payment-697b474c4b-lpv2z/payment] {"time":"2026-10-05T07:37:27.814849436Z","level":"INFO","msg":"request","role":"payment","method":"GET","path":"/payments","status":200,"duration_ms":1}
[pod/payment-697b474c4b-lpv2z/payment] {"time":"2026-10-05T07:37:28.068333828Z","level":"INFO","msg":"request","role":"payment","method":"GET","path":"/payments","status":200,"duration_ms":0}
[pod/payment-697b474c4b-lpv2z/payment] {"time":"2026-10-05T07:37:28.324479975Z","level":"INFO","msg":"request","role":"payment","method":"GET","path":"/payments","status":200,"duration_ms":2}
[pod/payment-697b474c4b-lpv2z/payment] {"time":"2026-10-05T07:37:28.580457463Z","level":"INFO","msg":"request","role":"payment","method":"GET","path":"/payments","status":200,"duration_ms":1}
[pod/payment-697b474c4b-lpv2z/payment] {"time":"2026-10-05T07:37:28.835708396Z","level":"INFO","msg":"request","role":"payment","method":"GET","path":"/payments","status":200,"duration_ms":2}
[pod/payment-697b474c4b-lpv2z/payment] {"time":"2026-10-05T07:37:29.088989767Z","level":"INFO","msg":"request","role":"payment","method":"GET","path":"/payments","status":200,"duration_ms":0}
[pod/payment-697b474c4b-lpv2z/payment] {"time":"2026-10-05T07:37:29.342168311Z","level":"INFO","msg":"request","role":"payment","method":"GET","path":"/payments","status":200,"duration_ms":1}
[pod/payment-697b474c4b-lpv2z/payment] {"time":"2026-10-05T07:37:29.597187786Z","level":"INFO","msg":"request","role":"payment","method":"GET","path":"/payments","status":200,"duration_ms":1}
[pod/payment-697b474c4b-lpv2z/payment] {"time":"2026-10-05T07:37:29.85126674Z","level":"INFO","msg":"request","role":"payment","method":"GET","path":"/payments","status":200,"duration_ms":1}
[pod/payment-697b474c4b-lpv2z/payment] {"time":"2026-10-05T07:37:30.106443723Z","level":"INFO","msg":"request","role":"payment","method":"GET","path":"/payments","status":200,"duration_ms":1}
[pod/payment-697b474c4b-lpv2z/payment] {"time":"2026-10-05T07:37:30.359729952Z","level":"INFO","msg":"request","role":"payment","method":"GET","path":"/payments","status":200,"duration_ms":0}
[pod/payment-697b474c4b-lpv2z/payment] {"time":"2026-10-05T07:37:30.612689006Z","level":"INFO","msg":"request","role":"payment","method":"GET","path":"/payments","status":200,"duration_ms":1}
[pod/payment-697b474c4b-lpv2z/payment] {"time":"2026-10-05T07:37:30.867983654Z","level":"INFO","msg":"request","role":"payment","method":"GET","path":"/payments","status":200,"duration_ms":1}
[pod/payment-697b474c4b-lpv2z/payment] {"time":"2026-10-05T07:37:31.121563931Z","level":"INFO","msg":"request","role":"payment","method":"GET","path":"/payments","status":200,"duration_ms":1}
[pod/payment-697b474c4b-lpv2z/payment] {"time":"2026-10-05T07:37:31.376368819Z","level":"INFO","msg":"request","role":"payment","method":"GET","path":"/payments","status":200,"duration_ms":1}
[pod/payment-697b474c4b-lpv2z/payment] {"time":"2026-10-05T07:37:31.630116391Z","level":"INFO","msg":"request","role":"payment","method":"GET","path":"/payments","status":200,"duration_ms":1}
[pod/payment-697b474c4b-lpv2z/payment] {"time":"2026-10-05T07:37:31.882655362Z","level":"INFO","msg":"request","role":"payment","method":"GET","path":"/payments","status":200,"duration_ms":0}
[pod/payment-697b474c4b-lpv2z/payment] {"time":"2026-10-05T07:37:32.136899618Z","level":"INFO","msg":"request","role":"payment","method":"GET","path":"/payments","status":200,"duration_ms":1}
[pod/payment-697b474c4b-lpv2z/payment] {"time":"2026-10-05T07:37:32.39234398Z","level":"INFO","msg":"request","role":"payment","method":"GET","path":"/payments","status":200,"duration_ms":1}
[pod/payment-697b474c4b-lpv2z/payment] {"time":"2026-10-05T07:37:32.64635046Z","level":"INFO","msg":"request","role":"payment","method":"GET","path":"/payments","status":200,"duration_ms":1}
[pod/payment-697b474c4b-lpv2z/payment] {"time":"2026-10-05T07:37:32.900369711Z","level":"INFO","msg":"request","role":"payment","method":"GET","path":"/payments","status":200,"duration_ms":1}
[pod/payment-697b474c4b-lpv2z/payment] {"time":"2026-10-05T07:37:33.152398406Z","level":"INFO","msg":"request","role":"payment","method":"GET","path":"/payments","status":200,"duration_ms":0}
[pod/payment-697b474c4b-lpv2z/payment] {"time":"2026-10-05T07:37:33.405764261Z","level":"INFO","msg":"request","role":"payment","method":"GET","path":"/payments","status":200,"duration_ms":1}
[pod/payment-697b474c4b-lpv2z/payment] {"time":"2026-10-05T07:37:33.658673214Z","level":"INFO","msg":"request","role":"payment","method":"GET","path":"/payments","status":200,"duration_ms":0}
[pod/payment-697b474c4b-lpv2z/payment] {"time":"2026-10-05T07:37:33.912728387Z","level":"INFO","msg":"request","role":"payment","method":"GET","path":"/payments","status":200,"duration_ms":1}
[pod/payment-697b474c4b-lpv2z/payment] {"time":"2026-10-05T07:37:34.167019793Z","level":"INFO","msg":"request","role":"payment","method":"GET","path":"/payments","status":200,"duration_ms":1}
[pod/payment-697b474c4b-lpv2z/payment] {"time":"2026-10-05T07:37:34.422003361Z","level":"INFO","msg":"request","role":"payment","method":"GET","path":"/payments","status":200,"duration_ms":2}
[pod/payment-697b474c4b-lpv2z/payment] {"time":"2026-10-05T07:37:34.677004322Z","level":"INFO","msg":"request","role":"payment","method":"GET","path":"/payments","status":200,"duration_ms":1}
[pod/payment-697b474c4b-lpv2z/payment] {"time":"2026-10-05T07:37:34.933002201Z","level":"INFO","msg":"request","role":"payment","method":"GET","path":"/payments","status":200,"duration_ms":1}
[pod/payment-697b474c4b-lpv2z/payment] {"time":"2026-10-05T07:37:35.187726523Z","level":"INFO","msg":"request","role":"payment","method":"GET","path":"/payments","status":200,"duration_ms":1}
[pod/payment-697b474c4b-lpv2z/payment] {"time":"2026-10-05T07:37:35.443144059Z","level":"INFO","msg":"request","role":"payment","method":"GET","path":"/payments","status":200,"duration_ms":1}
[pod/payment-697b474c4b-lpv2z/payment] {"time":"2026-10-05T07:37:35.698161905Z","level":"INFO","msg":"request","role":"payment","method":"GET","path":"/payments","status":200,"duration_ms":1}
[pod/payment-697b474c4b-lpv2z/payment] {"time":"2026-10-05T07:37:35.952190894Z","level":"INFO","msg":"request","role":"payment","method":"GET","path":"/payments","status":200,"duration_ms":1}
[pod/payment-697b474c4b-lpv2z/payment] {"time":"2026-10-05T07:37:36.206684818Z","level":"INFO","msg":"request","role":"payment","method":"GET","path":"/payments","status":200,"duration_ms":1}
[pod/payment-697b474c4b-lpv2z/payment] {"time":"2026-10-05T07:37:36.461966141Z","level":"INFO","msg":"request","role":"payment","method":"GET","path":"/payments","status":200,"duration_ms":1}
[pod/payment-697b474c4b-lpv2z/payment] {"time":"2026-10-05T07:37:36.71739578Z","level":"INFO","msg":"request","role":"payment","method":"GET","path":"/payments","status":200,"duration_ms":1}
[pod/payment-697b474c4b-lpv2z/payment] {"time":"2026-10-05T07:37:36.971377899Z","level":"INFO","msg":"request","role":"payment","method":"GET","path":"/payments","status":200,"duration_ms":1}
[pod/payment-697b474c4b-lpv2z/payment] {"time":"2026-10-05T07:37:37.226301382Z","level":"INFO","msg":"request","role":"payment","method":"GET","path":"/payments","status":200,"duration_ms":1}
[pod/payment-697b474c4b-lpv2z/payment] {"time":"2026-10-05T07:37:37.480954814Z","level":"INFO","msg":"request","role":"payment","method":"GET","path":"/payments","status":200,"duration_ms":1}
[pod/payment-697b474c4b-lpv2z/payment] {"time":"2026-10-05T07:37:37.736154049Z","level":"INFO","msg":"request","role":"payment","method":"GET","path":"/payments","status":200,"duration_ms":1}
[pod/payment-697b474c4b-lpv2z/payment] {"time":"2026-10-05T07:37:37.991982522Z","level":"INFO","msg":"request","role":"payment","method":"GET","path":"/payments","status":200,"duration_ms":2}
[pod/payment-697b474c4b-lpv2z/payment] {"time":"2026-10-05T07:37:38.247473395Z","level":"INFO","msg":"request","role":"payment","method":"GET","path":"/payments","status":200,"duration_ms":1}
[pod/payment-697b474c4b-lpv2z/payment] {"time":"2026-10-05T07:37:38.50334921Z","level":"INFO","msg":"request","role":"payment","method":"GET","path":"/payments","status":200,"duration_ms":2}
[pod/payment-697b474c4b-lpv2z/payment] {"time":"2026-10-05T07:37:38.757209809Z","level":"INFO","msg":"request","role":"payment","method":"GET","path":"/payments","status":200,"duration_ms":1}
[pod/payment-697b474c4b-lpv2z/payment] {"time":"2026-10-05T07:37:39.012961562Z","level":"INFO","msg":"request","role":"payment","method":"GET","path":"/payments","status":200,"duration_ms":1}
[pod/payment-697b474c4b-lpv2z/payment] {"time":"2026-10-05T07:37:39.26861536Z","level":"INFO","msg":"request","role":"payment","method":"GET","path":"/payments","status":200,"duration_ms":1}
[pod/payment-697b474c4b-lpv2z/payment] {"time":"2026-10-05T07:37:39.524037479Z","level":"INFO","msg":"request","role":"payment","method":"GET","path":"/payments","status":200,"duration_ms":1}
[pod/payment-697b474c4b-lpv2z/payment] {"time":"2026-10-05T07:37:39.778943286Z","level":"INFO","msg":"request","role":"payment","method":"GET","path":"/payments","status":200,"duration_ms":1}
[pod/payment-697b474c4b-lpv2z/payment] {"time":"2026-10-05T07:37:40.033934077Z","level":"INFO","msg":"request","role":"payment","method":"GET","path":"/payments","status":200,"duration_ms":1}
[pod/payment-697b474c4b-lpv2z/payment] {"time":"2026-10-05T07:37:40.289067411Z","level":"INFO","msg":"request","role":"payment","method":"GET","path":"/payments","status":200,"duration_ms":1}
[pod/payment-697b474c4b-lpv2z/payment] {"time":"2026-10-05T07:37:40.542866083Z","level":"INFO","msg":"request","role":"payment","method":"GET","path":"/payments","status":200,"duration_ms":1}
[pod/payment-697b474c4b-lpv2z/payment] {"time":"2026-10-05T07:37:40.798500575Z","level":"INFO","msg":"request","role":"payment","method":"GET","path":"/payments","status":200,"duration_ms":1}
[pod/payment-697b474c4b-lpv2z/payment] {"time":"2026-10-05T07:37:41.052257185Z","level":"INFO","msg":"request","role":"payment","method":"GET","path":"/payments","status":200,"duration_ms":0}
[pod/payment-697b474c4b-lpv2z/payment] {"time":"2026-10-05T07:37:41.307268425Z","level":"INFO","msg":"request","role":"payment","method":"GET","path":"/payments","status":200,"duration_ms":1}
[pod/payment-697b474c4b-lpv2z/payment] {"time":"2026-10-05T07:37:41.560480195Z","level":"INFO","msg":"request","role":"payment","method":"GET","path":"/payments","status":200,"duration_ms":0}
[pod/payment-697b474c4b-lpv2z/payment] {"time":"2026-10-05T07:37:41.812691538Z","level":"INFO","msg":"request","role":"payment","method":"GET","path":"/payments","status":200,"duration_ms":0}
[pod/payment-697b474c4b-lpv2z/payment] {"time":"2026-10-05T07:37:42.065256799Z","level":"INFO","msg":"request","role":"payment","method":"GET","path":"/payments","status":200,"duration_ms":0}
[pod/payment-697b474c4b-lpv2z/payment] {"time":"2026-10-05T07:37:42.319814113Z","level":"INFO","msg":"request","role":"payment","method":"GET","path":"/payments","status":200,"duration_ms":1}
[pod/payment-697b474c4b-lpv2z/payment] {"time":"2026-10-05T07:37:42.575180659Z","level":"INFO","msg":"request","role":"payment","method":"GET","path":"/payments","status":200,"duration_ms":1}
[pod/payment-697b474c4b-lpv2z/payment] {"time":"2026-10-05T07:37:42.831292732Z","level":"INFO","msg":"request","role":"payment","method":"GET","path":"/payments","status":200,"duration_ms":1}
[pod/payment-697b474c4b-lpv2z/payment] {"time":"2026-10-05T07:37:43.086618222Z","level":"INFO","msg":"request","role":"payment","method":"GET","path":"/payments","status":200,"duration_ms":1}
[pod/payment-697b474c4b-lpv2z/payment] {"time":"2026-10-05T07:37:43.339876468Z","level":"INFO","msg":"request","role":"payment","method":"GET","path":"/payments","status":200,"duration_ms":0}
[pod/payment-697b474c4b-lpv2z/payment] {"time":"2026-10-05T07:37:43.59510917Z","level":"INFO","msg":"request","role":"payment","method":"GET","path":"/payments","status":200,"duration_ms":1}
[pod/payment-697b474c4b-lpv2z/payment] {"time":"2026-10-05T07:37:43.850707472Z","level":"INFO","msg":"request","role":"payment","method":"GET","path":"/payments","status":200,"duration_ms":2}
[pod/payment-697b474c4b-lpv2z/payment] {"time":"2026-10-05T07:37:44.10424281Z","level":"INFO","msg":"request","role":"payment","method":"GET","path":"/payments","status":200,"duration_ms":0}
[pod/payment-697b474c4b-lpv2z/payment] {"time":"2026-10-05T07:37:44.357424138Z","level":"INFO","msg":"request","role":"payment","method":"GET","path":"/payments","status":200,"duration_ms":0}
[pod/payment-697b474c4b-lpv2z/payment] {"time":"2026-10-05T07:37:44.611019834Z","level":"INFO","msg":"request","role":"payment","method":"GET","path":"/payments","status":200,"duration_ms":1}
[pod/payment-697b474c4b-lpv2z/payment] {"time":"2026-10-05T07:37:44.866487166Z","level":"INFO","msg":"request","role":"payment","method":"GET","path":"/payments","status":200,"duration_ms":2}
[pod/payment-697b474c4b-lpv2z/payment] {"time":"2026-10-05T07:37:45.119932802Z","level":"INFO","msg":"request","role":"payment","method":"GET","path":"/payments","status":200,"duration_ms":0}
[pod/payment-697b474c4b-lpv2z/payment] {"time":"2026-10-05T07:37:45.373539481Z","level":"INFO","msg":"request","role":"payment","method":"GET","path":"/payments","status":200,"duration_ms":0}
[pod/payment-697b474c4b-lpv2z/payment] {"time":"2026-10-05T07:37:45.62762281Z","level":"INFO","msg":"request","role":"payment","method":"GET","path":"/payments","status":200,"duration_ms":1}
[pod/payment-697b474c4b-lpv2z/payment] {"time":"2026-10-05T07:37:45.882168357Z","level":"INFO","msg":"request","role":"payment","method":"GET","path":"/payments","status":200,"duration_ms":1}
[pod/payment-697b474c4b-lpv2z/payment] {"time":"2026-10-05T07:37:46.136549029Z","level":"INFO","msg":"request","role":"payment","method":"GET","path":"/payments","status":200,"duration_ms":1}
[pod/payment-697b474c4b-lpv2z/payment] {"time":"2026-10-05T07:37:46.391255006Z","level":"INFO","msg":"request","role":"payment","method":"GET","path":"/payments","status":200,"duration_ms":1}
[pod/payment-697b474c4b-lpv2z/payment] {"time":"2026-10-05T07:37:46.643612123Z","level":"INFO","msg":"request","role":"payment","method":"GET","path":"/payments","status":200,"duration_ms":0}
[pod/payment-697b474c4b-lpv2z/payment] {"time":"2026-10-05T07:37:46.89912586Z","level":"INFO","msg":"request","role":"payment","method":"GET","path":"/payments","status":200,"duration_ms":1}
[pod/payment-697b474c4b-lpv2z/payment] {"time":"2026-10-05T07:37:47.152589894Z","level":"INFO","msg":"request","role":"payment","method":"GET","path":"/payments","status":200,"duration_ms":1}
[pod/payment-697b474c4b-lpv2z/payment] {"time":"2026-10-05T07:37:47.405493392Z","level":"INFO","msg":"request","role":"payment","method":"GET","path":"/payments","status":200,"duration_ms":0}
[pod/payment-697b474c4b-lpv2z/payment] {"time":"2026-10-05T07:37:47.660166537Z","level":"INFO","msg":"request","role":"payment","method":"GET","path":"/payments","status":200,"duration_ms":1}
[pod/payment-697b474c4b-lpv2z/payment] {"time":"2026-10-05T07:37:47.914280874Z","level":"INFO","msg":"request","role":"payment","method":"GET","path":"/payments","status":200,"duration_ms":1}
[pod/payment-697b474c4b-lpv2z/payment] {"time":"2026-10-05T07:37:48.169371568Z","level":"INFO","msg":"request","role":"payment","method":"GET","path":"/payments","status":200,"duration_ms":1}
[pod/payment-697b474c4b-lpv2z/payment] {"time":"2026-10-05T07:37:49.192696984Z","level":"INFO","msg":"request","role":"payment","method":"GET","path":"/payments","status":200,"duration_ms":0}
[pod/payment-697b474c4b-lpv2z/payment] {"time":"2026-10-05T07:37:49.445393731Z","level":"INFO","msg":"request","role":"payment","method":"GET","path":"/payments","status":200,"duration_ms":0}
[pod/payment-697b474c4b-lpv2z/payment] {"time":"2026-10-05T07:37:49.70068535Z","level":"INFO","msg":"request","role":"payment","method":"GET","path":"/payments","status":200,"duration_ms":1}
[pod/payment-697b474c4b-lpv2z/payment] {"time":"2026-10-05T07:37:50.211167652Z","level":"INFO","msg":"request","role":"payment","method":"GET","path":"/payments","status":200,"duration_ms":1}
[pod/payment-697b474c4b-lpv2z/payment] {"time":"2026-10-05T07:37:51.233333837Z","level":"INFO","msg":"request","role":"payment","method":"GET","path":"/payments","status":200,"duration_ms":1}
[pod/payment-697b474c4b-lpv2z/payment] {"time":"2026-10-05T07:37:51.485751169Z","level":"INFO","msg":"request","role":"payment","method":"GET","path":"/payments","status":200,"duration_ms":0}
[pod/payment-697b474c4b-lpv2z/payment] {"time":"2026-10-05T07:37:51.7401908Z","level":"INFO","msg":"request","role":"payment","method":"GET","path":"/payments","status":200,"duration_ms":1}
[pod/payment-697b474c4b-lpv2z/payment] {"time":"2026-10-05T07:37:52.251635832Z","level":"INFO","msg":"request","role":"payment","method":"GET","path":"/payments","status":200,"duration_ms":1}
[pod/payment-697b474c4b-lpv2z/payment] {"time":"2026-10-05T07:37:52.507774624Z","level":"INFO","msg":"request","role":"payment","method":"GET","path":"/payments","status":200,"duration_ms":1}
[pod/payment-697b474c4b-lpv2z/payment] {"time":"2026-10-05T07:37:52.76154077Z","level":"INFO","msg":"request","role":"payment","method":"GET","path":"/payments","status":200,"duration_ms":1}
[pod/payment-697b474c4b-lpv2z/payment] {"time":"2026-10-05T07:37:53.272744175Z","level":"INFO","msg":"request","role":"payment","method":"GET","path":"/payments","status":200,"duration_ms":1}
[pod/payment-697b474c4b-lpv2z/payment] {"time":"2026-10-05T07:37:53.782499193Z","level":"INFO","msg":"request","role":"payment","method":"GET","path":"/payments","status":200,"duration_ms":1}
[pod/payment-697b474c4b-lpv2z/payment] {"time":"2026-10-05T07:37:54.801554225Z","level":"INFO","msg":"request","role":"payment","method":"GET","path":"/payments","status":200,"duration_ms":1}
[pod/payment-697b474c4b-lpv2z/payment] {"time":"2026-10-05T07:37:56.071129411Z","level":"INFO","msg":"request","role":"payment","method":"GET","path":"/payments","status":200,"duration_ms":0}
[pod/payment-697b474c4b-lpv2z/payment] {"time":"2026-10-05T07:37:57.093176736Z","level":"INFO","msg":"request","role":"payment","method":"GET","path":"/payments","status":200,"duration_ms":1}
[pod/payment-697b474c4b-lpv2z/payment] {"time":"2026-10-05T07:37:57.602127661Z","level":"INFO","msg":"request","role":"payment","method":"GET","path":"/payments","status":200,"duration_ms":1}
[pod/payment-697b474c4b-lpv2z/payment] {"time":"2026-10-05T07:37:58.11451175Z","level":"INFO","msg":"request","role":"payment","method":"GET","path":"/payments","status":200,"duration_ms":1}
[pod/payment-697b474c4b-lpv2z/payment] {"time":"2026-10-05T07:37:58.369173402Z","level":"INFO","msg":"request","role":"payment","method":"GET","path":"/payments","status":200,"duration_ms":1}
[pod/payment-697b474c4b-lpv2z/payment] {"time":"2026-10-05T07:37:58.623039068Z","level":"INFO","msg":"request","role":"payment","method":"GET","path":"/payments","status":200,"duration_ms":0}
[pod/payment-697b474c4b-lpv2z/payment] {"time":"2026-10-05T07:37:58.877852491Z","level":"INFO","msg":"request","role":"payment","method":"GET","path":"/payments","status":200,"duration_ms":1}
[pod/payment-697b474c4b-lpv2z/payment] {"time":"2026-10-05T07:38:01.424656115Z","level":"INFO","msg":"request","role":"payment","method":"GET","path":"/payments","status":200,"duration_ms":2}
[pod/payment-697b474c4b-lpv2z/payment] {"time":"2026-10-05T07:38:01.680628101Z","level":"INFO","msg":"request","role":"payment","method":"GET","path":"/payments","status":200,"duration_ms":1}
[pod/payment-697b474c4b-lpv2z/payment] {"time":"2026-10-05T07:38:02.445059539Z","level":"INFO","msg":"request","role":"payment","method":"GET","path":"/payments","status":200,"duration_ms":1}
[pod/payment-697b474c4b-lpv2z/payment] {"time":"2026-10-05T07:38:02.699595249Z","level":"INFO","msg":"request","role":"payment","method":"GET","path":"/payments","status":200,"duration_ms":1}
[pod/payment-697b474c4b-lpv2z/payment] {"time":"2026-10-05T07:38:02.953274498Z","level":"INFO","msg":"request","role":"payment","method":"GET","path":"/payments","status":200,"duration_ms":0}
[pod/payment-697b474c4b-lpv2z/payment] {"time":"2026-10-05T07:38:03.974237752Z","level":"INFO","msg":"request","role":"payment","method":"GET","path":"/payments","status":200,"duration_ms":2}
[pod/payment-697b474c4b-lpv2z/payment] {"time":"2026-10-05T07:38:04.226856911Z","level":"INFO","msg":"request","role":"payment","method":"GET","path":"/payments","status":200,"duration_ms":0}
[pod/payment-697b474c4b-lpv2z/payment] {"time":"2026-10-05T07:38:04.481551807Z","level":"INFO","msg":"request","role":"payment","method":"GET","path":"/payments","status":200,"duration_ms":1}
[pod/payment-697b474c4b-lpv2z/payment] {"time":"2026-10-05T07:38:04.735017128Z","level":"INFO","msg":"request","role":"payment","method":"GET","path":"/payments","status":200,"duration_ms":0}
[pod/payment-697b474c4b-lpv2z/payment] {"time":"2026-10-05T07:38:05.245155572Z","level":"INFO","msg":"request","role":"payment","method":"GET","path":"/payments","status":200,"duration_ms":1}
[pod/payment-697b474c4b-lpv2z/payment] {"time":"2026-10-05T07:38:05.498602388Z","level":"INFO","msg":"request","role":"payment","method":"GET","path":"/payments","status":200,"duration_ms":0}
[pod/payment-697b474c4b-lpv2z/payment] {"time":"2026-10-05T07:38:05.752195345Z","level":"INFO","msg":"request","role":"payment","method":"GET","path":"/payments","status":200,"duration_ms":1}
[pod/payment-697b474c4b-lpv2z/payment] {"time":"2026-10-05T07:38:06.264145295Z","level":"INFO","msg":"request","role":"payment","method":"GET","path":"/payments","status":200,"duration_ms":2}
[pod/payment-697b474c4b-lpv2z/payment] {"time":"2026-10-05T07:38:06.518030299Z","level":"INFO","msg":"request","role":"payment","method":"GET","path":"/payments","status":200,"duration_ms":1}
[pod/payment-697b474c4b-lpv2z/payment] {"time":"2026-10-05T07:38:07.027624606Z","level":"INFO","msg":"request","role":"payment","method":"GET","path":"/payments","status":200,"duration_ms":1}
[pod/payment-697b474c4b-lpv2z/payment] {"time":"2026-10-05T07:38:08.298405766Z","level":"INFO","msg":"request","role":"payment","method":"GET","path":"/payments","status":200,"duration_ms":1}
[pod/payment-697b474c4b-lpv2z/payment] {"time":"2026-10-05T07:38:08.551711644Z","level":"INFO","msg":"request","role":"payment","method":"GET","path":"/payments","status":200,"duration_ms":0}
[pod/payment-697b474c4b-lpv2z/payment] {"time":"2026-10-05T07:38:09.059857789Z","level":"INFO","msg":"request","role":"payment","method":"GET","path":"/payments","status":200,"duration_ms":0}
[pod/payment-697b474c4b-lpv2z/payment] {"time":"2026-10-05T07:38:09.567752588Z","level":"INFO","msg":"request","role":"payment","method":"GET","path":"/payments","status":200,"duration_ms":0}
[pod/payment-697b474c4b-lpv2z/payment] {"time":"2026-10-05T07:38:09.822357217Z","level":"INFO","msg":"request","role":"payment","method":"GET","path":"/payments","status":200,"duration_ms":1}
[pod/payment-697b474c4b-lpv2z/payment] {"time":"2026-10-05T07:38:10.584481403Z","level":"INFO","msg":"request","role":"payment","method":"GET","path":"/payments","status":200,"duration_ms":1}
[pod/payment-697b474c4b-lpv2z/payment] {"time":"2026-10-05T07:38:10.839326949Z","level":"INFO","msg":"request","role":"payment","method":"GET","path":"/payments","status":200,"duration_ms":1}
[pod/payment-697b474c4b-lpv2z/payment] {"time":"2026-10-05T07:38:11.602862662Z","level":"INFO","msg":"request","role":"payment","method":"GET","path":"/payments","status":200,"duration_ms":1}
[pod/payment-697b474c4b-lpv2z/payment] {"time":"2026-10-05T07:38:12.873267171Z","level":"INFO","msg":"request","role":"payment","method":"GET","path":"/payments","status":200,"duration_ms":1}
[pod/payment-697b474c4b-lpv2z/payment] {"time":"2026-10-05T07:38:13.12650579Z","level":"INFO","msg":"request","role":"payment","method":"GET","path":"/payments","status":200,"duration_ms":0}
[pod/payment-697b474c4b-lpv2z/payment] {"time":"2026-10-05T07:38:13.382420258Z","level":"INFO","msg":"request","role":"payment","method":"GET","path":"/payments","status":200,"duration_ms":2}
[pod/payment-697b474c4b-lpv2z/payment] {"time":"2026-10-05T07:38:14.147198602Z","level":"INFO","msg":"request","role":"payment","method":"GET","path":"/payments","status":200,"duration_ms":1}
[pod/payment-697b474c4b-lpv2z/payment] {"time":"2026-10-05T07:38:15.168963783Z","level":"INFO","msg":"request","role":"payment","method":"GET","path":"/payments","status":200,"duration_ms":1}
[pod/payment-697b474c4b-lpv2z/payment] {"time":"2026-10-05T07:38:15.425185899Z","level":"INFO","msg":"request","role":"payment","method":"GET","path":"/payments","status":200,"duration_ms":1}
[pod/payment-697b474c4b-5tsqq/payment] {"time":"2026-10-05T07:37:45.186028405Z","level":"INFO","msg":"service started","role":"payment","fault_tolerant":true}
[pod/payment-697b474c4b-5tsqq/payment] {"time":"2026-10-05T07:37:48.432144484Z","level":"INFO","msg":"request","role":"payment","method":"GET","path":"/payments","status":200,"duration_ms":6}
[pod/payment-697b474c4b-5tsqq/payment] {"time":"2026-10-05T07:37:48.686130998Z","level":"INFO","msg":"request","role":"payment","method":"GET","path":"/payments","status":200,"duration_ms":1}
[pod/payment-697b474c4b-5tsqq/payment] {"time":"2026-10-05T07:37:48.940204984Z","level":"INFO","msg":"request","role":"payment","method":"GET","path":"/payments","status":200,"duration_ms":1}
[pod/payment-697b474c4b-5tsqq/payment] {"time":"2026-10-05T07:37:49.956686762Z","level":"INFO","msg":"request","role":"payment","method":"GET","path":"/payments","status":200,"duration_ms":2}
[pod/payment-697b474c4b-5tsqq/payment] {"time":"2026-10-05T07:37:50.466829508Z","level":"INFO","msg":"request","role":"payment","method":"GET","path":"/payments","status":200,"duration_ms":2}
[pod/payment-697b474c4b-5tsqq/payment] {"time":"2026-10-05T07:37:50.723253581Z","level":"INFO","msg":"request","role":"payment","method":"GET","path":"/payments","status":200,"duration_ms":2}
[pod/payment-697b474c4b-5tsqq/payment] {"time":"2026-10-05T07:37:50.977980688Z","level":"INFO","msg":"request","role":"payment","method":"GET","path":"/payments","status":200,"duration_ms":1}
[pod/payment-697b474c4b-5tsqq/payment] {"time":"2026-10-05T07:37:51.995742451Z","level":"INFO","msg":"request","role":"payment","method":"GET","path":"/payments","status":200,"duration_ms":1}
[pod/payment-697b474c4b-5tsqq/payment] {"time":"2026-10-05T07:37:53.017763096Z","level":"INFO","msg":"request","role":"payment","method":"GET","path":"/payments","status":200,"duration_ms":2}
[pod/payment-697b474c4b-5tsqq/payment] {"time":"2026-10-05T07:37:53.526731368Z","level":"INFO","msg":"request","role":"payment","method":"GET","path":"/payments","status":200,"duration_ms":1}
[pod/payment-697b474c4b-5tsqq/payment] {"time":"2026-10-05T07:37:54.038128888Z","level":"INFO","msg":"request","role":"payment","method":"GET","path":"/payments","status":200,"duration_ms":1}
[pod/payment-697b474c4b-5tsqq/payment] {"time":"2026-10-05T07:37:54.293061705Z","level":"INFO","msg":"request","role":"payment","method":"GET","path":"/payments","status":200,"duration_ms":1}
[pod/payment-697b474c4b-5tsqq/payment] {"time":"2026-10-05T07:37:54.546809521Z","level":"INFO","msg":"request","role":"payment","method":"GET","path":"/payments","status":200,"duration_ms":1}
[pod/payment-697b474c4b-5tsqq/payment] {"time":"2026-10-05T07:37:55.05641595Z","level":"INFO","msg":"request","role":"payment","method":"GET","path":"/payments","status":200,"duration_ms":1}
[pod/payment-697b474c4b-5tsqq/payment] {"time":"2026-10-05T07:37:55.310173006Z","level":"INFO","msg":"request","role":"payment","method":"GET","path":"/payments","status":200,"duration_ms":1}
[pod/payment-697b474c4b-5tsqq/payment] {"time":"2026-10-05T07:37:55.562890919Z","level":"INFO","msg":"request","role":"payment","method":"GET","path":"/payments","status":200,"duration_ms":0}
[pod/payment-697b474c4b-5tsqq/payment] {"time":"2026-10-05T07:37:55.818025956Z","level":"INFO","msg":"request","role":"payment","method":"GET","path":"/payments","status":200,"duration_ms":1}
[pod/payment-697b474c4b-5tsqq/payment] {"time":"2026-10-05T07:37:56.325728742Z","level":"INFO","msg":"request","role":"payment","method":"GET","path":"/payments","status":200,"duration_ms":1}
[pod/payment-697b474c4b-5tsqq/payment] {"time":"2026-10-05T07:37:56.581289537Z","level":"INFO","msg":"request","role":"payment","method":"GET","path":"/payments","status":200,"duration_ms":1}
[pod/payment-697b474c4b-5tsqq/payment] {"time":"2026-10-05T07:37:56.837242571Z","level":"INFO","msg":"request","role":"payment","method":"GET","path":"/payments","status":200,"duration_ms":2}
[pod/payment-697b474c4b-5tsqq/payment] {"time":"2026-10-05T07:37:57.347272377Z","level":"INFO","msg":"request","role":"payment","method":"GET","path":"/payments","status":200,"duration_ms":1}
[pod/payment-697b474c4b-5tsqq/payment] {"time":"2026-10-05T07:37:57.85865252Z","level":"INFO","msg":"request","role":"payment","method":"GET","path":"/payments","status":200,"duration_ms":2}
[pod/payment-697b474c4b-5tsqq/payment] {"time":"2026-10-05T07:37:59.131551662Z","level":"INFO","msg":"request","role":"payment","method":"GET","path":"/payments","status":200,"duration_ms":1}
[pod/payment-697b474c4b-5tsqq/payment] {"time":"2026-10-05T07:37:59.387021748Z","level":"INFO","msg":"request","role":"payment","method":"GET","path":"/payments","status":200,"duration_ms":1}
[pod/payment-697b474c4b-5tsqq/payment] {"time":"2026-10-05T07:37:59.641898848Z","level":"INFO","msg":"request","role":"payment","method":"GET","path":"/payments","status":200,"duration_ms":1}
[pod/payment-697b474c4b-5tsqq/payment] {"time":"2026-10-05T07:37:59.895891747Z","level":"INFO","msg":"request","role":"payment","method":"GET","path":"/payments","status":200,"duration_ms":1}
[pod/payment-697b474c4b-5tsqq/payment] {"time":"2026-10-05T07:38:00.149756816Z","level":"INFO","msg":"request","role":"payment","method":"GET","path":"/payments","status":200,"duration_ms":1}
[pod/payment-697b474c4b-5tsqq/payment] {"time":"2026-10-05T07:38:00.404731151Z","level":"INFO","msg":"request","role":"payment","method":"GET","path":"/payments","status":200,"duration_ms":1}
[pod/payment-697b474c4b-5tsqq/payment] {"time":"2026-10-05T07:38:00.657937047Z","level":"INFO","msg":"request","role":"payment","method":"GET","path":"/payments","status":200,"duration_ms":0}
[pod/payment-697b474c4b-5tsqq/payment] {"time":"2026-10-05T07:38:00.913167878Z","level":"INFO","msg":"request","role":"payment","method":"GET","path":"/payments","status":200,"duration_ms":1}
[pod/payment-697b474c4b-5tsqq/payment] {"time":"2026-10-05T07:38:01.168687979Z","level":"INFO","msg":"request","role":"payment","method":"GET","path":"/payments","status":200,"duration_ms":1}
[pod/payment-697b474c4b-5tsqq/payment] {"time":"2026-10-05T07:38:01.934230264Z","level":"INFO","msg":"request","role":"payment","method":"GET","path":"/payments","status":200,"duration_ms":0}
[pod/payment-697b474c4b-5tsqq/payment] {"time":"2026-10-05T07:38:02.189891321Z","level":"INFO","msg":"request","role":"payment","method":"GET","path":"/payments","status":200,"duration_ms":1}
[pod/payment-697b474c4b-5tsqq/payment] {"time":"2026-10-05T07:38:03.206974981Z","level":"INFO","msg":"request","role":"payment","method":"GET","path":"/payments","status":200,"duration_ms":1}
[pod/payment-697b474c4b-5tsqq/payment] {"time":"2026-10-05T07:38:03.462424118Z","level":"INFO","msg":"request","role":"payment","method":"GET","path":"/payments","status":200,"duration_ms":1}
[pod/payment-697b474c4b-5tsqq/payment] {"time":"2026-10-05T07:38:03.717780226Z","level":"INFO","msg":"request","role":"payment","method":"GET","path":"/payments","status":200,"duration_ms":1}
[pod/payment-697b474c4b-5tsqq/payment] {"time":"2026-10-05T07:38:04.990342172Z","level":"INFO","msg":"request","role":"payment","method":"GET","path":"/payments","status":200,"duration_ms":1}
[pod/payment-697b474c4b-5tsqq/payment] {"time":"2026-10-05T07:38:06.008188326Z","level":"INFO","msg":"request","role":"payment","method":"GET","path":"/payments","status":200,"duration_ms":2}
[pod/payment-697b474c4b-5tsqq/payment] {"time":"2026-10-05T07:38:06.772855016Z","level":"INFO","msg":"request","role":"payment","method":"GET","path":"/payments","status":200,"duration_ms":1}
[pod/payment-697b474c4b-5tsqq/payment] {"time":"2026-10-05T07:38:07.281729608Z","level":"INFO","msg":"request","role":"payment","method":"GET","path":"/payments","status":200,"duration_ms":1}
[pod/payment-697b474c4b-5tsqq/payment] {"time":"2026-10-05T07:38:07.534906997Z","level":"INFO","msg":"request","role":"payment","method":"GET","path":"/payments","status":200,"duration_ms":0}
[pod/payment-697b474c4b-5tsqq/payment] {"time":"2026-10-05T07:38:07.787965692Z","level":"INFO","msg":"request","role":"payment","method":"GET","path":"/payments","status":200,"duration_ms":1}
[pod/payment-697b474c4b-5tsqq/payment] {"time":"2026-10-05T07:38:08.043536859Z","level":"INFO","msg":"request","role":"payment","method":"GET","path":"/payments","status":200,"duration_ms":2}
[pod/payment-697b474c4b-5tsqq/payment] {"time":"2026-10-05T07:38:08.806665248Z","level":"INFO","msg":"request","role":"payment","method":"GET","path":"/payments","status":200,"duration_ms":1}
[pod/payment-697b474c4b-5tsqq/payment] {"time":"2026-10-05T07:38:09.314083455Z","level":"INFO","msg":"request","role":"payment","method":"GET","path":"/payments","status":200,"duration_ms":1}
[pod/payment-697b474c4b-5tsqq/payment] {"time":"2026-10-05T07:38:10.074581198Z","level":"INFO","msg":"request","role":"payment","method":"GET","path":"/payments","status":200,"duration_ms":0}
[pod/payment-697b474c4b-5tsqq/payment] {"time":"2026-10-05T07:38:10.329252619Z","level":"INFO","msg":"request","role":"payment","method":"GET","path":"/payments","status":200,"duration_ms":1}
[pod/payment-697b474c4b-5tsqq/payment] {"time":"2026-10-05T07:38:11.094889353Z","level":"INFO","msg":"request","role":"payment","method":"GET","path":"/payments","status":200,"duration_ms":1}
[pod/payment-697b474c4b-5tsqq/payment] {"time":"2026-10-05T07:38:11.349119593Z","level":"INFO","msg":"request","role":"payment","method":"GET","path":"/payments","status":200,"duration_ms":1}
[pod/payment-697b474c4b-5tsqq/payment] {"time":"2026-10-05T07:38:11.857767761Z","level":"INFO","msg":"request","role":"payment","method":"GET","path":"/payments","status":200,"duration_ms":1}
[pod/payment-697b474c4b-5tsqq/payment] {"time":"2026-10-05T07:38:12.11273956Z","level":"INFO","msg":"request","role":"payment","method":"GET","path":"/payments","status":200,"duration_ms":1}
[pod/payment-697b474c4b-5tsqq/payment] {"time":"2026-10-05T07:38:12.366324062Z","level":"INFO","msg":"request","role":"payment","method":"GET","path":"/payments","status":200,"duration_ms":0}
[pod/payment-697b474c4b-5tsqq/payment] {"time":"2026-10-05T07:38:12.619479718Z","level":"INFO","msg":"request","role":"payment","method":"GET","path":"/payments","status":200,"duration_ms":1}
[pod/payment-697b474c4b-5tsqq/payment] {"time":"2026-10-05T07:38:13.63743642Z","level":"INFO","msg":"request","role":"payment","method":"GET","path":"/payments","status":200,"duration_ms":1}
[pod/payment-697b474c4b-5tsqq/payment] {"time":"2026-10-05T07:38:13.893226078Z","level":"INFO","msg":"request","role":"payment","method":"GET","path":"/payments","status":200,"duration_ms":1}
[pod/payment-697b474c4b-5tsqq/payment] {"time":"2026-10-05T07:38:14.402917588Z","level":"INFO","msg":"request","role":"payment","method":"GET","path":"/payments","status":200,"duration_ms":1}
[pod/payment-697b474c4b-5tsqq/payment] {"time":"2026-10-05T07:38:14.657721148Z","level":"INFO","msg":"request","role":"payment","method":"GET","path":"/payments","status":200,"duration_ms":1}
[pod/payment-697b474c4b-5tsqq/payment] {"time":"2026-10-05T07:38:14.913268507Z","level":"INFO","msg":"request","role":"payment","method":"GET","path":"/payments","status":200,"duration_ms":1}
[pod/payment-697b474c4b-5tsqq/payment] {"time":"2026-10-05T07:38:15.838556472Z","level":"INFO","msg":"request","role":"payment","method":"GET","path":"/payments","status":200,"duration_ms":0}
[pod/payment-697b474c4b-5tsqq/payment] {"time":"2026-10-05T07:38:58.396612202Z","level":"INFO","msg":"request","role":"payment","method":"POST","path":"/payments","status":201,"duration_ms":5}
[pod/payment-697b474c4b-5tsqq/payment] {"time":"2026-10-05T07:38:58.406462359Z","level":"INFO","msg":"request","role":"payment","method":"GET","path":"/payments","status":200,"duration_ms":1}
[pod/payment-697b474c4b-5tsqq/payment] {"time":"2026-10-05T07:38:58.407822638Z","level":"INFO","msg":"request","role":"payment","method":"GET","path":"/payments","status":200,"duration_ms":0}
[pod/payment-697b474c4b-5tsqq/payment] {"time":"2026-10-05T07:38:58.409235678Z","level":"INFO","msg":"request","role":"payment","method":"GET","path":"/payments","status":200,"duration_ms":0}
[pod/payment-697b474c4b-5tsqq/payment] {"time":"2026-10-05T07:38:58.41062455Z","level":"INFO","msg":"request","role":"payment","method":"GET","path":"/payments","status":200,"duration_ms":0}
[pod/payment-697b474c4b-5tsqq/payment] {"time":"2026-10-05T07:38:58.412152084Z","level":"INFO","msg":"request","role":"payment","method":"GET","path":"/payments","status":200,"duration_ms":0}
[pod/payment-697b474c4b-5tsqq/payment] {"time":"2026-10-05T07:38:58.4136715Z","level":"INFO","msg":"request","role":"payment","method":"GET","path":"/payments","status":200,"duration_ms":0}
[pod/payment-697b474c4b-5tsqq/payment] {"time":"2026-10-05T07:38:58.41502649Z","level":"INFO","msg":"request","role":"payment","method":"GET","path":"/payments","status":200,"duration_ms":0}
[pod/payment-697b474c4b-5tsqq/payment] {"time":"2026-10-05T07:38:58.416156771Z","level":"INFO","msg":"request","role":"payment","method":"GET","path":"/payments","status":200,"duration_ms":0}
[pod/payment-697b474c4b-5tsqq/payment] {"time":"2026-10-05T07:38:58.41722495Z","level":"INFO","msg":"request","role":"payment","method":"GET","path":"/payments","status":200,"duration_ms":0}
[pod/payment-697b474c4b-5tsqq/payment] {"time":"2026-10-05T07:38:58.417923646Z","level":"INFO","msg":"request","role":"payment","method":"GET","path":"/payments","status":200,"duration_ms":0}
[pod/payment-697b474c4b-5tsqq/payment] {"time":"2026-10-05T07:38:58.418829229Z","level":"INFO","msg":"request","role":"payment","method":"GET","path":"/payments","status":200,"duration_ms":0}
[pod/payment-697b474c4b-5tsqq/payment] {"time":"2026-10-05T07:38:58.419732015Z","level":"INFO","msg":"request","role":"payment","method":"GET","path":"/payments","status":200,"duration_ms":0}
[pod/payment-697b474c4b-5tsqq/payment] {"time":"2026-10-05T07:38:58.420848936Z","level":"INFO","msg":"request","role":"payment","method":"GET","path":"/payments","status":200,"duration_ms":0}
[pod/payment-697b474c4b-5tsqq/payment] {"time":"2026-10-05T07:38:58.675385773Z","level":"INFO","msg":"request","role":"payment","method":"GET","path":"/payments","status":200,"duration_ms":1}
[pod/payment-697b474c4b-5tsqq/payment] {"time":"2026-10-05T07:38:58.930515495Z","level":"INFO","msg":"request","role":"payment","method":"GET","path":"/payments","status":200,"duration_ms":1}
[pod/payment-697b474c4b-5tsqq/payment] {"time":"2026-10-05T07:38:59.186382854Z","level":"INFO","msg":"request","role":"payment","method":"GET","path":"/payments","status":200,"duration_ms":1}
[pod/payment-697b474c4b-5tsqq/payment] {"time":"2026-10-05T07:38:59.440138872Z","level":"INFO","msg":"request","role":"payment","method":"GET","path":"/payments","status":200,"duration_ms":0}
[pod/payment-697b474c4b-5tsqq/payment] {"time":"2026-10-05T07:38:59.69402552Z","level":"INFO","msg":"request","role":"payment","method":"GET","path":"/payments","status":200,"duration_ms":1}
[pod/payment-697b474c4b-5tsqq/payment] {"time":"2026-10-05T07:38:59.949697871Z","level":"INFO","msg":"request","role":"payment","method":"GET","path":"/payments","status":200,"duration_ms":1}
[pod/payment-697b474c4b-5tsqq/payment] {"time":"2026-10-05T07:39:00.203283621Z","level":"INFO","msg":"request","role":"payment","method":"GET","path":"/payments","status":200,"duration_ms":0}
[pod/payment-697b474c4b-5tsqq/payment] {"time":"2026-10-05T07:39:00.455497813Z","level":"INFO","msg":"request","role":"payment","method":"GET","path":"/payments","status":200,"duration_ms":0}
[pod/payment-697b474c4b-5tsqq/payment] {"time":"2026-10-05T07:39:00.707739856Z","level":"INFO","msg":"request","role":"payment","method":"GET","path":"/payments","status":200,"duration_ms":0}
[pod/payment-697b474c4b-5tsqq/payment] {"time":"2026-10-05T07:39:00.961663484Z","level":"INFO","msg":"request","role":"payment","method":"GET","path":"/payments","status":200,"duration_ms":1}
[pod/payment-697b474c4b-5tsqq/payment] {"time":"2026-10-05T07:39:01.216436633Z","level":"INFO","msg":"request","role":"payment","method":"GET","path":"/payments","status":200,"duration_ms":1}
[pod/payment-697b474c4b-5tsqq/payment] {"time":"2026-10-05T07:39:01.472838295Z","level":"INFO","msg":"request","role":"payment","method":"GET","path":"/payments","status":200,"duration_ms":1}
[pod/payment-697b474c4b-5tsqq/payment] {"time":"2026-10-05T07:39:01.509305729Z","level":"INFO","msg":"request","role":"payment","method":"POST","path":"/payments","status":503,"duration_ms":3}
[pod/payment-697b474c4b-5tsqq/payment] {"time":"2026-10-05T07:39:01.572852956Z","level":"INFO","msg":"request","role":"payment","method":"POST","path":"/payments","status":503,"duration_ms":4}
[pod/payment-697b474c4b-5tsqq/payment] {"time":"2026-10-05T07:39:01.703347407Z","level":"INFO","msg":"request","role":"payment","method":"POST","path":"/payments","status":503,"duration_ms":3}
[pod/payment-697b474c4b-5tsqq/payment] {"time":"2026-10-05T07:39:01.979540714Z","level":"INFO","msg":"request","role":"payment","method":"GET","path":"/payments","status":200,"duration_ms":1}
[pod/payment-697b474c4b-5tsqq/payment] {"time":"2026-10-05T07:39:02.234425469Z","level":"INFO","msg":"request","role":"payment","method":"GET","path":"/payments","status":200,"duration_ms":1}
[pod/payment-697b474c4b-5tsqq/payment] {"time":"2026-10-05T07:39:04.00541402Z","level":"INFO","msg":"request","role":"payment","method":"GET","path":"/payments","status":200,"duration_ms":1}
[pod/payment-697b474c4b-5tsqq/payment] {"time":"2026-10-05T07:39:04.260413856Z","level":"INFO","msg":"request","role":"payment","method":"GET","path":"/payments","status":200,"duration_ms":1}
[pod/payment-697b474c4b-5tsqq/payment] {"time":"2026-10-05T07:39:04.512762663Z","level":"INFO","msg":"request","role":"payment","method":"GET","path":"/payments","status":200,"duration_ms":0}
[pod/payment-697b474c4b-5tsqq/payment] {"time":"2026-10-05T07:39:04.76597638Z","level":"INFO","msg":"request","role":"payment","method":"GET","path":"/payments","status":200,"duration_ms":1}
[pod/payment-697b474c4b-5tsqq/payment] {"time":"2026-10-05T07:39:05.02174943Z","level":"INFO","msg":"request","role":"payment","method":"GET","path":"/payments","status":200,"duration_ms":2}
[pod/payment-697b474c4b-5tsqq/payment] {"time":"2026-10-05T07:39:05.276980724Z","level":"INFO","msg":"request","role":"payment","method":"GET","path":"/payments","status":200,"duration_ms":1}
[pod/payment-697b474c4b-5tsqq/payment] {"time":"2026-10-05T07:39:05.529972626Z","level":"INFO","msg":"request","role":"payment","method":"GET","path":"/payments","status":200,"duration_ms":0}
[pod/payment-697b474c4b-5tsqq/payment] {"time":"2026-10-05T07:39:05.720909183Z","level":"INFO","msg":"request","role":"payment","method":"POST","path":"/payments","status":201,"duration_ms":8}
[pod/payment-697b474c4b-5tsqq/payment] {"time":"2026-10-05T07:39:05.783216774Z","level":"INFO","msg":"request","role":"payment","method":"GET","path":"/payments","status":200,"duration_ms":0}
[pod/payment-697b474c4b-5tsqq/payment] {"time":"2026-10-05T07:39:06.037802613Z","level":"INFO","msg":"request","role":"payment","method":"GET","path":"/payments","status":200,"duration_ms":1}
[pod/payment-697b474c4b-5tsqq/payment] {"time":"2026-10-05T07:39:06.292625771Z","level":"INFO","msg":"request","role":"payment","method":"GET","path":"/payments","status":200,"duration_ms":1}
[pod/payment-697b474c4b-5tsqq/payment] {"time":"2026-10-05T07:39:06.545806754Z","level":"INFO","msg":"request","role":"payment","method":"GET","path":"/payments","status":200,"duration_ms":0}
[pod/payment-697b474c4b-5tsqq/payment] {"time":"2026-10-05T07:39:06.801242396Z","level":"INFO","msg":"request","role":"payment","method":"GET","path":"/payments","status":200,"duration_ms":1}
[pod/payment-697b474c4b-5tsqq/payment] {"time":"2026-10-05T07:39:07.055827006Z","level":"INFO","msg":"request","role":"payment","method":"GET","path":"/payments","status":200,"duration_ms":1}
[pod/payment-697b474c4b-5tsqq/payment] {"time":"2026-10-05T07:39:07.309489401Z","level":"INFO","msg":"request","role":"payment","method":"GET","path":"/payments","status":200,"duration_ms":1}
[pod/payment-697b474c4b-5tsqq/payment] {"time":"2026-10-05T07:39:07.563765685Z","level":"INFO","msg":"request","role":"payment","method":"GET","path":"/payments","status":200,"duration_ms":1}
[pod/payment-697b474c4b-5tsqq/payment] {"time":"2026-10-05T07:39:07.818857044Z","level":"INFO","msg":"request","role":"payment","method":"GET","path":"/payments","status":200,"duration_ms":1}
[pod/payment-697b474c4b-5tsqq/payment] {"time":"2026-10-05T07:39:08.072385789Z","level":"INFO","msg":"request","role":"payment","method":"GET","path":"/payments","status":200,"duration_ms":0}
[pod/payment-697b474c4b-5tsqq/payment] {"time":"2026-10-05T07:39:08.328363275Z","level":"INFO","msg":"request","role":"payment","method":"GET","path":"/payments","status":200,"duration_ms":2}
[pod/payment-697b474c4b-5tsqq/payment] {"time":"2026-10-05T07:39:08.581452503Z","level":"INFO","msg":"request","role":"payment","method":"GET","path":"/payments","status":200,"duration_ms":0}
[pod/payment-697b474c4b-5tsqq/payment] {"time":"2026-10-05T07:39:08.836377178Z","level":"INFO","msg":"request","role":"payment","method":"GET","path":"/payments","status":200,"duration_ms":1}
[pod/payment-697b474c4b-5tsqq/payment] {"time":"2026-10-05T07:39:09.092078701Z","level":"INFO","msg":"request","role":"payment","method":"GET","path":"/payments","status":200,"duration_ms":1}
[pod/payment-697b474c4b-5tsqq/payment] {"time":"2026-10-05T07:39:09.347471423Z","level":"INFO","msg":"request","role":"payment","method":"GET","path":"/payments","status":200,"duration_ms":1}
[pod/payment-697b474c4b-5tsqq/payment] {"time":"2026-10-05T07:39:09.602666229Z","level":"INFO","msg":"request","role":"payment","method":"GET","path":"/payments","status":200,"duration_ms":1}
[pod/payment-697b474c4b-5tsqq/payment] {"time":"2026-10-05T07:39:09.858013846Z","level":"INFO","msg":"request","role":"payment","method":"GET","path":"/payments","status":200,"duration_ms":1}
[pod/payment-697b474c4b-5tsqq/payment] {"time":"2026-10-05T07:39:10.113533638Z","level":"INFO","msg":"request","role":"payment","method":"GET","path":"/payments","status":200,"duration_ms":1}
[pod/payment-697b474c4b-5tsqq/payment] {"time":"2026-10-05T07:39:10.366276849Z","level":"INFO","msg":"request","role":"payment","method":"GET","path":"/payments","status":200,"duration_ms":0}
[pod/payment-697b474c4b-5tsqq/payment] {"time":"2026-10-05T07:39:10.618491056Z","level":"INFO","msg":"request","role":"payment","method":"GET","path":"/payments","status":200,"duration_ms":0}
[pod/payment-697b474c4b-5tsqq/payment] {"time":"2026-10-05T07:39:10.872152171Z","level":"INFO","msg":"request","role":"payment","method":"GET","path":"/payments","status":200,"duration_ms":1}
[pod/payment-697b474c4b-5tsqq/payment] {"time":"2026-10-05T07:39:11.12532673Z","level":"INFO","msg":"request","role":"payment","method":"GET","path":"/payments","status":200,"duration_ms":0}
[pod/payment-697b474c4b-5tsqq/payment] {"time":"2026-10-05T07:39:11.37932946Z","level":"INFO","msg":"request","role":"payment","method":"GET","path":"/payments","status":200,"duration_ms":1}
[pod/payment-697b474c4b-5tsqq/payment] {"time":"2026-10-05T07:39:11.633077795Z","level":"INFO","msg":"request","role":"payment","method":"GET","path":"/payments","status":200,"duration_ms":1}
[pod/payment-697b474c4b-5tsqq/payment] {"time":"2026-10-05T07:39:11.887587198Z","level":"INFO","msg":"request","role":"payment","method":"GET","path":"/payments","status":200,"duration_ms":1}
[pod/payment-697b474c4b-5tsqq/payment] {"time":"2026-10-05T07:39:12.14159851Z","level":"INFO","msg":"request","role":"payment","method":"GET","path":"/payments","status":200,"duration_ms":1}
[pod/payment-697b474c4b-5tsqq/payment] {"time":"2026-10-05T07:39:12.397488683Z","level":"INFO","msg":"request","role":"payment","method":"GET","path":"/payments","status":200,"duration_ms":1}
[pod/payment-697b474c4b-5tsqq/payment] {"time":"2026-10-05T07:39:12.6502707Z","level":"INFO","msg":"request","role":"payment","method":"GET","path":"/payments","status":200,"duration_ms":0}
[pod/payment-697b474c4b-5tsqq/payment] {"time":"2026-10-05T07:39:12.903085003Z","level":"INFO","msg":"request","role":"payment","method":"GET","path":"/payments","status":200,"duration_ms":0}
[pod/payment-697b474c4b-5tsqq/payment] {"time":"2026-10-05T07:39:13.15743312Z","level":"INFO","msg":"request","role":"payment","method":"GET","path":"/payments","status":200,"duration_ms":1}
[pod/payment-697b474c4b-5tsqq/payment] {"time":"2026-10-05T07:39:13.412616936Z","level":"INFO","msg":"request","role":"payment","method":"GET","path":"/payments","status":200,"duration_ms":1}
[pod/payment-697b474c4b-5tsqq/payment] {"time":"2026-10-05T07:39:13.667524952Z","level":"INFO","msg":"request","role":"payment","method":"GET","path":"/payments","status":200,"duration_ms":1}
[pod/payment-697b474c4b-5tsqq/payment] {"time":"2026-10-05T07:39:13.923060197Z","level":"INFO","msg":"request","role":"payment","method":"GET","path":"/payments","status":200,"duration_ms":1}
[pod/payment-697b474c4b-5tsqq/payment] {"time":"2026-10-05T07:39:14.17748266Z","level":"INFO","msg":"request","role":"payment","method":"GET","path":"/payments","status":200,"duration_ms":1}
[pod/payment-697b474c4b-5tsqq/payment] {"time":"2026-10-05T07:39:14.43317189Z","level":"INFO","msg":"request","role":"payment","method":"GET","path":"/payments","status":200,"duration_ms":2}
[pod/payment-697b474c4b-5tsqq/payment] {"time":"2026-10-05T07:39:14.686365905Z","level":"INFO","msg":"request","role":"payment","method":"GET","path":"/payments","status":200,"duration_ms":0}
[pod/payment-697b474c4b-5tsqq/payment] {"time":"2026-10-05T07:39:14.941440313Z","level":"INFO","msg":"request","role":"payment","method":"GET","path":"/payments","status":200,"duration_ms":1}
[pod/payment-697b474c4b-5tsqq/payment] {"time":"2026-10-05T07:39:15.195554062Z","level":"INFO","msg":"request","role":"payment","method":"GET","path":"/payments","status":200,"duration_ms":1}
[pod/payment-697b474c4b-5tsqq/payment] {"time":"2026-10-05T07:39:15.45070129Z","level":"INFO","msg":"request","role":"payment","method":"GET","path":"/payments","status":200,"duration_ms":1}
[pod/payment-697b474c4b-5tsqq/payment] {"time":"2026-10-05T07:39:15.705905747Z","level":"INFO","msg":"request","role":"payment","method":"GET","path":"/payments","status":200,"duration_ms":1}
[pod/payment-697b474c4b-5tsqq/payment] {"time":"2026-10-05T07:39:15.958470301Z","level":"INFO","msg":"request","role":"payment","method":"GET","path":"/payments","status":200,"duration_ms":0}
[pod/payment-697b474c4b-5tsqq/payment] {"time":"2026-10-05T07:39:16.211939021Z","level":"INFO","msg":"request","role":"payment","method":"GET","path":"/payments","status":200,"duration_ms":0}
[pod/payment-697b474c4b-5tsqq/payment] {"time":"2026-10-05T07:39:16.468189213Z","level":"INFO","msg":"request","role":"payment","method":"GET","path":"/payments","status":200,"duration_ms":2}
[pod/payment-697b474c4b-5tsqq/payment] {"time":"2026-10-05T07:39:16.722027626Z","level":"INFO","msg":"request","role":"payment","method":"GET","path":"/payments","status":200,"duration_ms":1}
[pod/payment-697b474c4b-5tsqq/payment] {"time":"2026-10-05T07:39:16.975853842Z","level":"INFO","msg":"request","role":"payment","method":"GET","path":"/payments","status":200,"duration_ms":1}
[pod/payment-697b474c4b-5tsqq/payment] {"time":"2026-10-05T07:39:17.227978837Z","level":"INFO","msg":"request","role":"payment","method":"GET","path":"/payments","status":200,"duration_ms":0}
[pod/payment-697b474c4b-5tsqq/payment] {"time":"2026-10-05T07:39:17.483679672Z","level":"INFO","msg":"request","role":"payment","method":"GET","path":"/payments","status":200,"duration_ms":2}
[pod/payment-697b474c4b-5tsqq/payment] {"time":"2026-10-05T07:39:17.740265969Z","level":"INFO","msg":"request","role":"payment","method":"GET","path":"/payments","status":200,"duration_ms":2}
[pod/payment-697b474c4b-5tsqq/payment] {"time":"2026-10-05T07:39:17.994054802Z","level":"INFO","msg":"request","role":"payment","method":"GET","path":"/payments","status":200,"duration_ms":0}
[pod/payment-697b474c4b-5tsqq/payment] {"time":"2026-10-05T07:39:18.247454093Z","level":"INFO","msg":"request","role":"payment","method":"GET","path":"/payments","status":200,"duration_ms":0}
[pod/payment-697b474c4b-5tsqq/payment] {"time":"2026-10-05T07:39:18.502195945Z","level":"INFO","msg":"request","role":"payment","method":"GET","path":"/payments","status":200,"duration_ms":1}
[pod/payment-697b474c4b-5tsqq/payment] {"time":"2026-10-05T07:39:18.756592331Z","level":"INFO","msg":"request","role":"payment","method":"GET","path":"/payments","status":200,"duration_ms":1}
[pod/payment-697b474c4b-5tsqq/payment] {"time":"2026-10-05T07:39:19.011853723Z","level":"INFO","msg":"request","role":"payment","method":"GET","path":"/payments","status":200,"duration_ms":1}
[pod/payment-697b474c4b-5tsqq/payment] {"time":"2026-10-05T07:39:19.268078209Z","level":"INFO","msg":"request","role":"payment","method":"GET","path":"/payments","status":200,"duration_ms":2}
[pod/payment-697b474c4b-5tsqq/payment] {"time":"2026-10-05T07:39:19.523609736Z","level":"INFO","msg":"request","role":"payment","method":"GET","path":"/payments","status":200,"duration_ms":1}
[pod/payment-697b474c4b-5tsqq/payment] {"time":"2026-10-05T07:39:19.778074329Z","level":"INFO","msg":"request","role":"payment","method":"GET","path":"/payments","status":200,"duration_ms":1}
[pod/payment-697b474c4b-5tsqq/payment] {"time":"2026-10-05T07:39:20.032699523Z","level":"INFO","msg":"request","role":"payment","method":"GET","path":"/payments","status":200,"duration_ms":1}
[pod/payment-697b474c4b-5tsqq/payment] {"time":"2026-10-05T07:39:20.288068908Z","level":"INFO","msg":"request","role":"payment","method":"GET","path":"/payments","status":200,"duration_ms":1}
[pod/payment-697b474c4b-5tsqq/payment] {"time":"2026-10-05T07:39:20.543489788Z","level":"INFO","msg":"request","role":"payment","method":"GET","path":"/payments","status":200,"duration_ms":1}
[pod/payment-697b474c4b-5tsqq/payment] {"time":"2026-10-05T07:39:20.798180595Z","level":"INFO","msg":"request","role":"payment","method":"GET","path":"/payments","status":200,"duration_ms":1}
[pod/payment-697b474c4b-5tsqq/payment] {"time":"2026-10-05T07:39:21.052026333Z","level":"INFO","msg":"request","role":"payment","method":"GET","path":"/payments","status":200,"duration_ms":1}
[pod/payment-697b474c4b-5tsqq/payment] {"time":"2026-10-05T07:39:21.305887046Z","level":"INFO","msg":"request","role":"payment","method":"GET","path":"/payments","status":200,"duration_ms":1}
[pod/payment-697b474c4b-5tsqq/payment] {"time":"2026-10-05T07:39:21.560377973Z","level":"INFO","msg":"request","role":"payment","method":"GET","path":"/payments","status":200,"duration_ms":1}
[pod/payment-697b474c4b-5tsqq/payment] {"time":"2026-10-05T07:39:21.815445217Z","level":"INFO","msg":"request","role":"payment","method":"GET","path":"/payments","status":200,"duration_ms":1}
[pod/payment-697b474c4b-5tsqq/payment] {"time":"2026-10-05T07:39:22.068910815Z","level":"INFO","msg":"request","role":"payment","method":"GET","path":"/payments","status":200,"duration_ms":0}
[pod/payment-697b474c4b-5tsqq/payment] {"time":"2026-10-05T07:39:22.322800651Z","level":"INFO","msg":"request","role":"payment","method":"GET","path":"/payments","status":200,"duration_ms":1}
[pod/payment-697b474c4b-5tsqq/payment] {"time":"2026-10-05T07:39:22.576143907Z","level":"INFO","msg":"request","role":"payment","method":"GET","path":"/payments","status":200,"duration_ms":0}
[pod/payment-697b474c4b-5tsqq/payment] {"time":"2026-10-05T07:39:22.831817234Z","level":"INFO","msg":"request","role":"payment","method":"GET","path":"/payments","status":200,"duration_ms":2}
[pod/payment-697b474c4b-5tsqq/payment] {"time":"2026-10-05T07:39:23.086701324Z","level":"INFO","msg":"request","role":"payment","method":"GET","path":"/payments","status":200,"duration_ms":1}
[pod/payment-697b474c4b-5tsqq/payment] {"time":"2026-10-05T07:39:23.342210886Z","level":"INFO","msg":"request","role":"payment","method":"GET","path":"/payments","status":200,"duration_ms":1}
[pod/payment-697b474c4b-5tsqq/payment] {"time":"2026-10-05T07:39:23.59708173Z","level":"INFO","msg":"request","role":"payment","method":"GET","path":"/payments","status":200,"duration_ms":1}
[pod/payment-697b474c4b-5tsqq/payment] {"time":"2026-10-05T07:39:23.852231604Z","level":"INFO","msg":"request","role":"payment","method":"GET","path":"/payments","status":200,"duration_ms":1}
[pod/payment-697b474c4b-5tsqq/payment] {"time":"2026-10-05T07:39:24.107640339Z","level":"INFO","msg":"request","role":"payment","method":"GET","path":"/payments","status":200,"duration_ms":1}
[pod/payment-697b474c4b-5tsqq/payment] {"time":"2026-10-05T07:39:24.360657056Z","level":"INFO","msg":"request","role":"payment","method":"GET","path":"/payments","status":200,"duration_ms":0}
[pod/payment-697b474c4b-5tsqq/payment] {"time":"2026-10-05T07:39:24.615222656Z","level":"INFO","msg":"request","role":"payment","method":"GET","path":"/payments","status":200,"duration_ms":1}
[pod/payment-697b474c4b-5tsqq/payment] {"time":"2026-10-05T07:39:24.869771272Z","level":"INFO","msg":"request","role":"payment","method":"GET","path":"/payments","status":200,"duration_ms":1}
[pod/payment-697b474c4b-5tsqq/payment] {"time":"2026-10-05T07:39:25.122668819Z","level":"INFO","msg":"request","role":"payment","method":"GET","path":"/payments","status":200,"duration_ms":0}
[pod/payment-697b474c4b-5tsqq/payment] {"time":"2026-10-05T07:39:25.377250748Z","level":"INFO","msg":"request","role":"payment","method":"GET","path":"/payments","status":200,"duration_ms":1}
[pod/payment-697b474c4b-5tsqq/payment] {"time":"2026-10-05T07:39:25.631267597Z","level":"INFO","msg":"request","role":"payment","method":"GET","path":"/payments","status":200,"duration_ms":1}
[pod/payment-697b474c4b-5tsqq/payment] {"time":"2026-10-05T07:39:25.887046087Z","level":"INFO","msg":"request","role":"payment","method":"GET","path":"/payments","status":200,"duration_ms":1}
[pod/payment-697b474c4b-5tsqq/payment] {"time":"2026-10-05T07:39:26.142548296Z","level":"INFO","msg":"request","role":"payment","method":"GET","path":"/payments","status":200,"duration_ms":1}
[pod/payment-697b474c4b-5tsqq/payment] {"time":"2026-10-05T07:39:26.396630189Z","level":"INFO","msg":"request","role":"payment","method":"GET","path":"/payments","status":200,"duration_ms":1}
[pod/payment-697b474c4b-5tsqq/payment] {"time":"2026-10-05T07:39:26.649481363Z","level":"INFO","msg":"request","role":"payment","method":"GET","path":"/payments","status":200,"duration_ms":0}
[pod/payment-697b474c4b-5tsqq/payment] {"time":"2026-10-05T07:39:26.90497221Z","level":"INFO","msg":"request","role":"payment","method":"GET","path":"/payments","status":200,"duration_ms":1}
[pod/payment-697b474c4b-5tsqq/payment] {"time":"2026-10-05T07:39:27.159994229Z","level":"INFO","msg":"request","role":"payment","method":"GET","path":"/payments","status":200,"duration_ms":1}
[pod/payment-697b474c4b-5tsqq/payment] {"time":"2026-10-05T07:39:27.416364285Z","level":"INFO","msg":"request","role":"payment","method":"GET","path":"/payments","status":200,"duration_ms":1}
[pod/payment-697b474c4b-5tsqq/payment] {"time":"2026-10-05T07:39:27.672502642Z","level":"INFO","msg":"request","role":"payment","method":"GET","path":"/payments","status":200,"duration_ms":1}
[pod/payment-697b474c4b-5tsqq/payment] {"time":"2026-10-05T07:39:27.729927492Z","level":"INFO","msg":"request","role":"payment","method":"GET","path":"/payments","status":200,"duration_ms":0}