[pod/records-5fb6cf79cd-46h2z/records] {"time":"2026-10-05T07:37:45.238836721Z","level":"INFO","msg":"service started","role":"records","fault_tolerant":true}
[pod/records-5fb6cf79cd-46h2z/records] {"time":"2026-10-05T07:38:58.402851952Z","level":"INFO","msg":"request","role":"records","method":"POST","path":"/grades","status":200,"duration_ms":4}
[pod/records-5fb6cf79cd-sv4x8/records] {"time":"2026-10-05T07:23:10.00840896Z","level":"INFO","msg":"service started","role":"records","fault_tolerant":true}
[pod/records-5fb6cf79cd-sv4x8/records] {"time":"2026-10-05T07:24:24.777182853Z","level":"INFO","msg":"request","role":"records","method":"POST","path":"/grades","status":200,"duration_ms":6}
[pod/records-5fb6cf79cd-sv4x8/records] {"time":"2026-10-05T07:26:10.679684851Z","level":"INFO","msg":"request","role":"records","method":"POST","path":"/grades","status":200,"duration_ms":4}
[pod/records-5fb6cf79cd-sv4x8/records] {"time":"2026-10-05T07:26:10.694619537Z","level":"INFO","msg":"request","role":"records","method":"GET","path":"/transcript","status":200,"duration_ms":2}
[pod/records-5fb6cf79cd-sv4x8/records] {"time":"2026-10-05T07:26:10.703390883Z","level":"INFO","msg":"request","role":"records","method":"GET","path":"/transcript","status":200,"duration_ms":0}
[pod/records-5fb6cf79cd-sv4x8/records] {"time":"2026-10-05T07:26:10.706847818Z","level":"INFO","msg":"request","role":"records","method":"GET","path":"/transcript","status":200,"duration_ms":0}
[pod/records-5fb6cf79cd-sv4x8/records] {"time":"2026-10-05T07:26:10.708575111Z","level":"INFO","msg":"request","role":"records","method":"GET","path":"/transcript","status":200,"duration_ms":0}
[pod/records-5fb6cf79cd-sv4x8/records] {"time":"2026-10-05T07:26:11.220294655Z","level":"INFO","msg":"request","role":"records","method":"GET","path":"/transcript","status":200,"duration_ms":3}
[pod/records-5fb6cf79cd-sv4x8/records] {"time":"2026-10-05T07:26:11.474286615Z","level":"INFO","msg":"request","role":"records","method":"GET","path":"/transcript","status":200,"duration_ms":1}
[pod/records-5fb6cf79cd-sv4x8/records] {"time":"2026-10-05T07:26:11.987449351Z","level":"INFO","msg":"request","role":"records","method":"GET","path":"/transcript","status":200,"duration_ms":2}
[pod/records-5fb6cf79cd-sv4x8/records] {"time":"2026-10-05T07:26:12.245156725Z","level":"INFO","msg":"request","role":"records","method":"GET","path":"/transcript","status":200,"duration_ms":3}
[pod/records-5fb6cf79cd-sv4x8/records] {"time":"2026-10-05T07:26:13.273658987Z","level":"INFO","msg":"request","role":"records","method":"GET","path":"/transcript","status":200,"duration_ms":3}
[pod/records-5fb6cf79cd-sv4x8/records] {"time":"2026-10-05T07:26:13.528488726Z","level":"INFO","msg":"request","role":"records","method":"GET","path":"/transcript","status":200,"duration_ms":2}
[pod/records-5fb6cf79cd-sv4x8/records] {"time":"2026-10-05T07:26:13.784234271Z","level":"INFO","msg":"request","role":"records","method":"GET","path":"/transcript","status":200,"duration_ms":2}
[pod/records-5fb6cf79cd-sv4x8/records] {"time":"2026-10-05T07:26:16.317132199Z","level":"INFO","msg":"request","role":"records","method":"GET","path":"/transcript","status":504,"duration_ms":698}
[pod/records-5fb6cf79cd-sv4x8/records] {"time":"2026-10-05T07:26:17.52367789Z","level":"INFO","msg":"request","role":"records","method":"GET","path":"/transcript","status":504,"duration_ms":700}
[pod/records-5fb6cf79cd-sv4x8/records] {"time":"2026-10-05T07:26:18.280907246Z","level":"INFO","msg":"request","role":"records","method":"GET","path":"/transcript","status":504,"duration_ms":700}
[pod/records-5fb6cf79cd-sv4x8/records] {"time":"2026-10-05T07:26:24.383761466Z","level":"INFO","msg":"request","role":"records","method":"GET","path":"/transcript","status":504,"duration_ms":699}
[pod/records-5fb6cf79cd-sv4x8/records] {"time":"2026-10-05T07:26:26.473769532Z","level":"INFO","msg":"request","role":"records","method":"GET","path":"/transcript","status":200,"duration_ms":2}
[pod/records-5fb6cf79cd-sv4x8/records] {"time":"2026-10-05T07:26:26.72956133Z","level":"INFO","msg":"request","role":"records","method":"GET","path":"/transcript","status":200,"duration_ms":2}
[pod/records-5fb6cf79cd-sv4x8/records] {"time":"2026-10-05T07:26:26.987389155Z","level":"INFO","msg":"request","role":"records","method":"GET","path":"/transcript","status":200,"duration_ms":3}
[pod/records-5fb6cf79cd-sv4x8/records] {"time":"2026-10-05T07:26:27.244118611Z","level":"INFO","msg":"request","role":"records","method":"GET","path":"/transcript","status":200,"duration_ms":3}
[pod/records-5fb6cf79cd-sv4x8/records] {"time":"2026-10-05T07:26:27.501360888Z","level":"INFO","msg":"request","role":"records","method":"GET","path":"/transcript","status":200,"duration_ms":3}
[pod/records-5fb6cf79cd-sv4x8/records] {"time":"2026-10-05T07:26:27.756055648Z","level":"INFO","msg":"request","role":"records","method":"GET","path":"/transcript","status":200,"duration_ms":1}
[pod/records-5fb6cf79cd-sv4x8/records] {"time":"2026-10-05T07:26:28.013239257Z","level":"INFO","msg":"request","role":"records","method":"GET","path":"/transcript","status":200,"duration_ms":2}
[pod/records-5fb6cf79cd-sv4x8/records] {"time":"2026-10-05T07:26:28.270901321Z","level":"INFO","msg":"request","role":"records","method":"GET","path":"/transcript","status":200,"duration_ms":3}
[pod/records-5fb6cf79cd-sv4x8/records] {"time":"2026-10-05T07:26:28.525029394Z","level":"INFO","msg":"request","role":"records","method":"GET","path":"/transcript","status":200,"duration_ms":1}
[pod/records-5fb6cf79cd-sv4x8/records] {"time":"2026-10-05T07:26:28.782874581Z","level":"INFO","msg":"request","role":"records","method":"GET","path":"/transcript","status":200,"duration_ms":3}
[pod/records-5fb6cf79cd-sv4x8/records] {"time":"2026-10-05T07:26:29.035613376Z","level":"INFO","msg":"request","role":"records","method":"GET","path":"/transcript","status":200,"duration_ms":0}
[pod/records-5fb6cf79cd-sv4x8/records] {"time":"2026-10-05T07:26:29.290714096Z","level":"INFO","msg":"request","role":"records","method":"GET","path":"/transcript","status":200,"duration_ms":2}
[pod/records-5fb6cf79cd-sv4x8/records] {"time":"2026-10-05T07:26:29.543370213Z","level":"INFO","msg":"request","role":"records","method":"GET","path":"/transcript","status":200,"duration_ms":0}
[pod/records-5fb6cf79cd-sv4x8/records] {"time":"2026-10-05T07:26:29.799166909Z","level":"INFO","msg":"request","role":"records","method":"GET","path":"/transcript","status":200,"duration_ms":3}
[pod/records-5fb6cf79cd-sv4x8/records] {"time":"2026-10-05T07:26:30.053222978Z","level":"INFO","msg":"request","role":"records","method":"GET","path":"/transcript","status":200,"duration_ms":1}
[pod/records-5fb6cf79cd-sv4x8/records] {"time":"2026-10-05T07:26:30.308614201Z","level":"INFO","msg":"request","role":"records","method":"GET","path":"/transcript","status":200,"duration_ms":2}
[pod/records-5fb6cf79cd-sv4x8/records] {"time":"2026-10-05T07:26:30.563719432Z","level":"INFO","msg":"request","role":"records","method":"GET","path":"/transcript","status":200,"duration_ms":2}
[pod/records-5fb6cf79cd-sv4x8/records] {"time":"2026-10-05T07:26:30.820859565Z","level":"INFO","msg":"request","role":"records","method":"GET","path":"/transcript","status":200,"duration_ms":3}
[pod/records-5fb6cf79cd-sv4x8/records] {"time":"2026-10-05T07:26:31.076393048Z","level":"INFO","msg":"request","role":"records","method":"GET","path":"/transcript","status":200,"duration_ms":2}
[pod/records-5fb6cf79cd-sv4x8/records] {"time":"2026-10-05T07:26:31.333331809Z","level":"INFO","msg":"request","role":"records","method":"GET","path":"/transcript","status":200,"duration_ms":3}
[pod/records-5fb6cf79cd-sv4x8/records] {"time":"2026-10-05T07:26:31.588711166Z","level":"INFO","msg":"request","role":"records","method":"GET","path":"/transcript","status":200,"duration_ms":2}
[pod/records-5fb6cf79cd-sv4x8/records] {"time":"2026-10-05T07:26:31.845989841Z","level":"INFO","msg":"request","role":"records","method":"GET","path":"/transcript","status":200,"duration_ms":3}
[pod/records-5fb6cf79cd-sv4x8/records] {"time":"2026-10-05T07:26:32.101927992Z","level":"INFO","msg":"request","role":"records","method":"GET","path":"/transcript","status":200,"duration_ms":2}
[pod/records-5fb6cf79cd-sv4x8/records] {"time":"2026-10-05T07:26:32.355585831Z","level":"INFO","msg":"request","role":"records","method":"GET","path":"/transcript","status":200,"duration_ms":1}
[pod/records-5fb6cf79cd-sv4x8/records] {"time":"2026-10-05T07:26:32.612874921Z","level":"INFO","msg":"request","role":"records","method":"GET","path":"/transcript","status":200,"duration_ms":3}
[pod/records-5fb6cf79cd-sv4x8/records] {"time":"2026-10-05T07:26:32.869774122Z","level":"INFO","msg":"request","role":"records","method":"GET","path":"/transcript","status":200,"duration_ms":3}
[pod/records-5fb6cf79cd-sv4x8/records] {"time":"2026-10-05T07:26:33.122780299Z","level":"INFO","msg":"request","role":"records","method":"GET","path":"/transcript","status":200,"duration_ms":0}
[pod/records-5fb6cf79cd-sv4x8/records] {"time":"2026-10-05T07:26:33.377053693Z","level":"INFO","msg":"request","role":"records","method":"GET","path":"/transcript","status":200,"duration_ms":2}
[pod/records-5fb6cf79cd-sv4x8/records] {"time":"2026-10-05T07:26:33.632962548Z","level":"INFO","msg":"request","role":"records","method":"GET","path":"/transcript","status":200,"duration_ms":3}
[pod/records-5fb6cf79cd-sv4x8/records] {"time":"2026-10-05T07:26:33.889266471Z","level":"INFO","msg":"request","role":"records","method":"GET","path":"/transcript","status":200,"duration_ms":3}
[pod/records-5fb6cf79cd-sv4x8/records] {"time":"2026-10-05T07:26:34.142680097Z","level":"INFO","msg":"request","role":"records","method":"GET","path":"/transcript","status":200,"duration_ms":0}
[pod/records-5fb6cf79cd-sv4x8/records] {"time":"2026-10-05T07:26:34.394474263Z","level":"INFO","msg":"request","role":"records","method":"GET","path":"/transcript","status":200,"duration_ms":0}
[pod/records-5fb6cf79cd-sv4x8/records] {"time":"2026-10-05T07:26:34.650053409Z","level":"INFO","msg":"request","role":"records","method":"GET","path":"/transcript","status":200,"duration_ms":3}
[pod/records-5fb6cf79cd-sv4x8/records] {"time":"2026-10-05T07:26:34.907503902Z","level":"INFO","msg":"request","role":"records","method":"GET","path":"/transcript","status":200,"duration_ms":3}
[pod/records-5fb6cf79cd-sv4x8/records] {"time":"2026-10-05T07:26:35.164442941Z","level":"INFO","msg":"request","role":"records","method":"GET","path":"/transcript","status":200,"duration_ms":2}
[pod/records-5fb6cf79cd-sv4x8/records] {"time":"2026-10-05T07:26:35.420611821Z","level":"INFO","msg":"request","role":"records","method":"GET","path":"/transcript","status":200,"duration_ms":3}
[pod/records-5fb6cf79cd-sv4x8/records] {"time":"2026-10-05T07:26:35.678581361Z","level":"INFO","msg":"request","role":"records","method":"GET","path":"/transcript","status":200,"duration_ms":3}